Archive member included to satisfy reference by file (symbol)

/usr/lib/gcc/avr/4.9.2/avr51/libgcc.a(_exit.o)
                              /usr/lib/gcc/avr/4.9.2/../../../avr/lib/avr51/crtat90can128.o (exit)
/usr/lib/gcc/avr/4.9.2/avr51/libgcc.a(_copy_data.o)
                              ./src/debug.o (__do_copy_data)
/usr/lib/gcc/avr/4.9.2/avr51/libgcc.a(_clear_bss.o)
                              ./src/actuator.o (__do_clear_bss)
/usr/lib/gcc/avr/4.9.2/../../../avr/lib/avr51/libm.a(addsf3.o)
                              ./src/usart.o (__subsf3)
/usr/lib/gcc/avr/4.9.2/../../../avr/lib/avr51/libm.a(addsf3x.o)
                              /usr/lib/gcc/avr/4.9.2/../../../avr/lib/avr51/libm.a(addsf3.o) (__addsf3x)
/usr/lib/gcc/avr/4.9.2/../../../avr/lib/avr51/libm.a(cmpsf2.o)
                              ./src/actuator.o (__ltsf2)
/usr/lib/gcc/avr/4.9.2/../../../avr/lib/avr51/libm.a(divsf3.o)
                              ./src/ax.o (__divsf3)
/usr/lib/gcc/avr/4.9.2/../../../avr/lib/avr51/libm.a(divsf3x.o)
                              /usr/lib/gcc/avr/4.9.2/../../../avr/lib/avr51/libm.a(divsf3.o) (__divsf3x)
/usr/lib/gcc/avr/4.9.2/../../../avr/lib/avr51/libm.a(fixunssfsi.o)
                              ./src/actuator.o (__fixunssfsi)
/usr/lib/gcc/avr/4.9.2/../../../avr/lib/avr51/libm.a(floatsisf.o)
                              ./src/ax.o (__floatunsisf)
/usr/lib/gcc/avr/4.9.2/../../../avr/lib/avr51/libm.a(fp_cmp.o)
                              /usr/lib/gcc/avr/4.9.2/../../../avr/lib/avr51/libm.a(cmpsf2.o) (__fp_cmp)
/usr/lib/gcc/avr/4.9.2/../../../avr/lib/avr51/libm.a(fp_inf.o)
                              /usr/lib/gcc/avr/4.9.2/../../../avr/lib/avr51/libm.a(addsf3x.o) (__fp_inf)
/usr/lib/gcc/avr/4.9.2/../../../avr/lib/avr51/libm.a(fp_nan.o)
                              /usr/lib/gcc/avr/4.9.2/../../../avr/lib/avr51/libm.a(addsf3x.o) (__fp_nan)
/usr/lib/gcc/avr/4.9.2/../../../avr/lib/avr51/libm.a(fp_pscA.o)
                              /usr/lib/gcc/avr/4.9.2/../../../avr/lib/avr51/libm.a(addsf3x.o) (__fp_pscA)
/usr/lib/gcc/avr/4.9.2/../../../avr/lib/avr51/libm.a(fp_pscB.o)
                              /usr/lib/gcc/avr/4.9.2/../../../avr/lib/avr51/libm.a(addsf3x.o) (__fp_pscB)
/usr/lib/gcc/avr/4.9.2/../../../avr/lib/avr51/libm.a(fp_round.o)
                              /usr/lib/gcc/avr/4.9.2/../../../avr/lib/avr51/libm.a(addsf3.o) (__fp_round)
/usr/lib/gcc/avr/4.9.2/../../../avr/lib/avr51/libm.a(fp_split3.o)
                              /usr/lib/gcc/avr/4.9.2/../../../avr/lib/avr51/libm.a(addsf3x.o) (__fp_split3)
/usr/lib/gcc/avr/4.9.2/../../../avr/lib/avr51/libm.a(fp_zero.o)
                              /usr/lib/gcc/avr/4.9.2/../../../avr/lib/avr51/libm.a(addsf3x.o) (__fp_zero)
/usr/lib/gcc/avr/4.9.2/../../../avr/lib/avr51/libm.a(gesf2.o)
                              ./src/actuator.o (__gtsf2)
/usr/lib/gcc/avr/4.9.2/../../../avr/lib/avr51/libm.a(mulsf3.o)
                              ./src/actuator.o (__mulsf3)
/usr/lib/gcc/avr/4.9.2/../../../avr/lib/avr51/libm.a(mulsf3x.o)
                              /usr/lib/gcc/avr/4.9.2/../../../avr/lib/avr51/libm.a(mulsf3.o) (__mulsf3x)
/usr/lib/gcc/avr/4.9.2/../../../avr/lib/avr51/libc.a(calloc.o)
                              ./src/can.o (calloc)
/usr/lib/gcc/avr/4.9.2/../../../avr/lib/avr51/libc.a(malloc.o)
                              ./src/gpio.o (malloc)
/usr/lib/gcc/avr/4.9.2/../../../avr/lib/avr51/libc.a(memset.o)
                              /usr/lib/gcc/avr/4.9.2/../../../avr/lib/avr51/libc.a(calloc.o) (memset)

Allocating common symbols
Common symbol       size              file

__brkval            0x2               /usr/lib/gcc/avr/4.9.2/../../../avr/lib/avr51/libc.a(malloc.o)
odometry_status     0x1               ./darkside.o
servo1              0x3               ./src/actuator.o
__flp               0x2               /usr/lib/gcc/avr/4.9.2/../../../avr/lib/avr51/libc.a(malloc.o)

Memory Configuration

Name             Origin             Length             Attributes
text             0x0000000000000000 0x0000000000020000 xr
data             0x0000000000800100 0x000000000000ff00 rw !x
eeprom           0x0000000000810000 0x0000000000010000 rw !x
fuse             0x0000000000820000 0x0000000000000400 rw !x
lock             0x0000000000830000 0x0000000000000400 rw !x
signature        0x0000000000840000 0x0000000000000400 rw !x
user_signatures  0x0000000000850000 0x0000000000000400 rw !x
*default*        0x0000000000000000 0xffffffffffffffff

Linker script and memory map

Address of section .data set to 0x800100
LOAD /usr/lib/gcc/avr/4.9.2/../../../avr/lib/avr51/crtat90can128.o
LOAD ./src/actuator.o
LOAD ./src/ax.o
LOAD ./src/can.o
LOAD ./src/debug.o
LOAD ./src/gpio.o
LOAD ./src/odometry.o
LOAD ./src/sensors.o
LOAD ./src/system.o
LOAD ./src/usart.o
LOAD ./darkside.o
LOAD ./main.o
START GROUP
LOAD /usr/lib/gcc/avr/4.9.2/avr51/libgcc.a
LOAD /usr/lib/gcc/avr/4.9.2/../../../avr/lib/avr51/libm.a
LOAD /usr/lib/gcc/avr/4.9.2/../../../avr/lib/avr51/libc.a
LOAD /usr/lib/gcc/avr/4.9.2/../../../avr/lib/avr51/libat90can128.a
END GROUP

.hash
 *(.hash)

.dynsym
 *(.dynsym)

.dynstr
 *(.dynstr)

.gnu.version
 *(.gnu.version)

.gnu.version_d
 *(.gnu.version_d)

.gnu.version_r
 *(.gnu.version_r)

.rel.init
 *(.rel.init)

.rela.init
 *(.rela.init)

.rel.text
 *(.rel.text)
 *(.rel.text.*)
 *(.rel.gnu.linkonce.t*)

.rela.text
 *(.rela.text)
 *(.rela.text.*)
 *(.rela.gnu.linkonce.t*)

.rel.fini
 *(.rel.fini)

.rela.fini
 *(.rela.fini)

.rel.rodata
 *(.rel.rodata)
 *(.rel.rodata.*)
 *(.rel.gnu.linkonce.r*)

.rela.rodata
 *(.rela.rodata)
 *(.rela.rodata.*)
 *(.rela.gnu.linkonce.r*)

.rel.data
 *(.rel.data)
 *(.rel.data.*)
 *(.rel.gnu.linkonce.d*)

.rela.data
 *(.rela.data)
 *(.rela.data.*)
 *(.rela.gnu.linkonce.d*)

.rel.ctors
 *(.rel.ctors)

.rela.ctors
 *(.rela.ctors)

.rel.dtors
 *(.rel.dtors)

.rela.dtors
 *(.rela.dtors)

.rel.got
 *(.rel.got)

.rela.got
 *(.rela.got)

.rel.bss
 *(.rel.bss)

.rela.bss
 *(.rela.bss)

.rel.plt
 *(.rel.plt)

.rela.plt
 *(.rela.plt)

.text           0x0000000000000000     0x4418
 *(.vectors)
 .vectors       0x0000000000000000       0x94 /usr/lib/gcc/avr/4.9.2/../../../avr/lib/avr51/crtat90can128.o
                0x0000000000000000                __vectors
                0x0000000000000000                __vector_default
 *(.vectors)
 *(.progmem.gcc*)
                0x0000000000000094                . = ALIGN (0x2)
                0x0000000000000094                __trampolines_start = .
 *(.trampolines)
 .trampolines   0x0000000000000094        0x0 linker stubs
 *(.trampolines*)
                0x0000000000000094                __trampolines_end = .
 *(.progmem*)
                0x0000000000000094                . = ALIGN (0x2)
 *(.jumptables)
 *(.jumptables*)
 *(.lowtext)
 *(.lowtext*)
                0x0000000000000094                __ctors_start = .
 *(.ctors)
                0x0000000000000094                __ctors_end = .
                0x0000000000000094                __dtors_start = .
 *(.dtors)
                0x0000000000000094                __dtors_end = .
 SORT(*)(.ctors)
 SORT(*)(.dtors)
 *(.init0)
 .init0         0x0000000000000094        0x0 /usr/lib/gcc/avr/4.9.2/../../../avr/lib/avr51/crtat90can128.o
                0x0000000000000094                __init
 *(.init0)
 *(.init1)
 *(.init1)
 *(.init2)
 .init2         0x0000000000000094        0xc /usr/lib/gcc/avr/4.9.2/../../../avr/lib/avr51/crtat90can128.o
 *(.init2)
 *(.init3)
 *(.init3)
 *(.init4)
 .init4         0x00000000000000a0       0x1a /usr/lib/gcc/avr/4.9.2/avr51/libgcc.a(_copy_data.o)
                0x00000000000000a0                __do_copy_data
 .init4         0x00000000000000ba       0x10 /usr/lib/gcc/avr/4.9.2/avr51/libgcc.a(_clear_bss.o)
                0x00000000000000ba                __do_clear_bss
 *(.init4)
 *(.init5)
 *(.init5)
 *(.init6)
 *(.init6)
 *(.init7)
 *(.init7)
 *(.init8)
 *(.init8)
 *(.init9)
 .init9         0x00000000000000ca        0x8 /usr/lib/gcc/avr/4.9.2/../../../avr/lib/avr51/crtat90can128.o
 *(.init9)
 *(.text)
 .text          0x00000000000000d2        0x4 /usr/lib/gcc/avr/4.9.2/../../../avr/lib/avr51/crtat90can128.o
                0x00000000000000d2                __vector_22
                0x00000000000000d2                __vector_28
                0x00000000000000d2                __vector_1
                0x00000000000000d2                __vector_24
                0x00000000000000d2                __bad_interrupt
                0x00000000000000d2                __vector_6
                0x00000000000000d2                __vector_31
                0x00000000000000d2                __vector_35
                0x00000000000000d2                __vector_3
                0x00000000000000d2                __vector_30
                0x00000000000000d2                __vector_25
                0x00000000000000d2                __vector_11
                0x00000000000000d2                __vector_13
                0x00000000000000d2                __vector_17
                0x00000000000000d2                __vector_19
                0x00000000000000d2                __vector_7
                0x00000000000000d2                __vector_27
                0x00000000000000d2                __vector_5
                0x00000000000000d2                __vector_33
                0x00000000000000d2                __vector_4
                0x00000000000000d2                __vector_9
                0x00000000000000d2                __vector_2
                0x00000000000000d2                __vector_15
                0x00000000000000d2                __vector_36
                0x00000000000000d2                __vector_29
                0x00000000000000d2                __vector_26
                0x00000000000000d2                __vector_14
                0x00000000000000d2                __vector_10
                0x00000000000000d2                __vector_16
                0x00000000000000d2                __vector_20
 .text          0x00000000000000d6        0x0 ./src/actuator.o
 .text          0x00000000000000d6        0x0 ./src/ax.o
 .text          0x00000000000000d6        0x0 ./src/can.o
 .text          0x00000000000000d6        0x0 ./src/debug.o
 .text          0x00000000000000d6        0x0 ./src/gpio.o
 .text          0x00000000000000d6        0x0 ./src/odometry.o
 .text          0x00000000000000d6        0x0 ./src/sensors.o
 .text          0x00000000000000d6        0x0 ./src/system.o
 .text          0x00000000000000d6        0x0 ./src/usart.o
 .text          0x00000000000000d6        0x0 ./darkside.o
 .text          0x00000000000000d6        0x0 ./main.o
 .text          0x00000000000000d6        0x0 /usr/lib/gcc/avr/4.9.2/avr51/libgcc.a(_exit.o)
 .text          0x00000000000000d6        0x0 /usr/lib/gcc/avr/4.9.2/avr51/libgcc.a(_copy_data.o)
 .text          0x00000000000000d6        0x0 /usr/lib/gcc/avr/4.9.2/avr51/libgcc.a(_clear_bss.o)
 .text          0x00000000000000d6        0x0 /usr/lib/gcc/avr/4.9.2/../../../avr/lib/avr51/libm.a(addsf3.o)
 .text          0x00000000000000d6        0x0 /usr/lib/gcc/avr/4.9.2/../../../avr/lib/avr51/libm.a(addsf3x.o)
 .text          0x00000000000000d6        0x0 /usr/lib/gcc/avr/4.9.2/../../../avr/lib/avr51/libm.a(cmpsf2.o)
 .text          0x00000000000000d6        0x0 /usr/lib/gcc/avr/4.9.2/../../../avr/lib/avr51/libm.a(divsf3.o)
 .text          0x00000000000000d6        0x0 /usr/lib/gcc/avr/4.9.2/../../../avr/lib/avr51/libm.a(divsf3x.o)
 .text          0x00000000000000d6        0x0 /usr/lib/gcc/avr/4.9.2/../../../avr/lib/avr51/libm.a(fixunssfsi.o)
 .text          0x00000000000000d6        0x0 /usr/lib/gcc/avr/4.9.2/../../../avr/lib/avr51/libm.a(floatsisf.o)
 .text          0x00000000000000d6        0x0 /usr/lib/gcc/avr/4.9.2/../../../avr/lib/avr51/libm.a(fp_cmp.o)
 .text          0x00000000000000d6        0x0 /usr/lib/gcc/avr/4.9.2/../../../avr/lib/avr51/libm.a(fp_inf.o)
 .text          0x00000000000000d6        0x0 /usr/lib/gcc/avr/4.9.2/../../../avr/lib/avr51/libm.a(fp_nan.o)
 .text          0x00000000000000d6        0x0 /usr/lib/gcc/avr/4.9.2/../../../avr/lib/avr51/libm.a(fp_pscA.o)
 .text          0x00000000000000d6        0x0 /usr/lib/gcc/avr/4.9.2/../../../avr/lib/avr51/libm.a(fp_pscB.o)
 .text          0x00000000000000d6        0x0 /usr/lib/gcc/avr/4.9.2/../../../avr/lib/avr51/libm.a(fp_round.o)
 .text          0x00000000000000d6        0x0 /usr/lib/gcc/avr/4.9.2/../../../avr/lib/avr51/libm.a(fp_split3.o)
 .text          0x00000000000000d6        0x0 /usr/lib/gcc/avr/4.9.2/../../../avr/lib/avr51/libm.a(fp_zero.o)
 .text          0x00000000000000d6        0x0 /usr/lib/gcc/avr/4.9.2/../../../avr/lib/avr51/libm.a(gesf2.o)
 .text          0x00000000000000d6        0x0 /usr/lib/gcc/avr/4.9.2/../../../avr/lib/avr51/libm.a(mulsf3.o)
 .text          0x00000000000000d6        0x0 /usr/lib/gcc/avr/4.9.2/../../../avr/lib/avr51/libm.a(mulsf3x.o)
 .text          0x00000000000000d6        0x0 /usr/lib/gcc/avr/4.9.2/../../../avr/lib/avr51/libc.a(calloc.o)
 .text          0x00000000000000d6        0x0 /usr/lib/gcc/avr/4.9.2/../../../avr/lib/avr51/libc.a(malloc.o)
 .text          0x00000000000000d6        0x0 /usr/lib/gcc/avr/4.9.2/../../../avr/lib/avr51/libc.a(memset.o)
                0x00000000000000d6                . = ALIGN (0x2)
 *(.text.*)
 .text.act_servo
                0x00000000000000d6      0x156 ./src/actuator.o
                0x00000000000000d6                act_servo
 .text.setup_servo
                0x000000000000022c       0x64 ./src/actuator.o
                0x000000000000022c                setup_servo
 .text.attach_servo
                0x0000000000000290      0x140 ./src/actuator.o
                0x0000000000000290                attach_servo
 .text.detach_servo
                0x00000000000003d0      0x13e ./src/actuator.o
                0x00000000000003d0                detach_servo
 .text.act_relay
                0x000000000000050e      0x138 ./src/actuator.o
                0x000000000000050e                act_relay
 .text.act_mosfet
                0x0000000000000646      0x138 ./src/actuator.o
                0x0000000000000646                act_mosfet
 .text.AX_UART_Init
                0x000000000000077e      0x14a ./src/ax.o
                0x000000000000077e                AX_UART_Init
 .text.AX_SendChar
                0x00000000000008c8       0x34 ./src/ax.o
                0x00000000000008c8                AX_SendChar
 .text.AX_ReadChar
                0x00000000000008fc       0x24 ./src/ax.o
                0x00000000000008fc                AX_ReadChar
 .text.AX_ReadStatus
                0x0000000000000920       0x5a ./src/ax.o
                0x0000000000000920                AX_ReadStatus
 .text.AX_StopTransmitter
                0x000000000000097a       0x48 ./src/ax.o
                0x000000000000097a                AX_StopTransmitter
 .text.AX_ReleaseTransmitter
                0x00000000000009c2       0x20 ./src/ax.o
                0x00000000000009c2                AX_ReleaseTransmitter
 .text.AX_StopReceiver
                0x00000000000009e2       0x20 ./src/ax.o
                0x00000000000009e2                AX_StopReceiver
 .text.AX_ReleaseReceiver
                0x0000000000000a02       0x20 ./src/ax.o
                0x0000000000000a02                AX_ReleaseReceiver
 .text.AX_SetAngle
                0x0000000000000a22      0x22a ./src/ax.o
                0x0000000000000a22                AX_SetAngle
 .text.AX_EndlessTurn
                0x0000000000000c4c      0x164 ./src/ax.o
                0x0000000000000c4c                AX_EndlessTurn
 .text.AX_SetSpeed
                0x0000000000000db0       0xb4 ./src/ax.o
                0x0000000000000db0                AX_SetSpeed
 .text.__vector_18
                0x0000000000000e64      0x1c4 ./src/can.o
                0x0000000000000e64                __vector_18
 .text.CAN_InitModule
                0x0000000000001028       0xf6 ./src/can.o
 .text.CAN_InitRxMob
                0x000000000000111e      0x106 ./src/can.o
 .text.CAN_Init
                0x0000000000001224       0x8e ./src/can.o
                0x0000000000001224                CAN_Init
 .text.CAN_CheckRX
                0x00000000000012b2       0x24 ./src/can.o
                0x00000000000012b2                CAN_CheckRX
 .text.CAN_Read
                0x00000000000012d6       0xea ./src/can.o
                0x00000000000012d6                CAN_Read
 .text.CAN_Write
                0x00000000000013c0      0x114 ./src/can.o
                0x00000000000013c0                CAN_Write
 .text.debug_init
                0x00000000000014d4        0xe ./src/debug.o
                0x00000000000014d4                debug_init
 .text.__list_add
                0x00000000000014e2       0x64 ./src/gpio.o
 .text.list_add
                0x0000000000001546       0x3a ./src/gpio.o
 .text.gpio_register_pin
                0x0000000000001580      0x1ce ./src/gpio.o
                0x0000000000001580                gpio_register_pin
 .text.gpio_write_pin
                0x000000000000174e       0xf6 ./src/gpio.o
                0x000000000000174e                gpio_write_pin
 .text.__gpio_read_pin
                0x0000000000001844       0x62 ./src/gpio.o
 .text.gpio_read_pin
                0x00000000000018a6       0xfa ./src/gpio.o
                0x00000000000018a6                gpio_read_pin
 .text.gpio_debouncer
                0x00000000000019a0       0xa6 ./src/gpio.o
                0x00000000000019a0                gpio_debouncer
 .text.odometry_set_speed
                0x0000000000001a46      0x138 ./src/odometry.o
                0x0000000000001a46                odometry_set_speed
 .text.odometry_query_position
                0x0000000000001b7e      0x184 ./src/odometry.o
                0x0000000000001b7e                odometry_query_position
 .text.odometry_wait_until_done
                0x0000000000001d02       0x6e ./src/odometry.o
 .text.odometry_stop
                0x0000000000001d70      0x13a ./src/odometry.o
                0x0000000000001d70                odometry_stop
 .text.odometry_move_straight
                0x0000000000001eaa      0x148 ./src/odometry.o
                0x0000000000001eaa                odometry_move_straight
 .text.odometry_move_to_position
                0x0000000000001ff2      0x17c ./src/odometry.o
                0x0000000000001ff2                odometry_move_to_position
 .text.odometry_set_position
                0x000000000000216e      0x1b4 ./src/odometry.o
                0x000000000000216e                odometry_set_position
 .text.odometry_rotate_for
                0x0000000000002322      0x146 ./src/odometry.o
                0x0000000000002322                odometry_rotate_for
 .text.odometry_set_angle
                0x0000000000002468      0x146 ./src/odometry.o
                0x0000000000002468                odometry_set_angle
 .text.odometry_kurva
                0x00000000000025ae      0x180 ./src/odometry.o
                0x00000000000025ae                odometry_kurva
 .text.odometry_match_end
                0x000000000000272e      0x120 ./src/odometry.o
                0x000000000000272e                odometry_match_end
 .text.getState
                0x000000000000284e       0x16 ./src/odometry.o
                0x000000000000284e                getState
 .text.odometry_get_x
                0x0000000000002864       0x1a ./src/odometry.o
                0x0000000000002864                odometry_get_x
 .text.odometry_get_y
                0x000000000000287e       0x1a ./src/odometry.o
                0x000000000000287e                odometry_get_y
 .text.odometry_get_angle
                0x0000000000002898       0x1a ./src/odometry.o
                0x0000000000002898                odometry_get_angle
 .text.timer_register_callback
                0x00000000000028b2       0x24 ./src/system.o
                0x00000000000028b2                timer_register_callback
 .text.timer_init
                0x00000000000028d6       0xa2 ./src/system.o
                0x00000000000028d6                timer_init
 .text.__vector_12
                0x0000000000002978      0x1d2 ./src/system.o
                0x0000000000002978                __vector_12
 .text.system_reset_system_time
                0x0000000000002b4a       0x1e ./src/system.o
                0x0000000000002b4a                system_reset_system_time
 .text.system_set_match_started
                0x0000000000002b68       0x14 ./src/system.o
                0x0000000000002b68                system_set_match_started
 .text.system_get_system_time
                0x0000000000002b7c       0x22 ./src/system.o
                0x0000000000002b7c                system_get_system_time
 .text.system_get_match_started
                0x0000000000002b9e       0x12 ./src/system.o
                0x0000000000002b9e                system_get_match_started
 .text.__vector_8
                0x0000000000002bb0       0x2e ./src/system.o
                0x0000000000002bb0                __vector_8
 .text.system_setup_jumper
                0x0000000000002bde      0x14c ./src/system.o
 .text.system_wait_for_jumper
                0x0000000000002d2a       0x18 ./src/system.o
 .text.system_init
                0x0000000000002d42      0x31e ./src/system.o
                0x0000000000002d42                system_init
 .text.UART0_Init
                0x0000000000003060      0x100 ./src/usart.o
                0x0000000000003060                UART0_Init
 .text.__vector_23
                0x0000000000003160       0x84 ./src/usart.o
                0x0000000000003160                __vector_23
 .text.UART0_Write
                0x00000000000031e4       0x9c ./src/usart.o
                0x00000000000031e4                UART0_Write
 .text.__vector_21
                0x0000000000003280       0x98 ./src/usart.o
                0x0000000000003280                __vector_21
 .text.UART0_Read
                0x0000000000003318       0x8e ./src/usart.o
                0x0000000000003318                UART0_Read
 .text.UART1_Init
                0x00000000000033a6      0x100 ./src/usart.o
                0x00000000000033a6                UART1_Init
 .text.__vector_34
                0x00000000000034a6       0x84 ./src/usart.o
                0x00000000000034a6                __vector_34
 .text.__vector_32
                0x000000000000352a       0x98 ./src/usart.o
                0x000000000000352a                __vector_32
 .text.altUart0Write
                0x00000000000035c2       0x34 ./src/usart.o
                0x00000000000035c2                altUart0Write
 .text.altUart1Write
                0x00000000000035f6       0x34 ./src/usart.o
                0x00000000000035f6                altUart1Write
 .text.UART1_Write
                0x000000000000362a       0x9c ./src/usart.o
                0x000000000000362a                UART1_Write
 .text.UART1_Read
                0x00000000000036c6       0x8e ./src/usart.o
                0x00000000000036c6                UART1_Read
 .text.UART1_Buffer
                0x0000000000003754       0x3c ./src/usart.o
                0x0000000000003754                UART1_Buffer
 .text.test_sensor
                0x0000000000003790       0x38 ./darkside.o
                0x0000000000003790                test_sensor
 .text.wait_while_detection_tactic_one
                0x00000000000037c8      0x22c ./darkside.o
 .text.darkside
                0x00000000000039f4      0x2f8 ./darkside.o
                0x00000000000039f4                darkside
 .text.main     0x0000000000003cec       0x1a ./main.o
                0x0000000000003cec                main
 .text.libgcc.mul
                0x0000000000003d06        0x0 /usr/lib/gcc/avr/4.9.2/avr51/libgcc.a(_exit.o)
 .text.libgcc.div
                0x0000000000003d06        0x0 /usr/lib/gcc/avr/4.9.2/avr51/libgcc.a(_exit.o)
 .text.libgcc   0x0000000000003d06        0x0 /usr/lib/gcc/avr/4.9.2/avr51/libgcc.a(_exit.o)
 .text.libgcc.prologue
                0x0000000000003d06        0x0 /usr/lib/gcc/avr/4.9.2/avr51/libgcc.a(_exit.o)
 .text.libgcc.builtins
                0x0000000000003d06        0x0 /usr/lib/gcc/avr/4.9.2/avr51/libgcc.a(_exit.o)
 .text.libgcc.fmul
                0x0000000000003d06        0x0 /usr/lib/gcc/avr/4.9.2/avr51/libgcc.a(_exit.o)
 .text.libgcc.fixed
                0x0000000000003d06        0x0 /usr/lib/gcc/avr/4.9.2/avr51/libgcc.a(_exit.o)
 .text.libgcc.mul
                0x0000000000003d06        0x0 /usr/lib/gcc/avr/4.9.2/avr51/libgcc.a(_copy_data.o)
 .text.libgcc.div
                0x0000000000003d06        0x0 /usr/lib/gcc/avr/4.9.2/avr51/libgcc.a(_copy_data.o)
 .text.libgcc   0x0000000000003d06        0x0 /usr/lib/gcc/avr/4.9.2/avr51/libgcc.a(_copy_data.o)
 .text.libgcc.prologue
                0x0000000000003d06        0x0 /usr/lib/gcc/avr/4.9.2/avr51/libgcc.a(_copy_data.o)
 .text.libgcc.builtins
                0x0000000000003d06        0x0 /usr/lib/gcc/avr/4.9.2/avr51/libgcc.a(_copy_data.o)
 .text.libgcc.fmul
                0x0000000000003d06        0x0 /usr/lib/gcc/avr/4.9.2/avr51/libgcc.a(_copy_data.o)
 .text.libgcc.fixed
                0x0000000000003d06        0x0 /usr/lib/gcc/avr/4.9.2/avr51/libgcc.a(_copy_data.o)
 .text.libgcc.mul
                0x0000000000003d06        0x0 /usr/lib/gcc/avr/4.9.2/avr51/libgcc.a(_clear_bss.o)
 .text.libgcc.div
                0x0000000000003d06        0x0 /usr/lib/gcc/avr/4.9.2/avr51/libgcc.a(_clear_bss.o)
 .text.libgcc   0x0000000000003d06        0x0 /usr/lib/gcc/avr/4.9.2/avr51/libgcc.a(_clear_bss.o)
 .text.libgcc.prologue
                0x0000000000003d06        0x0 /usr/lib/gcc/avr/4.9.2/avr51/libgcc.a(_clear_bss.o)
 .text.libgcc.builtins
                0x0000000000003d06        0x0 /usr/lib/gcc/avr/4.9.2/avr51/libgcc.a(_clear_bss.o)
 .text.libgcc.fmul
                0x0000000000003d06        0x0 /usr/lib/gcc/avr/4.9.2/avr51/libgcc.a(_clear_bss.o)
 .text.libgcc.fixed
                0x0000000000003d06        0x0 /usr/lib/gcc/avr/4.9.2/avr51/libgcc.a(_clear_bss.o)
 .text.avr-libc.fplib
                0x0000000000003d06        0xe /usr/lib/gcc/avr/4.9.2/../../../avr/lib/avr51/libm.a(addsf3.o)
                0x0000000000003d06                __subsf3
                0x0000000000003d08                __addsf3
 .text.avr-libc.fplib
                0x0000000000003d14       0xcc /usr/lib/gcc/avr/4.9.2/../../../avr/lib/avr51/libm.a(addsf3x.o)
                0x0000000000003d36                __addsf3x
 .text.avr-libc.fplib
                0x0000000000003de0        0xa /usr/lib/gcc/avr/4.9.2/../../../avr/lib/avr51/libm.a(cmpsf2.o)
                0x0000000000003de0                __lesf2
                0x0000000000003de0                __nesf2
                0x0000000000003de0                __eqsf2
                0x0000000000003de0                __cmpsf2
                0x0000000000003de0                __ltsf2
 .text.avr-libc.fplib
                0x0000000000003dea        0x8 /usr/lib/gcc/avr/4.9.2/../../../avr/lib/avr51/libm.a(divsf3.o)
                0x0000000000003dea                __divsf3
 .text.avr-libc.fplib
                0x0000000000003df2       0xdc /usr/lib/gcc/avr/4.9.2/../../../avr/lib/avr51/libm.a(divsf3x.o)
                0x0000000000003e12                __divsf3x
                0x0000000000003e18                __divsf3_pse
 .text.avr-libc.fplib
                0x0000000000003ece       0x5e /usr/lib/gcc/avr/4.9.2/../../../avr/lib/avr51/libm.a(fixunssfsi.o)
                0x0000000000003ece                __fixunssfsi
 .text.avr-libc.fplib
                0x0000000000003f2c       0x7a /usr/lib/gcc/avr/4.9.2/../../../avr/lib/avr51/libm.a(floatsisf.o)
                0x0000000000003f2c                __floatunsisf
                0x0000000000003f30                __floatsisf
 .text.avr-libc.fplib
                0x0000000000003fa6       0x48 /usr/lib/gcc/avr/4.9.2/../../../avr/lib/avr51/libm.a(fp_cmp.o)
                0x0000000000003fa6                __fp_cmp
 .text.avr-libc.fplib
                0x0000000000003fee        0xc /usr/lib/gcc/avr/4.9.2/../../../avr/lib/avr51/libm.a(fp_inf.o)
                0x0000000000003fee                __fp_inf
 .text.avr-libc.fplib
                0x0000000000003ffa        0x6 /usr/lib/gcc/avr/4.9.2/../../../avr/lib/avr51/libm.a(fp_nan.o)
                0x0000000000003ffa                __fp_nan
 .text.avr-libc.fplib
                0x0000000000004000        0xe /usr/lib/gcc/avr/4.9.2/../../../avr/lib/avr51/libm.a(fp_pscA.o)
                0x0000000000004000                __fp_pscA
 .text.avr-libc.fplib
                0x000000000000400e        0xe /usr/lib/gcc/avr/4.9.2/../../../avr/lib/avr51/libm.a(fp_pscB.o)
                0x000000000000400e                __fp_pscB
 .text.avr-libc.fplib
                0x000000000000401c       0x22 /usr/lib/gcc/avr/4.9.2/../../../avr/lib/avr51/libm.a(fp_round.o)
                0x000000000000401c                __fp_round
 .text.avr-libc.fplib
                0x000000000000403e       0x44 /usr/lib/gcc/avr/4.9.2/../../../avr/lib/avr51/libm.a(fp_split3.o)
                0x000000000000403e                __fp_split3
                0x000000000000404e                __fp_splitA
 .text.avr-libc.fplib
                0x0000000000004082        0xe /usr/lib/gcc/avr/4.9.2/../../../avr/lib/avr51/libm.a(fp_zero.o)
                0x0000000000004082                __fp_zero
                0x0000000000004084                __fp_szero
 .text.avr-libc.fplib
                0x0000000000004090        0xa /usr/lib/gcc/avr/4.9.2/../../../avr/lib/avr51/libm.a(gesf2.o)
                0x0000000000004090                __gtsf2
                0x0000000000004090                __gesf2
 .text.avr-libc.fplib
                0x000000000000409a        0x8 /usr/lib/gcc/avr/4.9.2/../../../avr/lib/avr51/libm.a(mulsf3.o)
                0x000000000000409a                __mulsf3
 .text.avr-libc.fplib
                0x00000000000040a2       0xd2 /usr/lib/gcc/avr/4.9.2/../../../avr/lib/avr51/libm.a(mulsf3x.o)
                0x00000000000040c0                __mulsf3x
                0x00000000000040c6                __mulsf3_pse
 .text.avr-libc
                0x0000000000004174       0x38 /usr/lib/gcc/avr/4.9.2/../../../avr/lib/avr51/libc.a(calloc.o)
                0x0000000000004174                calloc
 .text.avr-libc
                0x00000000000041ac      0x25a /usr/lib/gcc/avr/4.9.2/../../../avr/lib/avr51/libc.a(malloc.o)
                0x00000000000041ac                malloc
                0x00000000000042d6                free
 .text.avr-libc
                0x0000000000004406        0xe /usr/lib/gcc/avr/4.9.2/../../../avr/lib/avr51/libc.a(memset.o)
                0x0000000000004406                memset
                0x0000000000004414                . = ALIGN (0x2)
 *(.fini9)
 .fini9         0x0000000000004414        0x0 /usr/lib/gcc/avr/4.9.2/avr51/libgcc.a(_exit.o)
                0x0000000000004414                exit
                0x0000000000004414                _exit
 *(.fini9)
 *(.fini8)
 *(.fini8)
 *(.fini7)
 *(.fini7)
 *(.fini6)
 *(.fini6)
 *(.fini5)
 *(.fini5)
 *(.fini4)
 *(.fini4)
 *(.fini3)
 *(.fini3)
 *(.fini2)
 *(.fini2)
 *(.fini1)
 *(.fini1)
 *(.fini0)
 .fini0         0x0000000000004414        0x4 /usr/lib/gcc/avr/4.9.2/avr51/libgcc.a(_exit.o)
 *(.fini0)
                0x0000000000004418                _etext = .

.data           0x0000000000800100       0x2e load address 0x0000000000004418
                0x0000000000800100                PROVIDE (__data_start, .)
 *(.data)
 .data          0x0000000000800100        0x0 /usr/lib/gcc/avr/4.9.2/../../../avr/lib/avr51/crtat90can128.o
 .data          0x0000000000800100        0x0 ./src/actuator.o
 .data          0x0000000000800100        0x0 ./src/ax.o
 .data          0x0000000000800100        0x0 ./src/can.o
 .data          0x0000000000800100        0x0 ./src/debug.o
 .data          0x0000000000800100        0x0 ./src/gpio.o
 .data          0x0000000000800100        0x0 ./src/odometry.o
 .data          0x0000000000800100        0x0 ./src/sensors.o
 .data          0x0000000000800100        0x0 ./src/system.o
 .data          0x0000000000800100        0x0 ./src/usart.o
 .data          0x0000000000800100        0x0 ./darkside.o
 .data          0x0000000000800100        0x0 ./main.o
 .data          0x0000000000800100        0x0 /usr/lib/gcc/avr/4.9.2/avr51/libgcc.a(_exit.o)
 .data          0x0000000000800100        0x0 /usr/lib/gcc/avr/4.9.2/avr51/libgcc.a(_copy_data.o)
 .data          0x0000000000800100        0x0 /usr/lib/gcc/avr/4.9.2/avr51/libgcc.a(_clear_bss.o)
 .data          0x0000000000800100        0x0 /usr/lib/gcc/avr/4.9.2/../../../avr/lib/avr51/libm.a(addsf3.o)
 .data          0x0000000000800100        0x0 /usr/lib/gcc/avr/4.9.2/../../../avr/lib/avr51/libm.a(addsf3x.o)
 .data          0x0000000000800100        0x0 /usr/lib/gcc/avr/4.9.2/../../../avr/lib/avr51/libm.a(cmpsf2.o)
 .data          0x0000000000800100        0x0 /usr/lib/gcc/avr/4.9.2/../../../avr/lib/avr51/libm.a(divsf3.o)
 .data          0x0000000000800100        0x0 /usr/lib/gcc/avr/4.9.2/../../../avr/lib/avr51/libm.a(divsf3x.o)
 .data          0x0000000000800100        0x0 /usr/lib/gcc/avr/4.9.2/../../../avr/lib/avr51/libm.a(fixunssfsi.o)
 .data          0x0000000000800100        0x0 /usr/lib/gcc/avr/4.9.2/../../../avr/lib/avr51/libm.a(floatsisf.o)
 .data          0x0000000000800100        0x0 /usr/lib/gcc/avr/4.9.2/../../../avr/lib/avr51/libm.a(fp_cmp.o)
 .data          0x0000000000800100        0x0 /usr/lib/gcc/avr/4.9.2/../../../avr/lib/avr51/libm.a(fp_inf.o)
 .data          0x0000000000800100        0x0 /usr/lib/gcc/avr/4.9.2/../../../avr/lib/avr51/libm.a(fp_nan.o)
 .data          0x0000000000800100        0x0 /usr/lib/gcc/avr/4.9.2/../../../avr/lib/avr51/libm.a(fp_pscA.o)
 .data          0x0000000000800100        0x0 /usr/lib/gcc/avr/4.9.2/../../../avr/lib/avr51/libm.a(fp_pscB.o)
 .data          0x0000000000800100        0x0 /usr/lib/gcc/avr/4.9.2/../../../avr/lib/avr51/libm.a(fp_round.o)
 .data          0x0000000000800100        0x0 /usr/lib/gcc/avr/4.9.2/../../../avr/lib/avr51/libm.a(fp_split3.o)
 .data          0x0000000000800100        0x0 /usr/lib/gcc/avr/4.9.2/../../../avr/lib/avr51/libm.a(fp_zero.o)
 .data          0x0000000000800100        0x0 /usr/lib/gcc/avr/4.9.2/../../../avr/lib/avr51/libm.a(gesf2.o)
 .data          0x0000000000800100        0x0 /usr/lib/gcc/avr/4.9.2/../../../avr/lib/avr51/libm.a(mulsf3.o)
 .data          0x0000000000800100        0x0 /usr/lib/gcc/avr/4.9.2/../../../avr/lib/avr51/libm.a(mulsf3x.o)
 .data          0x0000000000800100        0x0 /usr/lib/gcc/avr/4.9.2/../../../avr/lib/avr51/libc.a(calloc.o)
 .data          0x0000000000800100        0x6 /usr/lib/gcc/avr/4.9.2/../../../avr/lib/avr51/libc.a(malloc.o)
                0x0000000000800100                __malloc_heap_end
                0x0000000000800102                __malloc_heap_start
                0x0000000000800104                __malloc_margin
 .data          0x0000000000800106        0x0 /usr/lib/gcc/avr/4.9.2/../../../avr/lib/avr51/libc.a(memset.o)
 *(.data*)
 .data.debug_pins
                0x0000000000800106        0x5 ./src/debug.o
                0x0000000000800106                debug_pins
 .data.gpio_inputs
                0x000000000080010b        0x4 ./src/gpio.o
                0x000000000080010b                gpio_inputs
 .data.position
                0x000000000080010f        0x7 ./src/odometry.o
                0x000000000080010f                position
 .data.active_state
                0x0000000000800116        0x1 ./darkside.o
                0x0000000000800116                active_state
 .data.TACTIC_ONE_POSITION
                0x0000000000800117       0x16 ./darkside.o
                0x0000000000800117                TACTIC_ONE_POSITION
 *(.rodata)
 *(.rodata*)
 *(.gnu.linkonce.d*)
                0x000000000080012e                . = ALIGN (0x2)
 *fill*         0x000000000080012d        0x1 
                0x000000000080012e                _edata = .
                0x000000000080012e                PROVIDE (__data_end, .)

.bss            0x000000000080012e      0x157
                0x000000000080012e                PROVIDE (__bss_start, .)
 *(.bss)
 .bss           0x000000000080012e        0x0 /usr/lib/gcc/avr/4.9.2/../../../avr/lib/avr51/crtat90can128.o
 .bss           0x000000000080012e        0x0 ./src/actuator.o
 .bss           0x000000000080012e        0x0 ./src/ax.o
 .bss           0x000000000080012e        0x0 ./src/can.o
 .bss           0x000000000080012e        0x0 ./src/debug.o
 .bss           0x000000000080012e        0x0 ./src/gpio.o
 .bss           0x000000000080012e        0x0 ./src/odometry.o
 .bss           0x000000000080012e        0x0 ./src/sensors.o
 .bss           0x000000000080012e        0x0 ./src/system.o
 .bss           0x000000000080012e        0x0 ./src/usart.o
 .bss           0x000000000080012e        0x0 ./darkside.o
 .bss           0x000000000080012e        0x0 ./main.o
 .bss           0x000000000080012e        0x0 /usr/lib/gcc/avr/4.9.2/avr51/libgcc.a(_exit.o)
 .bss           0x000000000080012e        0x0 /usr/lib/gcc/avr/4.9.2/avr51/libgcc.a(_copy_data.o)
 .bss           0x000000000080012e        0x0 /usr/lib/gcc/avr/4.9.2/avr51/libgcc.a(_clear_bss.o)
 .bss           0x000000000080012e        0x0 /usr/lib/gcc/avr/4.9.2/../../../avr/lib/avr51/libm.a(addsf3.o)
 .bss           0x000000000080012e        0x0 /usr/lib/gcc/avr/4.9.2/../../../avr/lib/avr51/libm.a(addsf3x.o)
 .bss           0x000000000080012e        0x0 /usr/lib/gcc/avr/4.9.2/../../../avr/lib/avr51/libm.a(cmpsf2.o)
 .bss           0x000000000080012e        0x0 /usr/lib/gcc/avr/4.9.2/../../../avr/lib/avr51/libm.a(divsf3.o)
 .bss           0x000000000080012e        0x0 /usr/lib/gcc/avr/4.9.2/../../../avr/lib/avr51/libm.a(divsf3x.o)
 .bss           0x000000000080012e        0x0 /usr/lib/gcc/avr/4.9.2/../../../avr/lib/avr51/libm.a(fixunssfsi.o)
 .bss           0x000000000080012e        0x0 /usr/lib/gcc/avr/4.9.2/../../../avr/lib/avr51/libm.a(floatsisf.o)
 .bss           0x000000000080012e        0x0 /usr/lib/gcc/avr/4.9.2/../../../avr/lib/avr51/libm.a(fp_cmp.o)
 .bss           0x000000000080012e        0x0 /usr/lib/gcc/avr/4.9.2/../../../avr/lib/avr51/libm.a(fp_inf.o)
 .bss           0x000000000080012e        0x0 /usr/lib/gcc/avr/4.9.2/../../../avr/lib/avr51/libm.a(fp_nan.o)
 .bss           0x000000000080012e        0x0 /usr/lib/gcc/avr/4.9.2/../../../avr/lib/avr51/libm.a(fp_pscA.o)
 .bss           0x000000000080012e        0x0 /usr/lib/gcc/avr/4.9.2/../../../avr/lib/avr51/libm.a(fp_pscB.o)
 .bss           0x000000000080012e        0x0 /usr/lib/gcc/avr/4.9.2/../../../avr/lib/avr51/libm.a(fp_round.o)
 .bss           0x000000000080012e        0x0 /usr/lib/gcc/avr/4.9.2/../../../avr/lib/avr51/libm.a(fp_split3.o)
 .bss           0x000000000080012e        0x0 /usr/lib/gcc/avr/4.9.2/../../../avr/lib/avr51/libm.a(fp_zero.o)
 .bss           0x000000000080012e        0x0 /usr/lib/gcc/avr/4.9.2/../../../avr/lib/avr51/libm.a(gesf2.o)
 .bss           0x000000000080012e        0x0 /usr/lib/gcc/avr/4.9.2/../../../avr/lib/avr51/libm.a(mulsf3.o)
 .bss           0x000000000080012e        0x0 /usr/lib/gcc/avr/4.9.2/../../../avr/lib/avr51/libm.a(mulsf3x.o)
 .bss           0x000000000080012e        0x0 /usr/lib/gcc/avr/4.9.2/../../../avr/lib/avr51/libc.a(calloc.o)
 .bss           0x000000000080012e        0x0 /usr/lib/gcc/avr/4.9.2/../../../avr/lib/avr51/libc.a(malloc.o)
 .bss           0x000000000080012e        0x0 /usr/lib/gcc/avr/4.9.2/../../../avr/lib/avr51/libc.a(memset.o)
 *(.bss*)
 .bss.rxBuffers
                0x000000000080012e       0x14 ./src/can.o
 .bss.rxWrIndex
                0x0000000000800142        0xa ./src/can.o
 .bss.rxRdIndex
                0x000000000080014c        0xa ./src/can.o
 .bss.rxCounter
                0x0000000000800156        0xa ./src/can.o
 .bss.test      0x0000000000800160        0x2 ./src/gpio.o
                0x0000000000800160                test
 .bss.count.1762
                0x0000000000800162        0x2 ./src/gpio.o
 .bss.current_speed
                0x0000000000800164        0x1 ./src/odometry.o
 .bss.sys_time  0x0000000000800165        0x4 ./src/system.o
 .bss.match_started
                0x0000000000800169        0x1 ./src/system.o
 .bss.timer_callback
                0x000000000080016a        0x2 ./src/system.o
 .bss.received  0x000000000080016c        0x2 ./src/system.o
                0x000000000080016c                received
 .bss.jumper_pulled
                0x000000000080016e        0x1 ./src/system.o
 .bss.tx0_buffer
                0x000000000080016f       0x40 ./src/usart.o
 .bss.tx0_wr_index
                0x00000000008001af        0x1 ./src/usart.o
 .bss.tx0_counter
                0x00000000008001b0        0x1 ./src/usart.o
 .bss.tx0_rd_index
                0x00000000008001b1        0x1 ./src/usart.o
 .bss.rx0_buffer
                0x00000000008001b2       0x40 ./src/usart.o
 .bss.rx0_wr_index
                0x00000000008001f2        0x1 ./src/usart.o
 .bss.rx0_counter
                0x00000000008001f3        0x1 ./src/usart.o
 .bss.rx0_rd_index
                0x00000000008001f4        0x1 ./src/usart.o
 .bss.tx1_buffer
                0x00000000008001f5       0x40 ./src/usart.o
 .bss.tx1_wr_index
                0x0000000000800235        0x1 ./src/usart.o
 .bss.tx1_counter
                0x0000000000800236        0x1 ./src/usart.o
 .bss.tx1_rd_index
                0x0000000000800237        0x1 ./src/usart.o
 .bss.rx1_buffer
                0x0000000000800238       0x40 ./src/usart.o
 .bss.rx1_wr_index
                0x0000000000800278        0x1 ./src/usart.o
 .bss.rx1_counter
                0x0000000000800279        0x1 ./src/usart.o
 .bss.rx1_rd_index
                0x000000000080027a        0x1 ./src/usart.o
 .bss.current_position
                0x000000000080027b        0x1 ./darkside.o
                0x000000000080027b                current_position
 .bss.next_position
                0x000000000080027c        0x1 ./darkside.o
                0x000000000080027c                next_position
 *(COMMON)
 COMMON         0x000000000080027d        0x3 ./src/actuator.o
                0x000000000080027d                servo1
 COMMON         0x0000000000800280        0x1 ./darkside.o
                0x0000000000800280                odometry_status
 COMMON         0x0000000000800281        0x4 /usr/lib/gcc/avr/4.9.2/../../../avr/lib/avr51/libc.a(malloc.o)
                0x0000000000800281                __brkval
                0x0000000000800283                __flp
                0x0000000000800285                PROVIDE (__bss_end, .)
                0x0000000000004418                __data_load_start = LOADADDR (.data)
                0x0000000000004446                __data_load_end = (__data_load_start + SIZEOF (.data))

.noinit         0x0000000000800285        0x0
                0x0000000000800285                PROVIDE (__noinit_start, .)
 *(.noinit*)
                0x0000000000800285                PROVIDE (__noinit_end, .)
                0x0000000000800285                _end = .
                0x0000000000800285                PROVIDE (__heap_start, .)

.eeprom         0x0000000000810000        0x0
 *(.eeprom*)
                0x0000000000810000                __eeprom_end = .

.fuse
 *(.fuse)
 *(.lfuse)
 *(.hfuse)
 *(.efuse)

.lock
 *(.lock*)

.signature
 *(.signature*)

.user_signatures
 *(.user_signatures*)

.stab           0x0000000000000000     0x65ac
 *(.stab)
 .stab          0x0000000000000000      0xcf0 ./src/actuator.o
 .stab          0x0000000000000cf0      0xb4c ./src/ax.o
                                        0xd14 (size before relaxing)
 .stab          0x000000000000183c      0xae0 ./src/can.o
                                        0xd14 (size before relaxing)
 .stab          0x000000000000231c      0x30c ./src/debug.o
                                        0x570 (size before relaxing)
 .stab          0x0000000000002628      0x990 ./src/gpio.o
                                        0xbac (size before relaxing)
 .stab          0x0000000000002fb8     0x1350 ./src/odometry.o
                                       0x156c (size before relaxing)
 .stab          0x0000000000004308      0x258 ./src/sensors.o
                                        0x264 (size before relaxing)
 .stab          0x0000000000004560      0x9fc ./src/system.o
                                        0xc78 (size before relaxing)
 .stab          0x0000000000004f5c      0xb04 ./src/usart.o
                                        0xccc (size before relaxing)
 .stab          0x0000000000005a60      0x81c ./darkside.o
                                        0xab0 (size before relaxing)
 .stab          0x000000000000627c      0x330 ./main.o
                                        0x5dc (size before relaxing)

.stabstr        0x0000000000000000     0x225a
 *(.stabstr)
 .stabstr       0x0000000000000000     0x225a ./src/actuator.o

.stab.excl
 *(.stab.excl)

.stab.exclstr
 *(.stab.exclstr)

.stab.index
 *(.stab.index)

.stab.indexstr
 *(.stab.indexstr)

.comment        0x0000000000000000       0x11
 *(.comment)
 .comment       0x0000000000000000       0x11 ./src/actuator.o
                                         0x12 (size before relaxing)
 .comment       0x0000000000000011       0x12 ./src/ax.o
 .comment       0x0000000000000011       0x12 ./src/can.o
 .comment       0x0000000000000011       0x12 ./src/debug.o
 .comment       0x0000000000000011       0x12 ./src/gpio.o
 .comment       0x0000000000000011       0x12 ./src/odometry.o
 .comment       0x0000000000000011       0x12 ./src/sensors.o
 .comment       0x0000000000000011       0x12 ./src/system.o
 .comment       0x0000000000000011       0x12 ./src/usart.o
 .comment       0x0000000000000011       0x12 ./darkside.o
 .comment       0x0000000000000011       0x12 ./main.o
 .comment       0x0000000000000011       0x12 /usr/lib/gcc/avr/4.9.2/../../../avr/lib/avr51/libc.a(calloc.o)
 .comment       0x0000000000000011       0x12 /usr/lib/gcc/avr/4.9.2/../../../avr/lib/avr51/libc.a(malloc.o)

.note.gnu.avr.deviceinfo
                0x0000000000000000       0x40
 .note.gnu.avr.deviceinfo
                0x0000000000000000       0x40 /usr/lib/gcc/avr/4.9.2/../../../avr/lib/avr51/crtat90can128.o

.note.gnu.build-id
 *(.note.gnu.build-id)

.debug
 *(.debug)

.line
 *(.line)

.debug_srcinfo
 *(.debug_srcinfo)

.debug_sfnames
 *(.debug_sfnames)

.debug_aranges
 *(.debug_aranges)

.debug_pubnames
 *(.debug_pubnames)

.debug_info
 *(.debug_info .gnu.linkonce.wi.*)

.debug_abbrev
 *(.debug_abbrev)

.debug_line
 *(.debug_line .debug_line.* .debug_line_end)

.debug_frame
 *(.debug_frame)

.debug_str
 *(.debug_str)

.debug_loc
 *(.debug_loc)

.debug_macinfo
 *(.debug_macinfo)

.debug_weaknames
 *(.debug_weaknames)

.debug_funcnames
 *(.debug_funcnames)

.debug_typenames
 *(.debug_typenames)

.debug_varnames
 *(.debug_varnames)

.debug_pubtypes
 *(.debug_pubtypes)

.debug_ranges
 *(.debug_ranges)

.debug_macro
 *(.debug_macro)
OUTPUT(EP_Framework_Atmel.elf elf32-avr)
LOAD linker stubs
