Archive member included to satisfy reference by file (symbol)

/usr/lib/gcc/avr/4.9.2/avr51/libgcc.a(_exit.o)
                              /usr/lib/gcc/avr/4.9.2/../../../avr/lib/avr51/crtat90can128.o (exit)
/usr/lib/gcc/avr/4.9.2/avr51/libgcc.a(_copy_data.o)
                              ./src/debug.o (__do_copy_data)
/usr/lib/gcc/avr/4.9.2/avr51/libgcc.a(_clear_bss.o)
                              ./src/can.o (__do_clear_bss)
/usr/lib/gcc/avr/4.9.2/../../../avr/lib/avr51/libm.a(addsf3.o)
                              ./src/usart.o (__subsf3)
/usr/lib/gcc/avr/4.9.2/../../../avr/lib/avr51/libm.a(addsf3x.o)
                              /usr/lib/gcc/avr/4.9.2/../../../avr/lib/avr51/libm.a(addsf3.o) (__addsf3x)
/usr/lib/gcc/avr/4.9.2/../../../avr/lib/avr51/libm.a(cmpsf2.o)
                              ./src/ax.o (__ltsf2)
/usr/lib/gcc/avr/4.9.2/../../../avr/lib/avr51/libm.a(divsf3.o)
                              ./src/ax.o (__divsf3)
/usr/lib/gcc/avr/4.9.2/../../../avr/lib/avr51/libm.a(divsf3x.o)
                              /usr/lib/gcc/avr/4.9.2/../../../avr/lib/avr51/libm.a(divsf3.o) (__divsf3x)
/usr/lib/gcc/avr/4.9.2/../../../avr/lib/avr51/libm.a(fixunssfsi.o)
                              ./src/ax.o (__fixunssfsi)
/usr/lib/gcc/avr/4.9.2/../../../avr/lib/avr51/libm.a(floatsisf.o)
                              ./src/ax.o (__floatunsisf)
/usr/lib/gcc/avr/4.9.2/../../../avr/lib/avr51/libm.a(fp_cmp.o)
                              /usr/lib/gcc/avr/4.9.2/../../../avr/lib/avr51/libm.a(cmpsf2.o) (__fp_cmp)
/usr/lib/gcc/avr/4.9.2/../../../avr/lib/avr51/libm.a(fp_inf.o)
                              /usr/lib/gcc/avr/4.9.2/../../../avr/lib/avr51/libm.a(addsf3x.o) (__fp_inf)
/usr/lib/gcc/avr/4.9.2/../../../avr/lib/avr51/libm.a(fp_nan.o)
                              /usr/lib/gcc/avr/4.9.2/../../../avr/lib/avr51/libm.a(addsf3x.o) (__fp_nan)
/usr/lib/gcc/avr/4.9.2/../../../avr/lib/avr51/libm.a(fp_pscA.o)
                              /usr/lib/gcc/avr/4.9.2/../../../avr/lib/avr51/libm.a(addsf3x.o) (__fp_pscA)
/usr/lib/gcc/avr/4.9.2/../../../avr/lib/avr51/libm.a(fp_pscB.o)
                              /usr/lib/gcc/avr/4.9.2/../../../avr/lib/avr51/libm.a(addsf3x.o) (__fp_pscB)
/usr/lib/gcc/avr/4.9.2/../../../avr/lib/avr51/libm.a(fp_round.o)
                              /usr/lib/gcc/avr/4.9.2/../../../avr/lib/avr51/libm.a(addsf3.o) (__fp_round)
/usr/lib/gcc/avr/4.9.2/../../../avr/lib/avr51/libm.a(fp_split3.o)
                              /usr/lib/gcc/avr/4.9.2/../../../avr/lib/avr51/libm.a(addsf3x.o) (__fp_split3)
/usr/lib/gcc/avr/4.9.2/../../../avr/lib/avr51/libm.a(fp_zero.o)
                              /usr/lib/gcc/avr/4.9.2/../../../avr/lib/avr51/libm.a(addsf3x.o) (__fp_zero)
/usr/lib/gcc/avr/4.9.2/../../../avr/lib/avr51/libm.a(gesf2.o)
                              ./src/ax.o (__gtsf2)
/usr/lib/gcc/avr/4.9.2/../../../avr/lib/avr51/libm.a(mulsf3.o)
                              ./src/ax.o (__mulsf3)
/usr/lib/gcc/avr/4.9.2/../../../avr/lib/avr51/libm.a(mulsf3x.o)
                              /usr/lib/gcc/avr/4.9.2/../../../avr/lib/avr51/libm.a(mulsf3.o) (__mulsf3x)
/usr/lib/gcc/avr/4.9.2/../../../avr/lib/avr51/libc.a(calloc.o)
                              ./src/can.o (calloc)
/usr/lib/gcc/avr/4.9.2/../../../avr/lib/avr51/libc.a(malloc.o)
                              ./src/gpio.o (malloc)
/usr/lib/gcc/avr/4.9.2/../../../avr/lib/avr51/libc.a(memset.o)
                              /usr/lib/gcc/avr/4.9.2/../../../avr/lib/avr51/libc.a(calloc.o) (memset)

Allocating common symbols
Common symbol       size              file

__brkval            0x2               /usr/lib/gcc/avr/4.9.2/../../../avr/lib/avr51/libc.a(malloc.o)
odometry_status     0x1               ./darkside.o
__flp               0x2               /usr/lib/gcc/avr/4.9.2/../../../avr/lib/avr51/libc.a(malloc.o)

Memory Configuration

Name             Origin             Length             Attributes
text             0x0000000000000000 0x0000000000020000 xr
data             0x0000000000800100 0x000000000000ff00 rw !x
eeprom           0x0000000000810000 0x0000000000010000 rw !x
fuse             0x0000000000820000 0x0000000000000400 rw !x
lock             0x0000000000830000 0x0000000000000400 rw !x
signature        0x0000000000840000 0x0000000000000400 rw !x
user_signatures  0x0000000000850000 0x0000000000000400 rw !x
*default*        0x0000000000000000 0xffffffffffffffff

Linker script and memory map

Address of section .data set to 0x800100
LOAD /usr/lib/gcc/avr/4.9.2/../../../avr/lib/avr51/crtat90can128.o
LOAD ./src/actuator.o
LOAD ./src/ax.o
LOAD ./src/can.o
LOAD ./src/debug.o
LOAD ./src/gpio.o
LOAD ./src/odometry.o
LOAD ./src/sensors.o
LOAD ./src/system.o
LOAD ./src/usart.o
LOAD ./darkside.o
LOAD ./main.o
START GROUP
LOAD /usr/lib/gcc/avr/4.9.2/avr51/libgcc.a
LOAD /usr/lib/gcc/avr/4.9.2/../../../avr/lib/avr51/libm.a
LOAD /usr/lib/gcc/avr/4.9.2/../../../avr/lib/avr51/libc.a
LOAD /usr/lib/gcc/avr/4.9.2/../../../avr/lib/avr51/libat90can128.a
END GROUP

.hash
 *(.hash)

.dynsym
 *(.dynsym)

.dynstr
 *(.dynstr)

.gnu.version
 *(.gnu.version)

.gnu.version_d
 *(.gnu.version_d)

.gnu.version_r
 *(.gnu.version_r)

.rel.init
 *(.rel.init)

.rela.init
 *(.rela.init)

.rel.text
 *(.rel.text)
 *(.rel.text.*)
 *(.rel.gnu.linkonce.t*)

.rela.text
 *(.rela.text)
 *(.rela.text.*)
 *(.rela.gnu.linkonce.t*)

.rel.fini
 *(.rel.fini)

.rela.fini
 *(.rela.fini)

.rel.rodata
 *(.rel.rodata)
 *(.rel.rodata.*)
 *(.rel.gnu.linkonce.r*)

.rela.rodata
 *(.rela.rodata)
 *(.rela.rodata.*)
 *(.rela.gnu.linkonce.r*)

.rel.data
 *(.rel.data)
 *(.rel.data.*)
 *(.rel.gnu.linkonce.d*)

.rela.data
 *(.rela.data)
 *(.rela.data.*)
 *(.rela.gnu.linkonce.d*)

.rel.ctors
 *(.rel.ctors)

.rela.ctors
 *(.rela.ctors)

.rel.dtors
 *(.rel.dtors)

.rela.dtors
 *(.rela.dtors)

.rel.got
 *(.rel.got)

.rela.got
 *(.rela.got)

.rel.bss
 *(.rel.bss)

.rela.bss
 *(.rela.bss)

.rel.plt
 *(.rel.plt)

.rela.plt
 *(.rela.plt)

.text           0x0000000000000000     0x41b6
 *(.vectors)
 .vectors       0x0000000000000000       0x94 /usr/lib/gcc/avr/4.9.2/../../../avr/lib/avr51/crtat90can128.o
                0x0000000000000000                __vectors
                0x0000000000000000                __vector_default
 *(.vectors)
 *(.progmem.gcc*)
                0x0000000000000094                . = ALIGN (0x2)
                0x0000000000000094                __trampolines_start = .
 *(.trampolines)
 .trampolines   0x0000000000000094        0x0 linker stubs
 *(.trampolines*)
                0x0000000000000094                __trampolines_end = .
 *(.progmem*)
                0x0000000000000094                . = ALIGN (0x2)
 *(.jumptables)
 *(.jumptables*)
 *(.lowtext)
 *(.lowtext*)
                0x0000000000000094                __ctors_start = .
 *(.ctors)
                0x0000000000000094                __ctors_end = .
                0x0000000000000094                __dtors_start = .
 *(.dtors)
                0x0000000000000094                __dtors_end = .
 SORT(*)(.ctors)
 SORT(*)(.dtors)
 *(.init0)
 .init0         0x0000000000000094        0x0 /usr/lib/gcc/avr/4.9.2/../../../avr/lib/avr51/crtat90can128.o
                0x0000000000000094                __init
 *(.init0)
 *(.init1)
 *(.init1)
 *(.init2)
 .init2         0x0000000000000094        0xc /usr/lib/gcc/avr/4.9.2/../../../avr/lib/avr51/crtat90can128.o
 *(.init2)
 *(.init3)
 *(.init3)
 *(.init4)
 .init4         0x00000000000000a0       0x1a /usr/lib/gcc/avr/4.9.2/avr51/libgcc.a(_copy_data.o)
                0x00000000000000a0                __do_copy_data
 .init4         0x00000000000000ba       0x10 /usr/lib/gcc/avr/4.9.2/avr51/libgcc.a(_clear_bss.o)
                0x00000000000000ba                __do_clear_bss
 *(.init4)
 *(.init5)
 *(.init5)
 *(.init6)
 *(.init6)
 *(.init7)
 *(.init7)
 *(.init8)
 *(.init8)
 *(.init9)
 .init9         0x00000000000000ca        0x8 /usr/lib/gcc/avr/4.9.2/../../../avr/lib/avr51/crtat90can128.o
 *(.init9)
 *(.text)
 .text          0x00000000000000d2        0x4 /usr/lib/gcc/avr/4.9.2/../../../avr/lib/avr51/crtat90can128.o
                0x00000000000000d2                __vector_22
                0x00000000000000d2                __vector_28
                0x00000000000000d2                __vector_1
                0x00000000000000d2                __vector_24
                0x00000000000000d2                __bad_interrupt
                0x00000000000000d2                __vector_6
                0x00000000000000d2                __vector_31
                0x00000000000000d2                __vector_35
                0x00000000000000d2                __vector_3
                0x00000000000000d2                __vector_30
                0x00000000000000d2                __vector_25
                0x00000000000000d2                __vector_11
                0x00000000000000d2                __vector_13
                0x00000000000000d2                __vector_17
                0x00000000000000d2                __vector_19
                0x00000000000000d2                __vector_7
                0x00000000000000d2                __vector_27
                0x00000000000000d2                __vector_5
                0x00000000000000d2                __vector_33
                0x00000000000000d2                __vector_4
                0x00000000000000d2                __vector_9
                0x00000000000000d2                __vector_2
                0x00000000000000d2                __vector_15
                0x00000000000000d2                __vector_36
                0x00000000000000d2                __vector_29
                0x00000000000000d2                __vector_26
                0x00000000000000d2                __vector_14
                0x00000000000000d2                __vector_10
                0x00000000000000d2                __vector_16
                0x00000000000000d2                __vector_20
 .text          0x00000000000000d6        0x0 ./src/actuator.o
 .text          0x00000000000000d6        0x0 ./src/ax.o
 .text          0x00000000000000d6        0x0 ./src/can.o
 .text          0x00000000000000d6        0x0 ./src/debug.o
 .text          0x00000000000000d6        0x0 ./src/gpio.o
 .text          0x00000000000000d6        0x0 ./src/odometry.o
 .text          0x00000000000000d6        0x0 ./src/sensors.o
 .text          0x00000000000000d6        0x0 ./src/system.o
 .text          0x00000000000000d6        0x0 ./src/usart.o
 .text          0x00000000000000d6        0x0 ./darkside.o
 .text          0x00000000000000d6        0x0 ./main.o
 .text          0x00000000000000d6        0x0 /usr/lib/gcc/avr/4.9.2/avr51/libgcc.a(_exit.o)
 .text          0x00000000000000d6        0x0 /usr/lib/gcc/avr/4.9.2/avr51/libgcc.a(_copy_data.o)
 .text          0x00000000000000d6        0x0 /usr/lib/gcc/avr/4.9.2/avr51/libgcc.a(_clear_bss.o)
 .text          0x00000000000000d6        0x0 /usr/lib/gcc/avr/4.9.2/../../../avr/lib/avr51/libm.a(addsf3.o)
 .text          0x00000000000000d6        0x0 /usr/lib/gcc/avr/4.9.2/../../../avr/lib/avr51/libm.a(addsf3x.o)
 .text          0x00000000000000d6        0x0 /usr/lib/gcc/avr/4.9.2/../../../avr/lib/avr51/libm.a(cmpsf2.o)
 .text          0x00000000000000d6        0x0 /usr/lib/gcc/avr/4.9.2/../../../avr/lib/avr51/libm.a(divsf3.o)
 .text          0x00000000000000d6        0x0 /usr/lib/gcc/avr/4.9.2/../../../avr/lib/avr51/libm.a(divsf3x.o)
 .text          0x00000000000000d6        0x0 /usr/lib/gcc/avr/4.9.2/../../../avr/lib/avr51/libm.a(fixunssfsi.o)
 .text          0x00000000000000d6        0x0 /usr/lib/gcc/avr/4.9.2/../../../avr/lib/avr51/libm.a(floatsisf.o)
 .text          0x00000000000000d6        0x0 /usr/lib/gcc/avr/4.9.2/../../../avr/lib/avr51/libm.a(fp_cmp.o)
 .text          0x00000000000000d6        0x0 /usr/lib/gcc/avr/4.9.2/../../../avr/lib/avr51/libm.a(fp_inf.o)
 .text          0x00000000000000d6        0x0 /usr/lib/gcc/avr/4.9.2/../../../avr/lib/avr51/libm.a(fp_nan.o)
 .text          0x00000000000000d6        0x0 /usr/lib/gcc/avr/4.9.2/../../../avr/lib/avr51/libm.a(fp_pscA.o)
 .text          0x00000000000000d6        0x0 /usr/lib/gcc/avr/4.9.2/../../../avr/lib/avr51/libm.a(fp_pscB.o)
 .text          0x00000000000000d6        0x0 /usr/lib/gcc/avr/4.9.2/../../../avr/lib/avr51/libm.a(fp_round.o)
 .text          0x00000000000000d6        0x0 /usr/lib/gcc/avr/4.9.2/../../../avr/lib/avr51/libm.a(fp_split3.o)
 .text          0x00000000000000d6        0x0 /usr/lib/gcc/avr/4.9.2/../../../avr/lib/avr51/libm.a(fp_zero.o)
 .text          0x00000000000000d6        0x0 /usr/lib/gcc/avr/4.9.2/../../../avr/lib/avr51/libm.a(gesf2.o)
 .text          0x00000000000000d6        0x0 /usr/lib/gcc/avr/4.9.2/../../../avr/lib/avr51/libm.a(mulsf3.o)
 .text          0x00000000000000d6        0x0 /usr/lib/gcc/avr/4.9.2/../../../avr/lib/avr51/libm.a(mulsf3x.o)
 .text          0x00000000000000d6        0x0 /usr/lib/gcc/avr/4.9.2/../../../avr/lib/avr51/libc.a(calloc.o)
 .text          0x00000000000000d6        0x0 /usr/lib/gcc/avr/4.9.2/../../../avr/lib/avr51/libc.a(malloc.o)
 .text          0x00000000000000d6        0x0 /usr/lib/gcc/avr/4.9.2/../../../avr/lib/avr51/libc.a(memset.o)
                0x00000000000000d6                . = ALIGN (0x2)
 *(.text.*)
 .text.send_arduino
                0x00000000000000d6       0x36 ./src/actuator.o
                0x00000000000000d6                send_arduino
 .text.get_arduino
                0x000000000000010c       0x2a ./src/actuator.o
                0x000000000000010c                get_arduino
 .text.servo_move
                0x0000000000000136       0x22 ./src/actuator.o
                0x0000000000000136                servo_move
 .text.AX_UART_Init
                0x0000000000000158      0x14a ./src/ax.o
                0x0000000000000158                AX_UART_Init
 .text.AX_SendChar
                0x00000000000002a2       0x34 ./src/ax.o
                0x00000000000002a2                AX_SendChar
 .text.AX_ReadChar
                0x00000000000002d6       0x24 ./src/ax.o
                0x00000000000002d6                AX_ReadChar
 .text.AX_ReadStatus
                0x00000000000002fa       0x5a ./src/ax.o
                0x00000000000002fa                AX_ReadStatus
 .text.AX_StopTransmitter
                0x0000000000000354       0x48 ./src/ax.o
                0x0000000000000354                AX_StopTransmitter
 .text.AX_ReleaseTransmitter
                0x000000000000039c       0x20 ./src/ax.o
                0x000000000000039c                AX_ReleaseTransmitter
 .text.AX_StopReceiver
                0x00000000000003bc       0x20 ./src/ax.o
                0x00000000000003bc                AX_StopReceiver
 .text.AX_ReleaseReceiver
                0x00000000000003dc       0x20 ./src/ax.o
                0x00000000000003dc                AX_ReleaseReceiver
 .text.AX_SetAngle
                0x00000000000003fc      0x22a ./src/ax.o
                0x00000000000003fc                AX_SetAngle
 .text.AX_EndlessTurn
                0x0000000000000626      0x164 ./src/ax.o
                0x0000000000000626                AX_EndlessTurn
 .text.AX_SetSpeed
                0x000000000000078a       0xb4 ./src/ax.o
                0x000000000000078a                AX_SetSpeed
 .text.__vector_18
                0x000000000000083e      0x1c4 ./src/can.o
                0x000000000000083e                __vector_18
 .text.CAN_InitModule
                0x0000000000000a02       0xf6 ./src/can.o
 .text.CAN_InitRxMob
                0x0000000000000af8      0x106 ./src/can.o
 .text.CAN_Init
                0x0000000000000bfe       0x8e ./src/can.o
                0x0000000000000bfe                CAN_Init
 .text.CAN_CheckRX
                0x0000000000000c8c       0x24 ./src/can.o
                0x0000000000000c8c                CAN_CheckRX
 .text.CAN_Read
                0x0000000000000cb0       0xea ./src/can.o
                0x0000000000000cb0                CAN_Read
 .text.CAN_Write
                0x0000000000000d9a      0x114 ./src/can.o
                0x0000000000000d9a                CAN_Write
 .text.debug_init
                0x0000000000000eae        0xe ./src/debug.o
                0x0000000000000eae                debug_init
 .text.__list_add
                0x0000000000000ebc       0x64 ./src/gpio.o
 .text.list_add
                0x0000000000000f20       0x3a ./src/gpio.o
 .text.gpio_register_pin
                0x0000000000000f5a      0x1ce ./src/gpio.o
                0x0000000000000f5a                gpio_register_pin
 .text.gpio_write_pin
                0x0000000000001128       0xf6 ./src/gpio.o
                0x0000000000001128                gpio_write_pin
 .text.__gpio_read_pin
                0x000000000000121e       0x62 ./src/gpio.o
 .text.gpio_read_pin
                0x0000000000001280       0xfa ./src/gpio.o
                0x0000000000001280                gpio_read_pin
 .text.gpio_debouncer
                0x000000000000137a       0xa6 ./src/gpio.o
                0x000000000000137a                gpio_debouncer
 .text.odometry_set_speed
                0x0000000000001420      0x138 ./src/odometry.o
                0x0000000000001420                odometry_set_speed
 .text.odometry_query_position
                0x0000000000001558      0x184 ./src/odometry.o
                0x0000000000001558                odometry_query_position
 .text.odometry_wait_until_done
                0x00000000000016dc       0x6e ./src/odometry.o
 .text.odometry_stop
                0x000000000000174a      0x13a ./src/odometry.o
                0x000000000000174a                odometry_stop
 .text.odometry_move_straight
                0x0000000000001884      0x148 ./src/odometry.o
                0x0000000000001884                odometry_move_straight
 .text.odometry_move_to_position
                0x00000000000019cc      0x17c ./src/odometry.o
                0x00000000000019cc                odometry_move_to_position
 .text.odometry_set_position
                0x0000000000001b48      0x1b4 ./src/odometry.o
                0x0000000000001b48                odometry_set_position
 .text.odometry_rotate_for
                0x0000000000001cfc      0x146 ./src/odometry.o
                0x0000000000001cfc                odometry_rotate_for
 .text.odometry_set_angle
                0x0000000000001e42      0x146 ./src/odometry.o
                0x0000000000001e42                odometry_set_angle
 .text.odometry_kurva
                0x0000000000001f88      0x180 ./src/odometry.o
                0x0000000000001f88                odometry_kurva
 .text.odometry_match_end
                0x0000000000002108      0x120 ./src/odometry.o
                0x0000000000002108                odometry_match_end
 .text.getState
                0x0000000000002228       0x16 ./src/odometry.o
                0x0000000000002228                getState
 .text.odometry_get_x
                0x000000000000223e       0x1a ./src/odometry.o
                0x000000000000223e                odometry_get_x
 .text.odometry_get_y
                0x0000000000002258       0x1a ./src/odometry.o
                0x0000000000002258                odometry_get_y
 .text.odometry_get_angle
                0x0000000000002272       0x1a ./src/odometry.o
                0x0000000000002272                odometry_get_angle
 .text.timer_register_callback
                0x000000000000228c       0x24 ./src/system.o
                0x000000000000228c                timer_register_callback
 .text.timer_init
                0x00000000000022b0       0xa2 ./src/system.o
                0x00000000000022b0                timer_init
 .text.__vector_12
                0x0000000000002352      0x1d2 ./src/system.o
                0x0000000000002352                __vector_12
 .text.system_reset_system_time
                0x0000000000002524       0x1e ./src/system.o
                0x0000000000002524                system_reset_system_time
 .text.system_set_match_started
                0x0000000000002542       0x14 ./src/system.o
                0x0000000000002542                system_set_match_started
 .text.system_get_system_time
                0x0000000000002556       0x22 ./src/system.o
                0x0000000000002556                system_get_system_time
 .text.system_get_match_started
                0x0000000000002578       0x12 ./src/system.o
                0x0000000000002578                system_get_match_started
 .text.__vector_8
                0x000000000000258a       0x2e ./src/system.o
                0x000000000000258a                __vector_8
 .text.system_setup_jumper
                0x00000000000025b8      0x14c ./src/system.o
 .text.system_wait_for_jumper
                0x0000000000002704      0x116 ./src/system.o
 .text.system_init
                0x000000000000281a      0x328 ./src/system.o
                0x000000000000281a                system_init
 .text.UART0_Init
                0x0000000000002b42      0x100 ./src/usart.o
                0x0000000000002b42                UART0_Init
 .text.__vector_23
                0x0000000000002c42       0x84 ./src/usart.o
                0x0000000000002c42                __vector_23
 .text.UART0_Write
                0x0000000000002cc6       0x9c ./src/usart.o
                0x0000000000002cc6                UART0_Write
 .text.__vector_21
                0x0000000000002d62       0x98 ./src/usart.o
                0x0000000000002d62                __vector_21
 .text.UART0_Read
                0x0000000000002dfa       0x8e ./src/usart.o
                0x0000000000002dfa                UART0_Read
 .text.UART1_Init
                0x0000000000002e88      0x100 ./src/usart.o
                0x0000000000002e88                UART1_Init
 .text.__vector_34
                0x0000000000002f88       0x84 ./src/usart.o
                0x0000000000002f88                __vector_34
 .text.__vector_32
                0x000000000000300c       0x98 ./src/usart.o
                0x000000000000300c                __vector_32
 .text.altUart0Write
                0x00000000000030a4       0x34 ./src/usart.o
                0x00000000000030a4                altUart0Write
 .text.altUart1Write
                0x00000000000030d8       0x34 ./src/usart.o
                0x00000000000030d8                altUart1Write
 .text.UART1_Write
                0x000000000000310c       0x9c ./src/usart.o
                0x000000000000310c                UART1_Write
 .text.UART1_Read
                0x00000000000031a8       0x8e ./src/usart.o
                0x00000000000031a8                UART1_Read
 .text.UART1_Buffer
                0x0000000000003236       0x3c ./src/usart.o
                0x0000000000003236                UART1_Buffer
 .text.test_sensor
                0x0000000000003272       0x38 ./darkside.o
                0x0000000000003272                test_sensor
 .text.wait_while_detection_tactic_one
                0x00000000000032aa      0x22c ./darkside.o
 .text.darkside
                0x00000000000034d6      0x2f8 ./darkside.o
                0x00000000000034d6                darkside
 .text.main     0x00000000000037ce      0x2d6 ./main.o
                0x00000000000037ce                main
 .text.libgcc.mul
                0x0000000000003aa4        0x0 /usr/lib/gcc/avr/4.9.2/avr51/libgcc.a(_exit.o)
 .text.libgcc.div
                0x0000000000003aa4        0x0 /usr/lib/gcc/avr/4.9.2/avr51/libgcc.a(_exit.o)
 .text.libgcc   0x0000000000003aa4        0x0 /usr/lib/gcc/avr/4.9.2/avr51/libgcc.a(_exit.o)
 .text.libgcc.prologue
                0x0000000000003aa4        0x0 /usr/lib/gcc/avr/4.9.2/avr51/libgcc.a(_exit.o)
 .text.libgcc.builtins
                0x0000000000003aa4        0x0 /usr/lib/gcc/avr/4.9.2/avr51/libgcc.a(_exit.o)
 .text.libgcc.fmul
                0x0000000000003aa4        0x0 /usr/lib/gcc/avr/4.9.2/avr51/libgcc.a(_exit.o)
 .text.libgcc.fixed
                0x0000000000003aa4        0x0 /usr/lib/gcc/avr/4.9.2/avr51/libgcc.a(_exit.o)
 .text.libgcc.mul
                0x0000000000003aa4        0x0 /usr/lib/gcc/avr/4.9.2/avr51/libgcc.a(_copy_data.o)
 .text.libgcc.div
                0x0000000000003aa4        0x0 /usr/lib/gcc/avr/4.9.2/avr51/libgcc.a(_copy_data.o)
 .text.libgcc   0x0000000000003aa4        0x0 /usr/lib/gcc/avr/4.9.2/avr51/libgcc.a(_copy_data.o)
 .text.libgcc.prologue
                0x0000000000003aa4        0x0 /usr/lib/gcc/avr/4.9.2/avr51/libgcc.a(_copy_data.o)
 .text.libgcc.builtins
                0x0000000000003aa4        0x0 /usr/lib/gcc/avr/4.9.2/avr51/libgcc.a(_copy_data.o)
 .text.libgcc.fmul
                0x0000000000003aa4        0x0 /usr/lib/gcc/avr/4.9.2/avr51/libgcc.a(_copy_data.o)
 .text.libgcc.fixed
                0x0000000000003aa4        0x0 /usr/lib/gcc/avr/4.9.2/avr51/libgcc.a(_copy_data.o)
 .text.libgcc.mul
                0x0000000000003aa4        0x0 /usr/lib/gcc/avr/4.9.2/avr51/libgcc.a(_clear_bss.o)
 .text.libgcc.div
                0x0000000000003aa4        0x0 /usr/lib/gcc/avr/4.9.2/avr51/libgcc.a(_clear_bss.o)
 .text.libgcc   0x0000000000003aa4        0x0 /usr/lib/gcc/avr/4.9.2/avr51/libgcc.a(_clear_bss.o)
 .text.libgcc.prologue
                0x0000000000003aa4        0x0 /usr/lib/gcc/avr/4.9.2/avr51/libgcc.a(_clear_bss.o)
 .text.libgcc.builtins
                0x0000000000003aa4        0x0 /usr/lib/gcc/avr/4.9.2/avr51/libgcc.a(_clear_bss.o)
 .text.libgcc.fmul
                0x0000000000003aa4        0x0 /usr/lib/gcc/avr/4.9.2/avr51/libgcc.a(_clear_bss.o)
 .text.libgcc.fixed
                0x0000000000003aa4        0x0 /usr/lib/gcc/avr/4.9.2/avr51/libgcc.a(_clear_bss.o)
 .text.avr-libc.fplib
                0x0000000000003aa4        0xe /usr/lib/gcc/avr/4.9.2/../../../avr/lib/avr51/libm.a(addsf3.o)
                0x0000000000003aa4                __subsf3
                0x0000000000003aa6                __addsf3
 .text.avr-libc.fplib
                0x0000000000003ab2       0xcc /usr/lib/gcc/avr/4.9.2/../../../avr/lib/avr51/libm.a(addsf3x.o)
                0x0000000000003ad4                __addsf3x
 .text.avr-libc.fplib
                0x0000000000003b7e        0xa /usr/lib/gcc/avr/4.9.2/../../../avr/lib/avr51/libm.a(cmpsf2.o)
                0x0000000000003b7e                __lesf2
                0x0000000000003b7e                __nesf2
                0x0000000000003b7e                __eqsf2
                0x0000000000003b7e                __cmpsf2
                0x0000000000003b7e                __ltsf2
 .text.avr-libc.fplib
                0x0000000000003b88        0x8 /usr/lib/gcc/avr/4.9.2/../../../avr/lib/avr51/libm.a(divsf3.o)
                0x0000000000003b88                __divsf3
 .text.avr-libc.fplib
                0x0000000000003b90       0xdc /usr/lib/gcc/avr/4.9.2/../../../avr/lib/avr51/libm.a(divsf3x.o)
                0x0000000000003bb0                __divsf3x
                0x0000000000003bb6                __divsf3_pse
 .text.avr-libc.fplib
                0x0000000000003c6c       0x5e /usr/lib/gcc/avr/4.9.2/../../../avr/lib/avr51/libm.a(fixunssfsi.o)
                0x0000000000003c6c                __fixunssfsi
 .text.avr-libc.fplib
                0x0000000000003cca       0x7a /usr/lib/gcc/avr/4.9.2/../../../avr/lib/avr51/libm.a(floatsisf.o)
                0x0000000000003cca                __floatunsisf
                0x0000000000003cce                __floatsisf
 .text.avr-libc.fplib
                0x0000000000003d44       0x48 /usr/lib/gcc/avr/4.9.2/../../../avr/lib/avr51/libm.a(fp_cmp.o)
                0x0000000000003d44                __fp_cmp
 .text.avr-libc.fplib
                0x0000000000003d8c        0xc /usr/lib/gcc/avr/4.9.2/../../../avr/lib/avr51/libm.a(fp_inf.o)
                0x0000000000003d8c                __fp_inf
 .text.avr-libc.fplib
                0x0000000000003d98        0x6 /usr/lib/gcc/avr/4.9.2/../../../avr/lib/avr51/libm.a(fp_nan.o)
                0x0000000000003d98                __fp_nan
 .text.avr-libc.fplib
                0x0000000000003d9e        0xe /usr/lib/gcc/avr/4.9.2/../../../avr/lib/avr51/libm.a(fp_pscA.o)
                0x0000000000003d9e                __fp_pscA
 .text.avr-libc.fplib
                0x0000000000003dac        0xe /usr/lib/gcc/avr/4.9.2/../../../avr/lib/avr51/libm.a(fp_pscB.o)
                0x0000000000003dac                __fp_pscB
 .text.avr-libc.fplib
                0x0000000000003dba       0x22 /usr/lib/gcc/avr/4.9.2/../../../avr/lib/avr51/libm.a(fp_round.o)
                0x0000000000003dba                __fp_round
 .text.avr-libc.fplib
                0x0000000000003ddc       0x44 /usr/lib/gcc/avr/4.9.2/../../../avr/lib/avr51/libm.a(fp_split3.o)
                0x0000000000003ddc                __fp_split3
                0x0000000000003dec                __fp_splitA
 .text.avr-libc.fplib
                0x0000000000003e20        0xe /usr/lib/gcc/avr/4.9.2/../../../avr/lib/avr51/libm.a(fp_zero.o)
                0x0000000000003e20                __fp_zero
                0x0000000000003e22                __fp_szero
 .text.avr-libc.fplib
                0x0000000000003e2e        0xa /usr/lib/gcc/avr/4.9.2/../../../avr/lib/avr51/libm.a(gesf2.o)
                0x0000000000003e2e                __gtsf2
                0x0000000000003e2e                __gesf2
 .text.avr-libc.fplib
                0x0000000000003e38        0x8 /usr/lib/gcc/avr/4.9.2/../../../avr/lib/avr51/libm.a(mulsf3.o)
                0x0000000000003e38                __mulsf3
 .text.avr-libc.fplib
                0x0000000000003e40       0xd2 /usr/lib/gcc/avr/4.9.2/../../../avr/lib/avr51/libm.a(mulsf3x.o)
                0x0000000000003e5e                __mulsf3x
                0x0000000000003e64                __mulsf3_pse
 .text.avr-libc
                0x0000000000003f12       0x38 /usr/lib/gcc/avr/4.9.2/../../../avr/lib/avr51/libc.a(calloc.o)
                0x0000000000003f12                calloc
 .text.avr-libc
                0x0000000000003f4a      0x25a /usr/lib/gcc/avr/4.9.2/../../../avr/lib/avr51/libc.a(malloc.o)
                0x0000000000003f4a                malloc
                0x0000000000004074                free
 .text.avr-libc
                0x00000000000041a4        0xe /usr/lib/gcc/avr/4.9.2/../../../avr/lib/avr51/libc.a(memset.o)
                0x00000000000041a4                memset
                0x00000000000041b2                . = ALIGN (0x2)
 *(.fini9)
 .fini9         0x00000000000041b2        0x0 /usr/lib/gcc/avr/4.9.2/avr51/libgcc.a(_exit.o)
                0x00000000000041b2                exit
                0x00000000000041b2                _exit
 *(.fini9)
 *(.fini8)
 *(.fini8)
 *(.fini7)
 *(.fini7)
 *(.fini6)
 *(.fini6)
 *(.fini5)
 *(.fini5)
 *(.fini4)
 *(.fini4)
 *(.fini3)
 *(.fini3)
 *(.fini2)
 *(.fini2)
 *(.fini1)
 *(.fini1)
 *(.fini0)
 .fini0         0x00000000000041b2        0x4 /usr/lib/gcc/avr/4.9.2/avr51/libgcc.a(_exit.o)
 *(.fini0)
                0x00000000000041b6                _etext = .

.data           0x0000000000800100       0x2e load address 0x00000000000041b6
                0x0000000000800100                PROVIDE (__data_start, .)
 *(.data)
 .data          0x0000000000800100        0x0 /usr/lib/gcc/avr/4.9.2/../../../avr/lib/avr51/crtat90can128.o
 .data          0x0000000000800100        0x0 ./src/actuator.o
 .data          0x0000000000800100        0x0 ./src/ax.o
 .data          0x0000000000800100        0x0 ./src/can.o
 .data          0x0000000000800100        0x0 ./src/debug.o
 .data          0x0000000000800100        0x0 ./src/gpio.o
 .data          0x0000000000800100        0x0 ./src/odometry.o
 .data          0x0000000000800100        0x0 ./src/sensors.o
 .data          0x0000000000800100        0x0 ./src/system.o
 .data          0x0000000000800100        0x0 ./src/usart.o
 .data          0x0000000000800100        0x0 ./darkside.o
 .data          0x0000000000800100        0x0 ./main.o
 .data          0x0000000000800100        0x0 /usr/lib/gcc/avr/4.9.2/avr51/libgcc.a(_exit.o)
 .data          0x0000000000800100        0x0 /usr/lib/gcc/avr/4.9.2/avr51/libgcc.a(_copy_data.o)
 .data          0x0000000000800100        0x0 /usr/lib/gcc/avr/4.9.2/avr51/libgcc.a(_clear_bss.o)
 .data          0x0000000000800100        0x0 /usr/lib/gcc/avr/4.9.2/../../../avr/lib/avr51/libm.a(addsf3.o)
 .data          0x0000000000800100        0x0 /usr/lib/gcc/avr/4.9.2/../../../avr/lib/avr51/libm.a(addsf3x.o)
 .data          0x0000000000800100        0x0 /usr/lib/gcc/avr/4.9.2/../../../avr/lib/avr51/libm.a(cmpsf2.o)
 .data          0x0000000000800100        0x0 /usr/lib/gcc/avr/4.9.2/../../../avr/lib/avr51/libm.a(divsf3.o)
 .data          0x0000000000800100        0x0 /usr/lib/gcc/avr/4.9.2/../../../avr/lib/avr51/libm.a(divsf3x.o)
 .data          0x0000000000800100        0x0 /usr/lib/gcc/avr/4.9.2/../../../avr/lib/avr51/libm.a(fixunssfsi.o)
 .data          0x0000000000800100        0x0 /usr/lib/gcc/avr/4.9.2/../../../avr/lib/avr51/libm.a(floatsisf.o)
 .data          0x0000000000800100        0x0 /usr/lib/gcc/avr/4.9.2/../../../avr/lib/avr51/libm.a(fp_cmp.o)
 .data          0x0000000000800100        0x0 /usr/lib/gcc/avr/4.9.2/../../../avr/lib/avr51/libm.a(fp_inf.o)
 .data          0x0000000000800100        0x0 /usr/lib/gcc/avr/4.9.2/../../../avr/lib/avr51/libm.a(fp_nan.o)
 .data          0x0000000000800100        0x0 /usr/lib/gcc/avr/4.9.2/../../../avr/lib/avr51/libm.a(fp_pscA.o)
 .data          0x0000000000800100        0x0 /usr/lib/gcc/avr/4.9.2/../../../avr/lib/avr51/libm.a(fp_pscB.o)
 .data          0x0000000000800100        0x0 /usr/lib/gcc/avr/4.9.2/../../../avr/lib/avr51/libm.a(fp_round.o)
 .data          0x0000000000800100        0x0 /usr/lib/gcc/avr/4.9.2/../../../avr/lib/avr51/libm.a(fp_split3.o)
 .data          0x0000000000800100        0x0 /usr/lib/gcc/avr/4.9.2/../../../avr/lib/avr51/libm.a(fp_zero.o)
 .data          0x0000000000800100        0x0 /usr/lib/gcc/avr/4.9.2/../../../avr/lib/avr51/libm.a(gesf2.o)
 .data          0x0000000000800100        0x0 /usr/lib/gcc/avr/4.9.2/../../../avr/lib/avr51/libm.a(mulsf3.o)
 .data          0x0000000000800100        0x0 /usr/lib/gcc/avr/4.9.2/../../../avr/lib/avr51/libm.a(mulsf3x.o)
 .data          0x0000000000800100        0x0 /usr/lib/gcc/avr/4.9.2/../../../avr/lib/avr51/libc.a(calloc.o)
 .data          0x0000000000800100        0x6 /usr/lib/gcc/avr/4.9.2/../../../avr/lib/avr51/libc.a(malloc.o)
                0x0000000000800100                __malloc_heap_end
                0x0000000000800102                __malloc_heap_start
                0x0000000000800104                __malloc_margin
 .data          0x0000000000800106        0x0 /usr/lib/gcc/avr/4.9.2/../../../avr/lib/avr51/libc.a(memset.o)
 *(.data*)
 .data.debug_pins
                0x0000000000800106        0x5 ./src/debug.o
                0x0000000000800106                debug_pins
 .data.gpio_inputs
                0x000000000080010b        0x4 ./src/gpio.o
                0x000000000080010b                gpio_inputs
 .data.position
                0x000000000080010f        0x7 ./src/odometry.o
                0x000000000080010f                position
 .data.active_state
                0x0000000000800116        0x1 ./darkside.o
                0x0000000000800116                active_state
 .data.TACTIC_ONE_POSITION
                0x0000000000800117       0x16 ./darkside.o
                0x0000000000800117                TACTIC_ONE_POSITION
 *(.rodata)
 *(.rodata*)
 *(.gnu.linkonce.d*)
                0x000000000080012e                . = ALIGN (0x2)
 *fill*         0x000000000080012d        0x1 
                0x000000000080012e                _edata = .
                0x000000000080012e                PROVIDE (__data_end, .)

.bss            0x000000000080012e      0x154
                0x000000000080012e                PROVIDE (__bss_start, .)
 *(.bss)
 .bss           0x000000000080012e        0x0 /usr/lib/gcc/avr/4.9.2/../../../avr/lib/avr51/crtat90can128.o
 .bss           0x000000000080012e        0x0 ./src/actuator.o
 .bss           0x000000000080012e        0x0 ./src/ax.o
 .bss           0x000000000080012e        0x0 ./src/can.o
 .bss           0x000000000080012e        0x0 ./src/debug.o
 .bss           0x000000000080012e        0x0 ./src/gpio.o
 .bss           0x000000000080012e        0x0 ./src/odometry.o
 .bss           0x000000000080012e        0x0 ./src/sensors.o
 .bss           0x000000000080012e        0x0 ./src/system.o
 .bss           0x000000000080012e        0x0 ./src/usart.o
 .bss           0x000000000080012e        0x0 ./darkside.o
 .bss           0x000000000080012e        0x0 ./main.o
 .bss           0x000000000080012e        0x0 /usr/lib/gcc/avr/4.9.2/avr51/libgcc.a(_exit.o)
 .bss           0x000000000080012e        0x0 /usr/lib/gcc/avr/4.9.2/avr51/libgcc.a(_copy_data.o)
 .bss           0x000000000080012e        0x0 /usr/lib/gcc/avr/4.9.2/avr51/libgcc.a(_clear_bss.o)
 .bss           0x000000000080012e        0x0 /usr/lib/gcc/avr/4.9.2/../../../avr/lib/avr51/libm.a(addsf3.o)
 .bss           0x000000000080012e        0x0 /usr/lib/gcc/avr/4.9.2/../../../avr/lib/avr51/libm.a(addsf3x.o)
 .bss           0x000000000080012e        0x0 /usr/lib/gcc/avr/4.9.2/../../../avr/lib/avr51/libm.a(cmpsf2.o)
 .bss           0x000000000080012e        0x0 /usr/lib/gcc/avr/4.9.2/../../../avr/lib/avr51/libm.a(divsf3.o)
 .bss           0x000000000080012e        0x0 /usr/lib/gcc/avr/4.9.2/../../../avr/lib/avr51/libm.a(divsf3x.o)
 .bss           0x000000000080012e        0x0 /usr/lib/gcc/avr/4.9.2/../../../avr/lib/avr51/libm.a(fixunssfsi.o)
 .bss           0x000000000080012e        0x0 /usr/lib/gcc/avr/4.9.2/../../../avr/lib/avr51/libm.a(floatsisf.o)
 .bss           0x000000000080012e        0x0 /usr/lib/gcc/avr/4.9.2/../../../avr/lib/avr51/libm.a(fp_cmp.o)
 .bss           0x000000000080012e        0x0 /usr/lib/gcc/avr/4.9.2/../../../avr/lib/avr51/libm.a(fp_inf.o)
 .bss           0x000000000080012e        0x0 /usr/lib/gcc/avr/4.9.2/../../../avr/lib/avr51/libm.a(fp_nan.o)
 .bss           0x000000000080012e        0x0 /usr/lib/gcc/avr/4.9.2/../../../avr/lib/avr51/libm.a(fp_pscA.o)
 .bss           0x000000000080012e        0x0 /usr/lib/gcc/avr/4.9.2/../../../avr/lib/avr51/libm.a(fp_pscB.o)
 .bss           0x000000000080012e        0x0 /usr/lib/gcc/avr/4.9.2/../../../avr/lib/avr51/libm.a(fp_round.o)
 .bss           0x000000000080012e        0x0 /usr/lib/gcc/avr/4.9.2/../../../avr/lib/avr51/libm.a(fp_split3.o)
 .bss           0x000000000080012e        0x0 /usr/lib/gcc/avr/4.9.2/../../../avr/lib/avr51/libm.a(fp_zero.o)
 .bss           0x000000000080012e        0x0 /usr/lib/gcc/avr/4.9.2/../../../avr/lib/avr51/libm.a(gesf2.o)
 .bss           0x000000000080012e        0x0 /usr/lib/gcc/avr/4.9.2/../../../avr/lib/avr51/libm.a(mulsf3.o)
 .bss           0x000000000080012e        0x0 /usr/lib/gcc/avr/4.9.2/../../../avr/lib/avr51/libm.a(mulsf3x.o)
 .bss           0x000000000080012e        0x0 /usr/lib/gcc/avr/4.9.2/../../../avr/lib/avr51/libc.a(calloc.o)
 .bss           0x000000000080012e        0x0 /usr/lib/gcc/avr/4.9.2/../../../avr/lib/avr51/libc.a(malloc.o)
 .bss           0x000000000080012e        0x0 /usr/lib/gcc/avr/4.9.2/../../../avr/lib/avr51/libc.a(memset.o)
 *(.bss*)
 .bss.rxBuffers
                0x000000000080012e       0x14 ./src/can.o
 .bss.rxWrIndex
                0x0000000000800142        0xa ./src/can.o
 .bss.rxRdIndex
                0x000000000080014c        0xa ./src/can.o
 .bss.rxCounter
                0x0000000000800156        0xa ./src/can.o
 .bss.test      0x0000000000800160        0x2 ./src/gpio.o
                0x0000000000800160                test
 .bss.count.1762
                0x0000000000800162        0x2 ./src/gpio.o
 .bss.current_speed
                0x0000000000800164        0x1 ./src/odometry.o
 .bss.sys_time  0x0000000000800165        0x4 ./src/system.o
 .bss.match_started
                0x0000000000800169        0x1 ./src/system.o
 .bss.timer_callback
                0x000000000080016a        0x2 ./src/system.o
 .bss.received  0x000000000080016c        0x2 ./src/system.o
                0x000000000080016c                received
 .bss.jumper_pulled
                0x000000000080016e        0x1 ./src/system.o
 .bss.tx0_buffer
                0x000000000080016f       0x40 ./src/usart.o
 .bss.tx0_wr_index
                0x00000000008001af        0x1 ./src/usart.o
 .bss.tx0_counter
                0x00000000008001b0        0x1 ./src/usart.o
 .bss.tx0_rd_index
                0x00000000008001b1        0x1 ./src/usart.o
 .bss.rx0_buffer
                0x00000000008001b2       0x40 ./src/usart.o
 .bss.rx0_wr_index
                0x00000000008001f2        0x1 ./src/usart.o
 .bss.rx0_counter
                0x00000000008001f3        0x1 ./src/usart.o
 .bss.rx0_rd_index
                0x00000000008001f4        0x1 ./src/usart.o
 .bss.tx1_buffer
                0x00000000008001f5       0x40 ./src/usart.o
 .bss.tx1_wr_index
                0x0000000000800235        0x1 ./src/usart.o
 .bss.tx1_counter
                0x0000000000800236        0x1 ./src/usart.o
 .bss.tx1_rd_index
                0x0000000000800237        0x1 ./src/usart.o
 .bss.rx1_buffer
                0x0000000000800238       0x40 ./src/usart.o
 .bss.rx1_wr_index
                0x0000000000800278        0x1 ./src/usart.o
 .bss.rx1_counter
                0x0000000000800279        0x1 ./src/usart.o
 .bss.rx1_rd_index
                0x000000000080027a        0x1 ./src/usart.o
 .bss.current_position
                0x000000000080027b        0x1 ./darkside.o
                0x000000000080027b                current_position
 .bss.next_position
                0x000000000080027c        0x1 ./darkside.o
                0x000000000080027c                next_position
 *(COMMON)
 COMMON         0x000000000080027d        0x1 ./darkside.o
                0x000000000080027d                odometry_status
 COMMON         0x000000000080027e        0x4 /usr/lib/gcc/avr/4.9.2/../../../avr/lib/avr51/libc.a(malloc.o)
                0x000000000080027e                __brkval
                0x0000000000800280                __flp
                0x0000000000800282                PROVIDE (__bss_end, .)
                0x00000000000041b6                __data_load_start = LOADADDR (.data)
                0x00000000000041e4                __data_load_end = (__data_load_start + SIZEOF (.data))

.noinit         0x0000000000800282        0x0
                0x0000000000800282                PROVIDE (__noinit_start, .)
 *(.noinit*)
                0x0000000000800282                PROVIDE (__noinit_end, .)
                0x0000000000800282                _end = .
                0x0000000000800282                PROVIDE (__heap_start, .)

.eeprom         0x0000000000810000        0x0
 *(.eeprom*)
                0x0000000000810000                __eeprom_end = .

.fuse
 *(.fuse)
 *(.lfuse)
 *(.hfuse)
 *(.efuse)

.lock
 *(.lock*)

.signature
 *(.signature*)

.user_signatures
 *(.user_signatures*)

.stab           0x0000000000000000     0x6198
 *(.stab)
 .stab          0x0000000000000000      0x63c ./src/actuator.o
 .stab          0x000000000000063c      0xb4c ./src/ax.o
                                        0xd14 (size before relaxing)
 .stab          0x0000000000001188      0xae0 ./src/can.o
                                        0xd14 (size before relaxing)
 .stab          0x0000000000001c68      0x30c ./src/debug.o
                                        0x570 (size before relaxing)
 .stab          0x0000000000001f74      0x990 ./src/gpio.o
                                        0xbac (size before relaxing)
 .stab          0x0000000000002904     0x1350 ./src/odometry.o
                                       0x156c (size before relaxing)
 .stab          0x0000000000003c54      0x258 ./src/sensors.o
                                        0x264 (size before relaxing)
 .stab          0x0000000000003eac      0xab0 ./src/system.o
                                        0xd2c (size before relaxing)
 .stab          0x000000000000495c      0xb04 ./src/usart.o
                                        0xccc (size before relaxing)
 .stab          0x0000000000005460      0x804 ./darkside.o
                                        0xa44 (size before relaxing)
 .stab          0x0000000000005c64      0x534 ./main.o
                                        0x78c (size before relaxing)

.stabstr        0x0000000000000000     0x201f
 *(.stabstr)
 .stabstr       0x0000000000000000     0x201f ./src/actuator.o

.stab.excl
 *(.stab.excl)

.stab.exclstr
 *(.stab.exclstr)

.stab.index
 *(.stab.index)

.stab.indexstr
 *(.stab.indexstr)

.comment        0x0000000000000000       0x11
 *(.comment)
 .comment       0x0000000000000000       0x11 ./src/actuator.o
                                         0x12 (size before relaxing)
 .comment       0x0000000000000011       0x12 ./src/ax.o
 .comment       0x0000000000000011       0x12 ./src/can.o
 .comment       0x0000000000000011       0x12 ./src/debug.o
 .comment       0x0000000000000011       0x12 ./src/gpio.o
 .comment       0x0000000000000011       0x12 ./src/odometry.o
 .comment       0x0000000000000011       0x12 ./src/sensors.o
 .comment       0x0000000000000011       0x12 ./src/system.o
 .comment       0x0000000000000011       0x12 ./src/usart.o
 .comment       0x0000000000000011       0x12 ./darkside.o
 .comment       0x0000000000000011       0x12 ./main.o
 .comment       0x0000000000000011       0x12 /usr/lib/gcc/avr/4.9.2/../../../avr/lib/avr51/libc.a(calloc.o)
 .comment       0x0000000000000011       0x12 /usr/lib/gcc/avr/4.9.2/../../../avr/lib/avr51/libc.a(malloc.o)

.note.gnu.avr.deviceinfo
                0x0000000000000000       0x40
 .note.gnu.avr.deviceinfo
                0x0000000000000000       0x40 /usr/lib/gcc/avr/4.9.2/../../../avr/lib/avr51/crtat90can128.o

.note.gnu.build-id
 *(.note.gnu.build-id)

.debug
 *(.debug)

.line
 *(.line)

.debug_srcinfo
 *(.debug_srcinfo)

.debug_sfnames
 *(.debug_sfnames)

.debug_aranges
 *(.debug_aranges)

.debug_pubnames
 *(.debug_pubnames)

.debug_info
 *(.debug_info .gnu.linkonce.wi.*)

.debug_abbrev
 *(.debug_abbrev)

.debug_line
 *(.debug_line .debug_line.* .debug_line_end)

.debug_frame
 *(.debug_frame)

.debug_str
 *(.debug_str)

.debug_loc
 *(.debug_loc)

.debug_macinfo
 *(.debug_macinfo)

.debug_weaknames
 *(.debug_weaknames)

.debug_funcnames
 *(.debug_funcnames)

.debug_typenames
 *(.debug_typenames)

.debug_varnames
 *(.debug_varnames)

.debug_pubtypes
 *(.debug_pubtypes)

.debug_ranges
 *(.debug_ranges)

.debug_macro
 *(.debug_macro)
OUTPUT(EP_Framework_Atmel.elf elf32-avr)
LOAD linker stubs
