Archive member included to satisfy reference by file (symbol)

/usr/lib/gcc/avr/4.9.2/avr51/libgcc.a(_udivmodsi4.o)
                              ./src/system.o (__udivmodsi4)
/usr/lib/gcc/avr/4.9.2/avr51/libgcc.a(_exit.o)
                              /usr/lib/gcc/avr/4.9.2/../../../avr/lib/avr51/crtat90can128.o (exit)
/usr/lib/gcc/avr/4.9.2/avr51/libgcc.a(_copy_data.o)
                              ./src/debug.o (__do_copy_data)
/usr/lib/gcc/avr/4.9.2/avr51/libgcc.a(_clear_bss.o)
                              ./src/can.o (__do_clear_bss)
/usr/lib/gcc/avr/4.9.2/../../../avr/lib/avr51/libm.a(addsf3.o)
                              ./src/actuator.o (__subsf3)
/usr/lib/gcc/avr/4.9.2/../../../avr/lib/avr51/libm.a(addsf3x.o)
                              /usr/lib/gcc/avr/4.9.2/../../../avr/lib/avr51/libm.a(addsf3.o) (__addsf3x)
/usr/lib/gcc/avr/4.9.2/../../../avr/lib/avr51/libm.a(cmpsf2.o)
                              ./src/ax.o (__ltsf2)
/usr/lib/gcc/avr/4.9.2/../../../avr/lib/avr51/libm.a(divsf3.o)
                              ./src/actuator.o (__divsf3)
/usr/lib/gcc/avr/4.9.2/../../../avr/lib/avr51/libm.a(divsf3x.o)
                              /usr/lib/gcc/avr/4.9.2/../../../avr/lib/avr51/libm.a(divsf3.o) (__divsf3x)
/usr/lib/gcc/avr/4.9.2/../../../avr/lib/avr51/libm.a(fixsfsi.o)
                              ./src/actuator.o (__fixsfsi)
/usr/lib/gcc/avr/4.9.2/../../../avr/lib/avr51/libm.a(fixunssfsi.o)
                              ./src/actuator.o (__fixunssfsi)
/usr/lib/gcc/avr/4.9.2/../../../avr/lib/avr51/libm.a(floatsisf.o)
                              ./src/actuator.o (__floatunsisf)
/usr/lib/gcc/avr/4.9.2/../../../avr/lib/avr51/libm.a(fp_cmp.o)
                              /usr/lib/gcc/avr/4.9.2/../../../avr/lib/avr51/libm.a(cmpsf2.o) (__fp_cmp)
/usr/lib/gcc/avr/4.9.2/../../../avr/lib/avr51/libm.a(fp_inf.o)
                              /usr/lib/gcc/avr/4.9.2/../../../avr/lib/avr51/libm.a(addsf3x.o) (__fp_inf)
/usr/lib/gcc/avr/4.9.2/../../../avr/lib/avr51/libm.a(fp_nan.o)
                              /usr/lib/gcc/avr/4.9.2/../../../avr/lib/avr51/libm.a(addsf3x.o) (__fp_nan)
/usr/lib/gcc/avr/4.9.2/../../../avr/lib/avr51/libm.a(fp_pscA.o)
                              /usr/lib/gcc/avr/4.9.2/../../../avr/lib/avr51/libm.a(addsf3x.o) (__fp_pscA)
/usr/lib/gcc/avr/4.9.2/../../../avr/lib/avr51/libm.a(fp_pscB.o)
                              /usr/lib/gcc/avr/4.9.2/../../../avr/lib/avr51/libm.a(addsf3x.o) (__fp_pscB)
/usr/lib/gcc/avr/4.9.2/../../../avr/lib/avr51/libm.a(fp_round.o)
                              /usr/lib/gcc/avr/4.9.2/../../../avr/lib/avr51/libm.a(addsf3.o) (__fp_round)
/usr/lib/gcc/avr/4.9.2/../../../avr/lib/avr51/libm.a(fp_split3.o)
                              /usr/lib/gcc/avr/4.9.2/../../../avr/lib/avr51/libm.a(addsf3x.o) (__fp_split3)
/usr/lib/gcc/avr/4.9.2/../../../avr/lib/avr51/libm.a(fp_zero.o)
                              /usr/lib/gcc/avr/4.9.2/../../../avr/lib/avr51/libm.a(addsf3x.o) (__fp_zero)
/usr/lib/gcc/avr/4.9.2/../../../avr/lib/avr51/libm.a(gesf2.o)
                              ./src/actuator.o (__gesf2)
/usr/lib/gcc/avr/4.9.2/../../../avr/lib/avr51/libm.a(mulsf3.o)
                              ./src/actuator.o (__mulsf3)
/usr/lib/gcc/avr/4.9.2/../../../avr/lib/avr51/libm.a(mulsf3x.o)
                              /usr/lib/gcc/avr/4.9.2/../../../avr/lib/avr51/libm.a(mulsf3.o) (__mulsf3x)
/usr/lib/gcc/avr/4.9.2/../../../avr/lib/avr51/libc.a(calloc.o)
                              ./src/can.o (calloc)
/usr/lib/gcc/avr/4.9.2/../../../avr/lib/avr51/libc.a(malloc.o)
                              ./src/gpio.o (malloc)
/usr/lib/gcc/avr/4.9.2/../../../avr/lib/avr51/libc.a(memset.o)
                              /usr/lib/gcc/avr/4.9.2/../../../avr/lib/avr51/libc.a(calloc.o) (memset)

Allocating common symbols
Common symbol       size              file

__brkval            0x2               /usr/lib/gcc/avr/4.9.2/../../../avr/lib/avr51/libc.a(malloc.o)
odometry_status     0x1               ./darkside.o
__flp               0x2               /usr/lib/gcc/avr/4.9.2/../../../avr/lib/avr51/libc.a(malloc.o)

Memory Configuration

Name             Origin             Length             Attributes
text             0x0000000000000000 0x0000000000020000 xr
data             0x0000000000800100 0x000000000000ff00 rw !x
eeprom           0x0000000000810000 0x0000000000010000 rw !x
fuse             0x0000000000820000 0x0000000000000400 rw !x
lock             0x0000000000830000 0x0000000000000400 rw !x
signature        0x0000000000840000 0x0000000000000400 rw !x
user_signatures  0x0000000000850000 0x0000000000000400 rw !x
*default*        0x0000000000000000 0xffffffffffffffff

Linker script and memory map

Address of section .data set to 0x800100
LOAD /usr/lib/gcc/avr/4.9.2/../../../avr/lib/avr51/crtat90can128.o
LOAD ./src/actuator.o
LOAD ./src/ax.o
LOAD ./src/can.o
LOAD ./src/debug.o
LOAD ./src/gpio.o
LOAD ./src/odometry.o
LOAD ./src/sensors.o
LOAD ./src/system.o
LOAD ./src/usart.o
LOAD ./darkside.o
LOAD ./main.o
START GROUP
LOAD /usr/lib/gcc/avr/4.9.2/avr51/libgcc.a
LOAD /usr/lib/gcc/avr/4.9.2/../../../avr/lib/avr51/libm.a
LOAD /usr/lib/gcc/avr/4.9.2/../../../avr/lib/avr51/libc.a
LOAD /usr/lib/gcc/avr/4.9.2/../../../avr/lib/avr51/libat90can128.a
END GROUP

.hash
 *(.hash)

.dynsym
 *(.dynsym)

.dynstr
 *(.dynstr)

.gnu.version
 *(.gnu.version)

.gnu.version_d
 *(.gnu.version_d)

.gnu.version_r
 *(.gnu.version_r)

.rel.init
 *(.rel.init)

.rela.init
 *(.rela.init)

.rel.text
 *(.rel.text)
 *(.rel.text.*)
 *(.rel.gnu.linkonce.t*)

.rela.text
 *(.rela.text)
 *(.rela.text.*)
 *(.rela.gnu.linkonce.t*)

.rel.fini
 *(.rel.fini)

.rela.fini
 *(.rela.fini)

.rel.rodata
 *(.rel.rodata)
 *(.rel.rodata.*)
 *(.rel.gnu.linkonce.r*)

.rela.rodata
 *(.rela.rodata)
 *(.rela.rodata.*)
 *(.rela.gnu.linkonce.r*)

.rel.data
 *(.rel.data)
 *(.rel.data.*)
 *(.rel.gnu.linkonce.d*)

.rela.data
 *(.rela.data)
 *(.rela.data.*)
 *(.rela.gnu.linkonce.d*)

.rel.ctors
 *(.rel.ctors)

.rela.ctors
 *(.rela.ctors)

.rel.dtors
 *(.rel.dtors)

.rela.dtors
 *(.rela.dtors)

.rel.got
 *(.rel.got)

.rela.got
 *(.rela.got)

.rel.bss
 *(.rel.bss)

.rela.bss
 *(.rela.bss)

.rel.plt
 *(.rel.plt)

.rela.plt
 *(.rela.plt)

.text           0x0000000000000000     0x480e
 *(.vectors)
 .vectors       0x0000000000000000       0x94 /usr/lib/gcc/avr/4.9.2/../../../avr/lib/avr51/crtat90can128.o
                0x0000000000000000                __vectors
                0x0000000000000000                __vector_default
 *(.vectors)
 *(.progmem.gcc*)
                0x0000000000000094                . = ALIGN (0x2)
                0x0000000000000094                __trampolines_start = .
 *(.trampolines)
 .trampolines   0x0000000000000094        0x0 linker stubs
 *(.trampolines*)
                0x0000000000000094                __trampolines_end = .
 *(.progmem*)
                0x0000000000000094                . = ALIGN (0x2)
 *(.jumptables)
 *(.jumptables*)
 *(.lowtext)
 *(.lowtext*)
                0x0000000000000094                __ctors_start = .
 *(.ctors)
                0x0000000000000094                __ctors_end = .
                0x0000000000000094                __dtors_start = .
 *(.dtors)
                0x0000000000000094                __dtors_end = .
 SORT(*)(.ctors)
 SORT(*)(.dtors)
 *(.init0)
 .init0         0x0000000000000094        0x0 /usr/lib/gcc/avr/4.9.2/../../../avr/lib/avr51/crtat90can128.o
                0x0000000000000094                __init
 *(.init0)
 *(.init1)
 *(.init1)
 *(.init2)
 .init2         0x0000000000000094        0xc /usr/lib/gcc/avr/4.9.2/../../../avr/lib/avr51/crtat90can128.o
 *(.init2)
 *(.init3)
 *(.init3)
 *(.init4)
 .init4         0x00000000000000a0       0x1a /usr/lib/gcc/avr/4.9.2/avr51/libgcc.a(_copy_data.o)
                0x00000000000000a0                __do_copy_data
 .init4         0x00000000000000ba       0x10 /usr/lib/gcc/avr/4.9.2/avr51/libgcc.a(_clear_bss.o)
                0x00000000000000ba                __do_clear_bss
 *(.init4)
 *(.init5)
 *(.init5)
 *(.init6)
 *(.init6)
 *(.init7)
 *(.init7)
 *(.init8)
 *(.init8)
 *(.init9)
 .init9         0x00000000000000ca        0x8 /usr/lib/gcc/avr/4.9.2/../../../avr/lib/avr51/crtat90can128.o
 *(.init9)
 *(.text)
 .text          0x00000000000000d2        0x4 /usr/lib/gcc/avr/4.9.2/../../../avr/lib/avr51/crtat90can128.o
                0x00000000000000d2                __vector_22
                0x00000000000000d2                __vector_28
                0x00000000000000d2                __vector_1
                0x00000000000000d2                __vector_24
                0x00000000000000d2                __bad_interrupt
                0x00000000000000d2                __vector_6
                0x00000000000000d2                __vector_31
                0x00000000000000d2                __vector_35
                0x00000000000000d2                __vector_3
                0x00000000000000d2                __vector_30
                0x00000000000000d2                __vector_25
                0x00000000000000d2                __vector_11
                0x00000000000000d2                __vector_13
                0x00000000000000d2                __vector_17
                0x00000000000000d2                __vector_19
                0x00000000000000d2                __vector_7
                0x00000000000000d2                __vector_27
                0x00000000000000d2                __vector_5
                0x00000000000000d2                __vector_33
                0x00000000000000d2                __vector_4
                0x00000000000000d2                __vector_9
                0x00000000000000d2                __vector_2
                0x00000000000000d2                __vector_15
                0x00000000000000d2                __vector_36
                0x00000000000000d2                __vector_29
                0x00000000000000d2                __vector_26
                0x00000000000000d2                __vector_14
                0x00000000000000d2                __vector_10
                0x00000000000000d2                __vector_16
                0x00000000000000d2                __vector_20
 .text          0x00000000000000d6        0x0 ./src/actuator.o
 .text          0x00000000000000d6        0x0 ./src/ax.o
 .text          0x00000000000000d6        0x0 ./src/can.o
 .text          0x00000000000000d6        0x0 ./src/debug.o
 .text          0x00000000000000d6        0x0 ./src/gpio.o
 .text          0x00000000000000d6        0x0 ./src/odometry.o
 .text          0x00000000000000d6        0x0 ./src/sensors.o
 .text          0x00000000000000d6        0x0 ./src/system.o
 .text          0x00000000000000d6        0x0 ./src/usart.o
 .text          0x00000000000000d6        0x0 ./darkside.o
 .text          0x00000000000000d6        0x0 ./main.o
 .text          0x00000000000000d6        0x0 /usr/lib/gcc/avr/4.9.2/avr51/libgcc.a(_udivmodsi4.o)
 .text          0x00000000000000d6        0x0 /usr/lib/gcc/avr/4.9.2/avr51/libgcc.a(_exit.o)
 .text          0x00000000000000d6        0x0 /usr/lib/gcc/avr/4.9.2/avr51/libgcc.a(_copy_data.o)
 .text          0x00000000000000d6        0x0 /usr/lib/gcc/avr/4.9.2/avr51/libgcc.a(_clear_bss.o)
 .text          0x00000000000000d6        0x0 /usr/lib/gcc/avr/4.9.2/../../../avr/lib/avr51/libm.a(addsf3.o)
 .text          0x00000000000000d6        0x0 /usr/lib/gcc/avr/4.9.2/../../../avr/lib/avr51/libm.a(addsf3x.o)
 .text          0x00000000000000d6        0x0 /usr/lib/gcc/avr/4.9.2/../../../avr/lib/avr51/libm.a(cmpsf2.o)
 .text          0x00000000000000d6        0x0 /usr/lib/gcc/avr/4.9.2/../../../avr/lib/avr51/libm.a(divsf3.o)
 .text          0x00000000000000d6        0x0 /usr/lib/gcc/avr/4.9.2/../../../avr/lib/avr51/libm.a(divsf3x.o)
 .text          0x00000000000000d6        0x0 /usr/lib/gcc/avr/4.9.2/../../../avr/lib/avr51/libm.a(fixsfsi.o)
 .text          0x00000000000000d6        0x0 /usr/lib/gcc/avr/4.9.2/../../../avr/lib/avr51/libm.a(fixunssfsi.o)
 .text          0x00000000000000d6        0x0 /usr/lib/gcc/avr/4.9.2/../../../avr/lib/avr51/libm.a(floatsisf.o)
 .text          0x00000000000000d6        0x0 /usr/lib/gcc/avr/4.9.2/../../../avr/lib/avr51/libm.a(fp_cmp.o)
 .text          0x00000000000000d6        0x0 /usr/lib/gcc/avr/4.9.2/../../../avr/lib/avr51/libm.a(fp_inf.o)
 .text          0x00000000000000d6        0x0 /usr/lib/gcc/avr/4.9.2/../../../avr/lib/avr51/libm.a(fp_nan.o)
 .text          0x00000000000000d6        0x0 /usr/lib/gcc/avr/4.9.2/../../../avr/lib/avr51/libm.a(fp_pscA.o)
 .text          0x00000000000000d6        0x0 /usr/lib/gcc/avr/4.9.2/../../../avr/lib/avr51/libm.a(fp_pscB.o)
 .text          0x00000000000000d6        0x0 /usr/lib/gcc/avr/4.9.2/../../../avr/lib/avr51/libm.a(fp_round.o)
 .text          0x00000000000000d6        0x0 /usr/lib/gcc/avr/4.9.2/../../../avr/lib/avr51/libm.a(fp_split3.o)
 .text          0x00000000000000d6        0x0 /usr/lib/gcc/avr/4.9.2/../../../avr/lib/avr51/libm.a(fp_zero.o)
 .text          0x00000000000000d6        0x0 /usr/lib/gcc/avr/4.9.2/../../../avr/lib/avr51/libm.a(gesf2.o)
 .text          0x00000000000000d6        0x0 /usr/lib/gcc/avr/4.9.2/../../../avr/lib/avr51/libm.a(mulsf3.o)
 .text          0x00000000000000d6        0x0 /usr/lib/gcc/avr/4.9.2/../../../avr/lib/avr51/libm.a(mulsf3x.o)
 .text          0x00000000000000d6        0x0 /usr/lib/gcc/avr/4.9.2/../../../avr/lib/avr51/libc.a(calloc.o)
 .text          0x00000000000000d6        0x0 /usr/lib/gcc/avr/4.9.2/../../../avr/lib/avr51/libc.a(malloc.o)
 .text          0x00000000000000d6        0x0 /usr/lib/gcc/avr/4.9.2/../../../avr/lib/avr51/libc.a(memset.o)
                0x00000000000000d6                . = ALIGN (0x2)
 *(.text.*)
 .text.send_arduino
                0x00000000000000d6       0x36 ./src/actuator.o
                0x00000000000000d6                send_arduino
 .text.get_arduino
                0x000000000000010c       0x2a ./src/actuator.o
                0x000000000000010c                get_arduino
 .text.servo_move
                0x0000000000000136       0x22 ./src/actuator.o
                0x0000000000000136                servo_move
 .text.ping_actuator
                0x0000000000000158       0x2e ./src/actuator.o
                0x0000000000000158                ping_actuator
 .text.servo_init
                0x0000000000000186       0xfa ./src/actuator.o
                0x0000000000000186                servo_init
 .text.servo_set_duty_cycle_one
                0x0000000000000280       0xc8 ./src/actuator.o
 .text.servo_set_duty_cycle_two
                0x0000000000000348       0xc8 ./src/actuator.o
 .text.servo_set_duty_cycle_three
                0x0000000000000410       0xc8 ./src/actuator.o
 .text.range_conv
                0x00000000000004d8       0x6e ./src/actuator.o
 .text.check_servo_range
                0x0000000000000546       0x56 ./src/actuator.o
 .text.servo_set_angle_one
                0x000000000000059c       0x4a ./src/actuator.o
                0x000000000000059c                servo_set_angle_one
 .text.servo_set_angle_two
                0x00000000000005e6       0x4a ./src/actuator.o
                0x00000000000005e6                servo_set_angle_two
 .text.servo_set_angle_three
                0x0000000000000630       0x4a ./src/actuator.o
                0x0000000000000630                servo_set_angle_three
 .text.servo_set_angle_four
                0x000000000000067a       0x7e ./src/actuator.o
                0x000000000000067a                servo_set_angle_four
 .text.AX_UART_Init
                0x00000000000006f8      0x14a ./src/ax.o
                0x00000000000006f8                AX_UART_Init
 .text.AX_SendChar
                0x0000000000000842       0x34 ./src/ax.o
                0x0000000000000842                AX_SendChar
 .text.AX_ReadChar
                0x0000000000000876       0x24 ./src/ax.o
                0x0000000000000876                AX_ReadChar
 .text.AX_ReadStatus
                0x000000000000089a       0x5a ./src/ax.o
                0x000000000000089a                AX_ReadStatus
 .text.AX_StopTransmitter
                0x00000000000008f4       0x48 ./src/ax.o
                0x00000000000008f4                AX_StopTransmitter
 .text.AX_ReleaseTransmitter
                0x000000000000093c       0x20 ./src/ax.o
                0x000000000000093c                AX_ReleaseTransmitter
 .text.AX_StopReceiver
                0x000000000000095c       0x20 ./src/ax.o
                0x000000000000095c                AX_StopReceiver
 .text.AX_ReleaseReceiver
                0x000000000000097c       0x20 ./src/ax.o
                0x000000000000097c                AX_ReleaseReceiver
 .text.AX_SetAngle
                0x000000000000099c      0x22a ./src/ax.o
                0x000000000000099c                AX_SetAngle
 .text.AX_EndlessTurn
                0x0000000000000bc6      0x164 ./src/ax.o
                0x0000000000000bc6                AX_EndlessTurn
 .text.AX_SetSpeed
                0x0000000000000d2a       0xb4 ./src/ax.o
                0x0000000000000d2a                AX_SetSpeed
 .text.__vector_18
                0x0000000000000dde      0x1c4 ./src/can.o
                0x0000000000000dde                __vector_18
 .text.CAN_InitModule
                0x0000000000000fa2       0xf6 ./src/can.o
 .text.CAN_InitRxMob
                0x0000000000001098      0x106 ./src/can.o
 .text.CAN_Init
                0x000000000000119e       0x8e ./src/can.o
                0x000000000000119e                CAN_Init
 .text.CAN_CheckRX
                0x000000000000122c       0x24 ./src/can.o
                0x000000000000122c                CAN_CheckRX
 .text.CAN_Read
                0x0000000000001250       0xea ./src/can.o
                0x0000000000001250                CAN_Read
 .text.CAN_Write
                0x000000000000133a      0x114 ./src/can.o
                0x000000000000133a                CAN_Write
 .text.debug_init
                0x000000000000144e        0xe ./src/debug.o
                0x000000000000144e                debug_init
 .text.__list_add
                0x000000000000145c       0x64 ./src/gpio.o
 .text.list_add
                0x00000000000014c0       0x3a ./src/gpio.o
 .text.gpio_register_pin
                0x00000000000014fa      0x1ce ./src/gpio.o
                0x00000000000014fa                gpio_register_pin
 .text.gpio_write_pin
                0x00000000000016c8       0xf6 ./src/gpio.o
                0x00000000000016c8                gpio_write_pin
 .text.__gpio_read_pin
                0x00000000000017be       0x62 ./src/gpio.o
 .text.gpio_read_pin
                0x0000000000001820       0xfa ./src/gpio.o
                0x0000000000001820                gpio_read_pin
 .text.gpio_debouncer
                0x000000000000191a       0xa6 ./src/gpio.o
                0x000000000000191a                gpio_debouncer
 .text.odometry_set_speed
                0x00000000000019c0      0x138 ./src/odometry.o
                0x00000000000019c0                odometry_set_speed
 .text.odometry_query_position
                0x0000000000001af8      0x184 ./src/odometry.o
                0x0000000000001af8                odometry_query_position
 .text.odometry_wait_until_done
                0x0000000000001c7c       0x6e ./src/odometry.o
 .text.odometry_stop
                0x0000000000001cea      0x13a ./src/odometry.o
                0x0000000000001cea                odometry_stop
 .text.odometry_move_straight
                0x0000000000001e24      0x148 ./src/odometry.o
                0x0000000000001e24                odometry_move_straight
 .text.odometry_move_to_position
                0x0000000000001f6c      0x17c ./src/odometry.o
                0x0000000000001f6c                odometry_move_to_position
 .text.odometry_set_position
                0x00000000000020e8      0x1b4 ./src/odometry.o
                0x00000000000020e8                odometry_set_position
 .text.odometry_rotate_for
                0x000000000000229c      0x146 ./src/odometry.o
                0x000000000000229c                odometry_rotate_for
 .text.odometry_set_angle
                0x00000000000023e2      0x146 ./src/odometry.o
                0x00000000000023e2                odometry_set_angle
 .text.odometry_kurva
                0x0000000000002528      0x180 ./src/odometry.o
                0x0000000000002528                odometry_kurva
 .text.odometry_match_end
                0x00000000000026a8      0x120 ./src/odometry.o
                0x00000000000026a8                odometry_match_end
 .text.getState
                0x00000000000027c8       0x16 ./src/odometry.o
                0x00000000000027c8                getState
 .text.odometry_get_x
                0x00000000000027de       0x1a ./src/odometry.o
                0x00000000000027de                odometry_get_x
 .text.odometry_get_y
                0x00000000000027f8       0x1a ./src/odometry.o
                0x00000000000027f8                odometry_get_y
 .text.odometry_get_angle
                0x0000000000002812       0x1a ./src/odometry.o
                0x0000000000002812                odometry_get_angle
 .text.timer_register_callback
                0x000000000000282c       0x24 ./src/system.o
                0x000000000000282c                timer_register_callback
 .text.timer_init
                0x0000000000002850       0xa2 ./src/system.o
                0x0000000000002850                timer_init
 .text.__vector_12
                0x00000000000028f2      0x21c ./src/system.o
                0x00000000000028f2                __vector_12
 .text.system_reset_system_time
                0x0000000000002b0e       0x1e ./src/system.o
                0x0000000000002b0e                system_reset_system_time
 .text.system_set_match_started
                0x0000000000002b2c       0x14 ./src/system.o
                0x0000000000002b2c                system_set_match_started
 .text.system_get_system_time
                0x0000000000002b40       0x22 ./src/system.o
                0x0000000000002b40                system_get_system_time
 .text.system_get_match_started
                0x0000000000002b62       0x12 ./src/system.o
                0x0000000000002b62                system_get_match_started
 .text.__vector_8
                0x0000000000002b74       0x2e ./src/system.o
                0x0000000000002b74                __vector_8
 .text.system_setup_jumper
                0x0000000000002ba2      0x14c ./src/system.o
 .text.system_wait_for_jumper
                0x0000000000002cee      0x116 ./src/system.o
 .text.system_init
                0x0000000000002e04      0x33e ./src/system.o
                0x0000000000002e04                system_init
 .text.UART0_Init
                0x0000000000003142      0x100 ./src/usart.o
                0x0000000000003142                UART0_Init
 .text.__vector_23
                0x0000000000003242       0x84 ./src/usart.o
                0x0000000000003242                __vector_23
 .text.UART0_Write
                0x00000000000032c6       0x9c ./src/usart.o
                0x00000000000032c6                UART0_Write
 .text.__vector_21
                0x0000000000003362       0x98 ./src/usart.o
                0x0000000000003362                __vector_21
 .text.UART0_Read
                0x00000000000033fa       0x8e ./src/usart.o
                0x00000000000033fa                UART0_Read
 .text.UART1_Init
                0x0000000000003488      0x100 ./src/usart.o
                0x0000000000003488                UART1_Init
 .text.__vector_34
                0x0000000000003588       0x84 ./src/usart.o
                0x0000000000003588                __vector_34
 .text.__vector_32
                0x000000000000360c       0x98 ./src/usart.o
                0x000000000000360c                __vector_32
 .text.altUart0Write
                0x00000000000036a4       0x34 ./src/usart.o
                0x00000000000036a4                altUart0Write
 .text.altUart1Write
                0x00000000000036d8       0x34 ./src/usart.o
                0x00000000000036d8                altUart1Write
 .text.UART1_Write
                0x000000000000370c       0x9c ./src/usart.o
                0x000000000000370c                UART1_Write
 .text.UART1_Read
                0x00000000000037a8       0x8e ./src/usart.o
                0x00000000000037a8                UART1_Read
 .text.UART1_Buffer
                0x0000000000003836       0x3c ./src/usart.o
                0x0000000000003836                UART1_Buffer
 .text.test_sensor
                0x0000000000003872       0x38 ./darkside.o
                0x0000000000003872                test_sensor
 .text.wait_while_detection_tactic_one
                0x00000000000038aa      0x22c ./darkside.o
 .text.darkside
                0x0000000000003ad6      0x2f8 ./darkside.o
                0x0000000000003ad6                darkside
 .text.main     0x0000000000003dce      0x2dc ./main.o
                0x0000000000003dce                main
 .text.libgcc.mul
                0x00000000000040aa        0x0 /usr/lib/gcc/avr/4.9.2/avr51/libgcc.a(_udivmodsi4.o)
 .text.libgcc.div
                0x00000000000040aa       0x44 /usr/lib/gcc/avr/4.9.2/avr51/libgcc.a(_udivmodsi4.o)
                0x00000000000040aa                __udivmodsi4
 .text.libgcc   0x00000000000040ee        0x0 /usr/lib/gcc/avr/4.9.2/avr51/libgcc.a(_udivmodsi4.o)
 .text.libgcc.prologue
                0x00000000000040ee        0x0 /usr/lib/gcc/avr/4.9.2/avr51/libgcc.a(_udivmodsi4.o)
 .text.libgcc.builtins
                0x00000000000040ee        0x0 /usr/lib/gcc/avr/4.9.2/avr51/libgcc.a(_udivmodsi4.o)
 .text.libgcc.fmul
                0x00000000000040ee        0x0 /usr/lib/gcc/avr/4.9.2/avr51/libgcc.a(_udivmodsi4.o)
 .text.libgcc.fixed
                0x00000000000040ee        0x0 /usr/lib/gcc/avr/4.9.2/avr51/libgcc.a(_udivmodsi4.o)
 .text.libgcc.mul
                0x00000000000040ee        0x0 /usr/lib/gcc/avr/4.9.2/avr51/libgcc.a(_exit.o)
 .text.libgcc.div
                0x00000000000040ee        0x0 /usr/lib/gcc/avr/4.9.2/avr51/libgcc.a(_exit.o)
 .text.libgcc   0x00000000000040ee        0x0 /usr/lib/gcc/avr/4.9.2/avr51/libgcc.a(_exit.o)
 .text.libgcc.prologue
                0x00000000000040ee        0x0 /usr/lib/gcc/avr/4.9.2/avr51/libgcc.a(_exit.o)
 .text.libgcc.builtins
                0x00000000000040ee        0x0 /usr/lib/gcc/avr/4.9.2/avr51/libgcc.a(_exit.o)
 .text.libgcc.fmul
                0x00000000000040ee        0x0 /usr/lib/gcc/avr/4.9.2/avr51/libgcc.a(_exit.o)
 .text.libgcc.fixed
                0x00000000000040ee        0x0 /usr/lib/gcc/avr/4.9.2/avr51/libgcc.a(_exit.o)
 .text.libgcc.mul
                0x00000000000040ee        0x0 /usr/lib/gcc/avr/4.9.2/avr51/libgcc.a(_copy_data.o)
 .text.libgcc.div
                0x00000000000040ee        0x0 /usr/lib/gcc/avr/4.9.2/avr51/libgcc.a(_copy_data.o)
 .text.libgcc   0x00000000000040ee        0x0 /usr/lib/gcc/avr/4.9.2/avr51/libgcc.a(_copy_data.o)
 .text.libgcc.prologue
                0x00000000000040ee        0x0 /usr/lib/gcc/avr/4.9.2/avr51/libgcc.a(_copy_data.o)
 .text.libgcc.builtins
                0x00000000000040ee        0x0 /usr/lib/gcc/avr/4.9.2/avr51/libgcc.a(_copy_data.o)
 .text.libgcc.fmul
                0x00000000000040ee        0x0 /usr/lib/gcc/avr/4.9.2/avr51/libgcc.a(_copy_data.o)
 .text.libgcc.fixed
                0x00000000000040ee        0x0 /usr/lib/gcc/avr/4.9.2/avr51/libgcc.a(_copy_data.o)
 .text.libgcc.mul
                0x00000000000040ee        0x0 /usr/lib/gcc/avr/4.9.2/avr51/libgcc.a(_clear_bss.o)
 .text.libgcc.div
                0x00000000000040ee        0x0 /usr/lib/gcc/avr/4.9.2/avr51/libgcc.a(_clear_bss.o)
 .text.libgcc   0x00000000000040ee        0x0 /usr/lib/gcc/avr/4.9.2/avr51/libgcc.a(_clear_bss.o)
 .text.libgcc.prologue
                0x00000000000040ee        0x0 /usr/lib/gcc/avr/4.9.2/avr51/libgcc.a(_clear_bss.o)
 .text.libgcc.builtins
                0x00000000000040ee        0x0 /usr/lib/gcc/avr/4.9.2/avr51/libgcc.a(_clear_bss.o)
 .text.libgcc.fmul
                0x00000000000040ee        0x0 /usr/lib/gcc/avr/4.9.2/avr51/libgcc.a(_clear_bss.o)
 .text.libgcc.fixed
                0x00000000000040ee        0x0 /usr/lib/gcc/avr/4.9.2/avr51/libgcc.a(_clear_bss.o)
 .text.avr-libc.fplib
                0x00000000000040ee        0xe /usr/lib/gcc/avr/4.9.2/../../../avr/lib/avr51/libm.a(addsf3.o)
                0x00000000000040ee                __subsf3
                0x00000000000040f0                __addsf3
 .text.avr-libc.fplib
                0x00000000000040fc       0xcc /usr/lib/gcc/avr/4.9.2/../../../avr/lib/avr51/libm.a(addsf3x.o)
                0x000000000000411e                __addsf3x
 .text.avr-libc.fplib
                0x00000000000041c8        0xa /usr/lib/gcc/avr/4.9.2/../../../avr/lib/avr51/libm.a(cmpsf2.o)
                0x00000000000041c8                __lesf2
                0x00000000000041c8                __nesf2
                0x00000000000041c8                __eqsf2
                0x00000000000041c8                __cmpsf2
                0x00000000000041c8                __ltsf2
 .text.avr-libc.fplib
                0x00000000000041d2        0x8 /usr/lib/gcc/avr/4.9.2/../../../avr/lib/avr51/libm.a(divsf3.o)
                0x00000000000041d2                __divsf3
 .text.avr-libc.fplib
                0x00000000000041da       0xdc /usr/lib/gcc/avr/4.9.2/../../../avr/lib/avr51/libm.a(divsf3x.o)
                0x00000000000041fa                __divsf3x
                0x0000000000004200                __divsf3_pse
 .text.avr-libc.fplib
                0x00000000000042b6        0xe /usr/lib/gcc/avr/4.9.2/../../../avr/lib/avr51/libm.a(fixsfsi.o)
                0x00000000000042b6                __fixsfsi
 .text.avr-libc.fplib
                0x00000000000042c4       0x5e /usr/lib/gcc/avr/4.9.2/../../../avr/lib/avr51/libm.a(fixunssfsi.o)
                0x00000000000042c4                __fixunssfsi
 .text.avr-libc.fplib
                0x0000000000004322       0x7a /usr/lib/gcc/avr/4.9.2/../../../avr/lib/avr51/libm.a(floatsisf.o)
                0x0000000000004322                __floatunsisf
                0x0000000000004326                __floatsisf
 .text.avr-libc.fplib
                0x000000000000439c       0x48 /usr/lib/gcc/avr/4.9.2/../../../avr/lib/avr51/libm.a(fp_cmp.o)
                0x000000000000439c                __fp_cmp
 .text.avr-libc.fplib
                0x00000000000043e4        0xc /usr/lib/gcc/avr/4.9.2/../../../avr/lib/avr51/libm.a(fp_inf.o)
                0x00000000000043e4                __fp_inf
 .text.avr-libc.fplib
                0x00000000000043f0        0x6 /usr/lib/gcc/avr/4.9.2/../../../avr/lib/avr51/libm.a(fp_nan.o)
                0x00000000000043f0                __fp_nan
 .text.avr-libc.fplib
                0x00000000000043f6        0xe /usr/lib/gcc/avr/4.9.2/../../../avr/lib/avr51/libm.a(fp_pscA.o)
                0x00000000000043f6                __fp_pscA
 .text.avr-libc.fplib
                0x0000000000004404        0xe /usr/lib/gcc/avr/4.9.2/../../../avr/lib/avr51/libm.a(fp_pscB.o)
                0x0000000000004404                __fp_pscB
 .text.avr-libc.fplib
                0x0000000000004412       0x22 /usr/lib/gcc/avr/4.9.2/../../../avr/lib/avr51/libm.a(fp_round.o)
                0x0000000000004412                __fp_round
 .text.avr-libc.fplib
                0x0000000000004434       0x44 /usr/lib/gcc/avr/4.9.2/../../../avr/lib/avr51/libm.a(fp_split3.o)
                0x0000000000004434                __fp_split3
                0x0000000000004444                __fp_splitA
 .text.avr-libc.fplib
                0x0000000000004478        0xe /usr/lib/gcc/avr/4.9.2/../../../avr/lib/avr51/libm.a(fp_zero.o)
                0x0000000000004478                __fp_zero
                0x000000000000447a                __fp_szero
 .text.avr-libc.fplib
                0x0000000000004486        0xa /usr/lib/gcc/avr/4.9.2/../../../avr/lib/avr51/libm.a(gesf2.o)
                0x0000000000004486                __gtsf2
                0x0000000000004486                __gesf2
 .text.avr-libc.fplib
                0x0000000000004490        0x8 /usr/lib/gcc/avr/4.9.2/../../../avr/lib/avr51/libm.a(mulsf3.o)
                0x0000000000004490                __mulsf3
 .text.avr-libc.fplib
                0x0000000000004498       0xd2 /usr/lib/gcc/avr/4.9.2/../../../avr/lib/avr51/libm.a(mulsf3x.o)
                0x00000000000044b6                __mulsf3x
                0x00000000000044bc                __mulsf3_pse
 .text.avr-libc
                0x000000000000456a       0x38 /usr/lib/gcc/avr/4.9.2/../../../avr/lib/avr51/libc.a(calloc.o)
                0x000000000000456a                calloc
 .text.avr-libc
                0x00000000000045a2      0x25a /usr/lib/gcc/avr/4.9.2/../../../avr/lib/avr51/libc.a(malloc.o)
                0x00000000000045a2                malloc
                0x00000000000046cc                free
 .text.avr-libc
                0x00000000000047fc        0xe /usr/lib/gcc/avr/4.9.2/../../../avr/lib/avr51/libc.a(memset.o)
                0x00000000000047fc                memset
                0x000000000000480a                . = ALIGN (0x2)
 *(.fini9)
 .fini9         0x000000000000480a        0x0 /usr/lib/gcc/avr/4.9.2/avr51/libgcc.a(_exit.o)
                0x000000000000480a                exit
                0x000000000000480a                _exit
 *(.fini9)
 *(.fini8)
 *(.fini8)
 *(.fini7)
 *(.fini7)
 *(.fini6)
 *(.fini6)
 *(.fini5)
 *(.fini5)
 *(.fini4)
 *(.fini4)
 *(.fini3)
 *(.fini3)
 *(.fini2)
 *(.fini2)
 *(.fini1)
 *(.fini1)
 *(.fini0)
 .fini0         0x000000000000480a        0x4 /usr/lib/gcc/avr/4.9.2/avr51/libgcc.a(_exit.o)
 *(.fini0)
                0x000000000000480e                _etext = .

.data           0x0000000000800100       0x2e load address 0x000000000000480e
                0x0000000000800100                PROVIDE (__data_start, .)
 *(.data)
 .data          0x0000000000800100        0x0 /usr/lib/gcc/avr/4.9.2/../../../avr/lib/avr51/crtat90can128.o
 .data          0x0000000000800100        0x0 ./src/actuator.o
 .data          0x0000000000800100        0x0 ./src/ax.o
 .data          0x0000000000800100        0x0 ./src/can.o
 .data          0x0000000000800100        0x0 ./src/debug.o
 .data          0x0000000000800100        0x0 ./src/gpio.o
 .data          0x0000000000800100        0x0 ./src/odometry.o
 .data          0x0000000000800100        0x0 ./src/sensors.o
 .data          0x0000000000800100        0x0 ./src/system.o
 .data          0x0000000000800100        0x0 ./src/usart.o
 .data          0x0000000000800100        0x0 ./darkside.o
 .data          0x0000000000800100        0x0 ./main.o
 .data          0x0000000000800100        0x0 /usr/lib/gcc/avr/4.9.2/avr51/libgcc.a(_udivmodsi4.o)
 .data          0x0000000000800100        0x0 /usr/lib/gcc/avr/4.9.2/avr51/libgcc.a(_exit.o)
 .data          0x0000000000800100        0x0 /usr/lib/gcc/avr/4.9.2/avr51/libgcc.a(_copy_data.o)
 .data          0x0000000000800100        0x0 /usr/lib/gcc/avr/4.9.2/avr51/libgcc.a(_clear_bss.o)
 .data          0x0000000000800100        0x0 /usr/lib/gcc/avr/4.9.2/../../../avr/lib/avr51/libm.a(addsf3.o)
 .data          0x0000000000800100        0x0 /usr/lib/gcc/avr/4.9.2/../../../avr/lib/avr51/libm.a(addsf3x.o)
 .data          0x0000000000800100        0x0 /usr/lib/gcc/avr/4.9.2/../../../avr/lib/avr51/libm.a(cmpsf2.o)
 .data          0x0000000000800100        0x0 /usr/lib/gcc/avr/4.9.2/../../../avr/lib/avr51/libm.a(divsf3.o)
 .data          0x0000000000800100        0x0 /usr/lib/gcc/avr/4.9.2/../../../avr/lib/avr51/libm.a(divsf3x.o)
 .data          0x0000000000800100        0x0 /usr/lib/gcc/avr/4.9.2/../../../avr/lib/avr51/libm.a(fixsfsi.o)
 .data          0x0000000000800100        0x0 /usr/lib/gcc/avr/4.9.2/../../../avr/lib/avr51/libm.a(fixunssfsi.o)
 .data          0x0000000000800100        0x0 /usr/lib/gcc/avr/4.9.2/../../../avr/lib/avr51/libm.a(floatsisf.o)
 .data          0x0000000000800100        0x0 /usr/lib/gcc/avr/4.9.2/../../../avr/lib/avr51/libm.a(fp_cmp.o)
 .data          0x0000000000800100        0x0 /usr/lib/gcc/avr/4.9.2/../../../avr/lib/avr51/libm.a(fp_inf.o)
 .data          0x0000000000800100        0x0 /usr/lib/gcc/avr/4.9.2/../../../avr/lib/avr51/libm.a(fp_nan.o)
 .data          0x0000000000800100        0x0 /usr/lib/gcc/avr/4.9.2/../../../avr/lib/avr51/libm.a(fp_pscA.o)
 .data          0x0000000000800100        0x0 /usr/lib/gcc/avr/4.9.2/../../../avr/lib/avr51/libm.a(fp_pscB.o)
 .data          0x0000000000800100        0x0 /usr/lib/gcc/avr/4.9.2/../../../avr/lib/avr51/libm.a(fp_round.o)
 .data          0x0000000000800100        0x0 /usr/lib/gcc/avr/4.9.2/../../../avr/lib/avr51/libm.a(fp_split3.o)
 .data          0x0000000000800100        0x0 /usr/lib/gcc/avr/4.9.2/../../../avr/lib/avr51/libm.a(fp_zero.o)
 .data          0x0000000000800100        0x0 /usr/lib/gcc/avr/4.9.2/../../../avr/lib/avr51/libm.a(gesf2.o)
 .data          0x0000000000800100        0x0 /usr/lib/gcc/avr/4.9.2/../../../avr/lib/avr51/libm.a(mulsf3.o)
 .data          0x0000000000800100        0x0 /usr/lib/gcc/avr/4.9.2/../../../avr/lib/avr51/libm.a(mulsf3x.o)
 .data          0x0000000000800100        0x0 /usr/lib/gcc/avr/4.9.2/../../../avr/lib/avr51/libc.a(calloc.o)
 .data          0x0000000000800100        0x6 /usr/lib/gcc/avr/4.9.2/../../../avr/lib/avr51/libc.a(malloc.o)
                0x0000000000800100                __malloc_heap_end
                0x0000000000800102                __malloc_heap_start
                0x0000000000800104                __malloc_margin
 .data          0x0000000000800106        0x0 /usr/lib/gcc/avr/4.9.2/../../../avr/lib/avr51/libc.a(memset.o)
 *(.data*)
 .data.debug_pins
                0x0000000000800106        0x5 ./src/debug.o
                0x0000000000800106                debug_pins
 .data.gpio_inputs
                0x000000000080010b        0x4 ./src/gpio.o
                0x000000000080010b                gpio_inputs
 .data.position
                0x000000000080010f        0x7 ./src/odometry.o
                0x000000000080010f                position
 .data.active_state
                0x0000000000800116        0x1 ./darkside.o
                0x0000000000800116                active_state
 .data.TACTIC_ONE_POSITION
                0x0000000000800117       0x16 ./darkside.o
                0x0000000000800117                TACTIC_ONE_POSITION
 *(.rodata)
 *(.rodata*)
 *(.gnu.linkonce.d*)
                0x000000000080012e                . = ALIGN (0x2)
 *fill*         0x000000000080012d        0x1 
                0x000000000080012e                _edata = .
                0x000000000080012e                PROVIDE (__data_end, .)

.bss            0x000000000080012e      0x155
                0x000000000080012e                PROVIDE (__bss_start, .)
 *(.bss)
 .bss           0x000000000080012e        0x0 /usr/lib/gcc/avr/4.9.2/../../../avr/lib/avr51/crtat90can128.o
 .bss           0x000000000080012e        0x0 ./src/actuator.o
 .bss           0x000000000080012e        0x0 ./src/ax.o
 .bss           0x000000000080012e        0x0 ./src/can.o
 .bss           0x000000000080012e        0x0 ./src/debug.o
 .bss           0x000000000080012e        0x0 ./src/gpio.o
 .bss           0x000000000080012e        0x0 ./src/odometry.o
 .bss           0x000000000080012e        0x0 ./src/sensors.o
 .bss           0x000000000080012e        0x0 ./src/system.o
 .bss           0x000000000080012e        0x0 ./src/usart.o
 .bss           0x000000000080012e        0x0 ./darkside.o
 .bss           0x000000000080012e        0x0 ./main.o
 .bss           0x000000000080012e        0x0 /usr/lib/gcc/avr/4.9.2/avr51/libgcc.a(_udivmodsi4.o)
 .bss           0x000000000080012e        0x0 /usr/lib/gcc/avr/4.9.2/avr51/libgcc.a(_exit.o)
 .bss           0x000000000080012e        0x0 /usr/lib/gcc/avr/4.9.2/avr51/libgcc.a(_copy_data.o)
 .bss           0x000000000080012e        0x0 /usr/lib/gcc/avr/4.9.2/avr51/libgcc.a(_clear_bss.o)
 .bss           0x000000000080012e        0x0 /usr/lib/gcc/avr/4.9.2/../../../avr/lib/avr51/libm.a(addsf3.o)
 .bss           0x000000000080012e        0x0 /usr/lib/gcc/avr/4.9.2/../../../avr/lib/avr51/libm.a(addsf3x.o)
 .bss           0x000000000080012e        0x0 /usr/lib/gcc/avr/4.9.2/../../../avr/lib/avr51/libm.a(cmpsf2.o)
 .bss           0x000000000080012e        0x0 /usr/lib/gcc/avr/4.9.2/../../../avr/lib/avr51/libm.a(divsf3.o)
 .bss           0x000000000080012e        0x0 /usr/lib/gcc/avr/4.9.2/../../../avr/lib/avr51/libm.a(divsf3x.o)
 .bss           0x000000000080012e        0x0 /usr/lib/gcc/avr/4.9.2/../../../avr/lib/avr51/libm.a(fixsfsi.o)
 .bss           0x000000000080012e        0x0 /usr/lib/gcc/avr/4.9.2/../../../avr/lib/avr51/libm.a(fixunssfsi.o)
 .bss           0x000000000080012e        0x0 /usr/lib/gcc/avr/4.9.2/../../../avr/lib/avr51/libm.a(floatsisf.o)
 .bss           0x000000000080012e        0x0 /usr/lib/gcc/avr/4.9.2/../../../avr/lib/avr51/libm.a(fp_cmp.o)
 .bss           0x000000000080012e        0x0 /usr/lib/gcc/avr/4.9.2/../../../avr/lib/avr51/libm.a(fp_inf.o)
 .bss           0x000000000080012e        0x0 /usr/lib/gcc/avr/4.9.2/../../../avr/lib/avr51/libm.a(fp_nan.o)
 .bss           0x000000000080012e        0x0 /usr/lib/gcc/avr/4.9.2/../../../avr/lib/avr51/libm.a(fp_pscA.o)
 .bss           0x000000000080012e        0x0 /usr/lib/gcc/avr/4.9.2/../../../avr/lib/avr51/libm.a(fp_pscB.o)
 .bss           0x000000000080012e        0x0 /usr/lib/gcc/avr/4.9.2/../../../avr/lib/avr51/libm.a(fp_round.o)
 .bss           0x000000000080012e        0x0 /usr/lib/gcc/avr/4.9.2/../../../avr/lib/avr51/libm.a(fp_split3.o)
 .bss           0x000000000080012e        0x0 /usr/lib/gcc/avr/4.9.2/../../../avr/lib/avr51/libm.a(fp_zero.o)
 .bss           0x000000000080012e        0x0 /usr/lib/gcc/avr/4.9.2/../../../avr/lib/avr51/libm.a(gesf2.o)
 .bss           0x000000000080012e        0x0 /usr/lib/gcc/avr/4.9.2/../../../avr/lib/avr51/libm.a(mulsf3.o)
 .bss           0x000000000080012e        0x0 /usr/lib/gcc/avr/4.9.2/../../../avr/lib/avr51/libm.a(mulsf3x.o)
 .bss           0x000000000080012e        0x0 /usr/lib/gcc/avr/4.9.2/../../../avr/lib/avr51/libc.a(calloc.o)
 .bss           0x000000000080012e        0x0 /usr/lib/gcc/avr/4.9.2/../../../avr/lib/avr51/libc.a(malloc.o)
 .bss           0x000000000080012e        0x0 /usr/lib/gcc/avr/4.9.2/../../../avr/lib/avr51/libc.a(memset.o)
 *(.bss*)
 .bss.rxBuffers
                0x000000000080012e       0x14 ./src/can.o
 .bss.rxWrIndex
                0x0000000000800142        0xa ./src/can.o
 .bss.rxRdIndex
                0x000000000080014c        0xa ./src/can.o
 .bss.rxCounter
                0x0000000000800156        0xa ./src/can.o
 .bss.test      0x0000000000800160        0x2 ./src/gpio.o
                0x0000000000800160                test
 .bss.count.1762
                0x0000000000800162        0x2 ./src/gpio.o
 .bss.current_speed
                0x0000000000800164        0x1 ./src/odometry.o
 .bss.sys_time  0x0000000000800165        0x4 ./src/system.o
 .bss.match_started
                0x0000000000800169        0x1 ./src/system.o
 .bss.timer_callback
                0x000000000080016a        0x2 ./src/system.o
 .bss.received  0x000000000080016c        0x2 ./src/system.o
                0x000000000080016c                received
 .bss.jumper_pulled
                0x000000000080016e        0x1 ./src/system.o
 .bss.setup_complete
                0x000000000080016f        0x1 ./src/system.o
 .bss.tx0_buffer
                0x0000000000800170       0x40 ./src/usart.o
 .bss.tx0_wr_index
                0x00000000008001b0        0x1 ./src/usart.o
 .bss.tx0_counter
                0x00000000008001b1        0x1 ./src/usart.o
 .bss.tx0_rd_index
                0x00000000008001b2        0x1 ./src/usart.o
 .bss.rx0_buffer
                0x00000000008001b3       0x40 ./src/usart.o
 .bss.rx0_wr_index
                0x00000000008001f3        0x1 ./src/usart.o
 .bss.rx0_counter
                0x00000000008001f4        0x1 ./src/usart.o
 .bss.rx0_rd_index
                0x00000000008001f5        0x1 ./src/usart.o
 .bss.tx1_buffer
                0x00000000008001f6       0x40 ./src/usart.o
 .bss.tx1_wr_index
                0x0000000000800236        0x1 ./src/usart.o
 .bss.tx1_counter
                0x0000000000800237        0x1 ./src/usart.o
 .bss.tx1_rd_index
                0x0000000000800238        0x1 ./src/usart.o
 .bss.rx1_buffer
                0x0000000000800239       0x40 ./src/usart.o
 .bss.rx1_wr_index
                0x0000000000800279        0x1 ./src/usart.o
 .bss.rx1_counter
                0x000000000080027a        0x1 ./src/usart.o
 .bss.rx1_rd_index
                0x000000000080027b        0x1 ./src/usart.o
 .bss.current_position
                0x000000000080027c        0x1 ./darkside.o
                0x000000000080027c                current_position
 .bss.next_position
                0x000000000080027d        0x1 ./darkside.o
                0x000000000080027d                next_position
 *(COMMON)
 COMMON         0x000000000080027e        0x1 ./darkside.o
                0x000000000080027e                odometry_status
 COMMON         0x000000000080027f        0x4 /usr/lib/gcc/avr/4.9.2/../../../avr/lib/avr51/libc.a(malloc.o)
                0x000000000080027f                __brkval
                0x0000000000800281                __flp
                0x0000000000800283                PROVIDE (__bss_end, .)
                0x000000000000480e                __data_load_start = LOADADDR (.data)
                0x000000000000483c                __data_load_end = (__data_load_start + SIZEOF (.data))

.noinit         0x0000000000800283        0x0
                0x0000000000800283                PROVIDE (__noinit_start, .)
 *(.noinit*)
                0x0000000000800283                PROVIDE (__noinit_end, .)
                0x0000000000800283                _end = .
                0x0000000000800283                PROVIDE (__heap_start, .)

.eeprom         0x0000000000810000        0x0
 *(.eeprom*)
                0x0000000000810000                __eeprom_end = .

.fuse
 *(.fuse)
 *(.lfuse)
 *(.hfuse)
 *(.efuse)

.lock
 *(.lock*)

.signature
 *(.signature*)

.user_signatures
 *(.user_signatures*)

.stab           0x0000000000000000     0x6624
 *(.stab)
 .stab          0x0000000000000000      0xa74 ./src/actuator.o
 .stab          0x0000000000000a74      0xb4c ./src/ax.o
                                        0xd14 (size before relaxing)
 .stab          0x00000000000015c0      0xae0 ./src/can.o
                                        0xd14 (size before relaxing)
 .stab          0x00000000000020a0      0x30c ./src/debug.o
                                        0x570 (size before relaxing)
 .stab          0x00000000000023ac      0x990 ./src/gpio.o
                                        0xbac (size before relaxing)
 .stab          0x0000000000002d3c     0x1350 ./src/odometry.o
                                       0x156c (size before relaxing)
 .stab          0x000000000000408c      0x258 ./src/sensors.o
                                        0x264 (size before relaxing)
 .stab          0x00000000000042e4      0xb04 ./src/system.o
                                        0xd80 (size before relaxing)
 .stab          0x0000000000004de8      0xb04 ./src/usart.o
                                        0xccc (size before relaxing)
 .stab          0x00000000000058ec      0x804 ./darkside.o
                                        0xa44 (size before relaxing)
 .stab          0x00000000000060f0      0x534 ./main.o
                                        0x78c (size before relaxing)

.stabstr        0x0000000000000000     0x2194
 *(.stabstr)
 .stabstr       0x0000000000000000     0x2194 ./src/actuator.o

.stab.excl
 *(.stab.excl)

.stab.exclstr
 *(.stab.exclstr)

.stab.index
 *(.stab.index)

.stab.indexstr
 *(.stab.indexstr)

.comment        0x0000000000000000       0x11
 *(.comment)
 .comment       0x0000000000000000       0x11 ./src/actuator.o
                                         0x12 (size before relaxing)
 .comment       0x0000000000000011       0x12 ./src/ax.o
 .comment       0x0000000000000011       0x12 ./src/can.o
 .comment       0x0000000000000011       0x12 ./src/debug.o
 .comment       0x0000000000000011       0x12 ./src/gpio.o
 .comment       0x0000000000000011       0x12 ./src/odometry.o
 .comment       0x0000000000000011       0x12 ./src/sensors.o
 .comment       0x0000000000000011       0x12 ./src/system.o
 .comment       0x0000000000000011       0x12 ./src/usart.o
 .comment       0x0000000000000011       0x12 ./darkside.o
 .comment       0x0000000000000011       0x12 ./main.o
 .comment       0x0000000000000011       0x12 /usr/lib/gcc/avr/4.9.2/../../../avr/lib/avr51/libc.a(calloc.o)
 .comment       0x0000000000000011       0x12 /usr/lib/gcc/avr/4.9.2/../../../avr/lib/avr51/libc.a(malloc.o)

.note.gnu.avr.deviceinfo
                0x0000000000000000       0x40
 .note.gnu.avr.deviceinfo
                0x0000000000000000       0x40 /usr/lib/gcc/avr/4.9.2/../../../avr/lib/avr51/crtat90can128.o

.note.gnu.build-id
 *(.note.gnu.build-id)

.debug
 *(.debug)

.line
 *(.line)

.debug_srcinfo
 *(.debug_srcinfo)

.debug_sfnames
 *(.debug_sfnames)

.debug_aranges
 *(.debug_aranges)

.debug_pubnames
 *(.debug_pubnames)

.debug_info
 *(.debug_info .gnu.linkonce.wi.*)

.debug_abbrev
 *(.debug_abbrev)

.debug_line
 *(.debug_line .debug_line.* .debug_line_end)

.debug_frame
 *(.debug_frame)

.debug_str
 *(.debug_str)

.debug_loc
 *(.debug_loc)

.debug_macinfo
 *(.debug_macinfo)

.debug_weaknames
 *(.debug_weaknames)

.debug_funcnames
 *(.debug_funcnames)

.debug_typenames
 *(.debug_typenames)

.debug_varnames
 *(.debug_varnames)

.debug_pubtypes
 *(.debug_pubtypes)

.debug_ranges
 *(.debug_ranges)

.debug_macro
 *(.debug_macro)
OUTPUT(EP_Framework_Atmel.elf elf32-avr)
LOAD linker stubs
