Archive member included to satisfy reference by file (symbol)

/usr/lib/gcc/avr/4.9.2/avr51/libgcc.a(_udivmodsi4.o)
                              ./src/system.o (__udivmodsi4)
/usr/lib/gcc/avr/4.9.2/avr51/libgcc.a(_exit.o)
                              /usr/lib/gcc/avr/4.9.2/../../../avr/lib/avr51/crtat90can128.o (exit)
/usr/lib/gcc/avr/4.9.2/avr51/libgcc.a(_copy_data.o)
                              ./src/actuator.o (__do_copy_data)
/usr/lib/gcc/avr/4.9.2/avr51/libgcc.a(_clear_bss.o)
                              ./src/actuator.o (__do_clear_bss)
/usr/lib/gcc/avr/4.9.2/../../../avr/lib/avr51/libm.a(addsf3.o)
                              ./src/actuator.o (__subsf3)
/usr/lib/gcc/avr/4.9.2/../../../avr/lib/avr51/libm.a(addsf3x.o)
                              /usr/lib/gcc/avr/4.9.2/../../../avr/lib/avr51/libm.a(addsf3.o) (__addsf3x)
/usr/lib/gcc/avr/4.9.2/../../../avr/lib/avr51/libm.a(cmpsf2.o)
                              ./src/actuator.o (__ltsf2)
/usr/lib/gcc/avr/4.9.2/../../../avr/lib/avr51/libm.a(divsf3.o)
                              ./src/actuator.o (__divsf3)
/usr/lib/gcc/avr/4.9.2/../../../avr/lib/avr51/libm.a(divsf3x.o)
                              /usr/lib/gcc/avr/4.9.2/../../../avr/lib/avr51/libm.a(divsf3.o) (__divsf3x)
/usr/lib/gcc/avr/4.9.2/../../../avr/lib/avr51/libm.a(fixsfsi.o)
                              ./src/actuator.o (__fixsfsi)
/usr/lib/gcc/avr/4.9.2/../../../avr/lib/avr51/libm.a(fixunssfsi.o)
                              ./src/actuator.o (__fixunssfsi)
/usr/lib/gcc/avr/4.9.2/../../../avr/lib/avr51/libm.a(floatsisf.o)
                              ./src/actuator.o (__floatunsisf)
/usr/lib/gcc/avr/4.9.2/../../../avr/lib/avr51/libm.a(fp_cmp.o)
                              /usr/lib/gcc/avr/4.9.2/../../../avr/lib/avr51/libm.a(cmpsf2.o) (__fp_cmp)
/usr/lib/gcc/avr/4.9.2/../../../avr/lib/avr51/libm.a(fp_inf.o)
                              /usr/lib/gcc/avr/4.9.2/../../../avr/lib/avr51/libm.a(addsf3x.o) (__fp_inf)
/usr/lib/gcc/avr/4.9.2/../../../avr/lib/avr51/libm.a(fp_nan.o)
                              /usr/lib/gcc/avr/4.9.2/../../../avr/lib/avr51/libm.a(addsf3x.o) (__fp_nan)
/usr/lib/gcc/avr/4.9.2/../../../avr/lib/avr51/libm.a(fp_pscA.o)
                              /usr/lib/gcc/avr/4.9.2/../../../avr/lib/avr51/libm.a(addsf3x.o) (__fp_pscA)
/usr/lib/gcc/avr/4.9.2/../../../avr/lib/avr51/libm.a(fp_pscB.o)
                              /usr/lib/gcc/avr/4.9.2/../../../avr/lib/avr51/libm.a(addsf3x.o) (__fp_pscB)
/usr/lib/gcc/avr/4.9.2/../../../avr/lib/avr51/libm.a(fp_round.o)
                              /usr/lib/gcc/avr/4.9.2/../../../avr/lib/avr51/libm.a(addsf3.o) (__fp_round)
/usr/lib/gcc/avr/4.9.2/../../../avr/lib/avr51/libm.a(fp_split3.o)
                              /usr/lib/gcc/avr/4.9.2/../../../avr/lib/avr51/libm.a(addsf3x.o) (__fp_split3)
/usr/lib/gcc/avr/4.9.2/../../../avr/lib/avr51/libm.a(fp_zero.o)
                              /usr/lib/gcc/avr/4.9.2/../../../avr/lib/avr51/libm.a(addsf3x.o) (__fp_zero)
/usr/lib/gcc/avr/4.9.2/../../../avr/lib/avr51/libm.a(gesf2.o)
                              ./src/actuator.o (__gesf2)
/usr/lib/gcc/avr/4.9.2/../../../avr/lib/avr51/libm.a(mulsf3.o)
                              ./src/actuator.o (__mulsf3)
/usr/lib/gcc/avr/4.9.2/../../../avr/lib/avr51/libm.a(mulsf3x.o)
                              /usr/lib/gcc/avr/4.9.2/../../../avr/lib/avr51/libm.a(mulsf3.o) (__mulsf3x)
/usr/lib/gcc/avr/4.9.2/../../../avr/lib/avr51/libc.a(calloc.o)
                              ./src/can.o (calloc)
/usr/lib/gcc/avr/4.9.2/../../../avr/lib/avr51/libc.a(malloc.o)
                              ./src/gpio.o (malloc)
/usr/lib/gcc/avr/4.9.2/../../../avr/lib/avr51/libc.a(memset.o)
                              /usr/lib/gcc/avr/4.9.2/../../../avr/lib/avr51/libc.a(calloc.o) (memset)

Allocating common symbols
Common symbol       size              file

__brkval            0x2               /usr/lib/gcc/avr/4.9.2/../../../avr/lib/avr51/libc.a(malloc.o)
odometry_status     0x1               ./darkside.o
return_buffer       0x8               ./src/actuator.o
buffer              0x8               ./src/actuator.o
__flp               0x2               /usr/lib/gcc/avr/4.9.2/../../../avr/lib/avr51/libc.a(malloc.o)

Memory Configuration

Name             Origin             Length             Attributes
text             0x0000000000000000 0x0000000000020000 xr
data             0x0000000000800100 0x000000000000ff00 rw !x
eeprom           0x0000000000810000 0x0000000000010000 rw !x
fuse             0x0000000000820000 0x0000000000000400 rw !x
lock             0x0000000000830000 0x0000000000000400 rw !x
signature        0x0000000000840000 0x0000000000000400 rw !x
user_signatures  0x0000000000850000 0x0000000000000400 rw !x
*default*        0x0000000000000000 0xffffffffffffffff

Linker script and memory map

Address of section .data set to 0x800100
LOAD /usr/lib/gcc/avr/4.9.2/../../../avr/lib/avr51/crtat90can128.o
LOAD ./src/actuator.o
LOAD ./src/can.o
LOAD ./src/gpio.o
LOAD ./src/odometry.o
LOAD ./src/sensors.o
LOAD ./src/system.o
LOAD ./src/usart.o
LOAD ./darkside.o
LOAD ./main.o
START GROUP
LOAD /usr/lib/gcc/avr/4.9.2/avr51/libgcc.a
LOAD /usr/lib/gcc/avr/4.9.2/../../../avr/lib/avr51/libm.a
LOAD /usr/lib/gcc/avr/4.9.2/../../../avr/lib/avr51/libc.a
LOAD /usr/lib/gcc/avr/4.9.2/../../../avr/lib/avr51/libat90can128.a
END GROUP

.hash
 *(.hash)

.dynsym
 *(.dynsym)

.dynstr
 *(.dynstr)

.gnu.version
 *(.gnu.version)

.gnu.version_d
 *(.gnu.version_d)

.gnu.version_r
 *(.gnu.version_r)

.rel.init
 *(.rel.init)

.rela.init
 *(.rela.init)

.rel.text
 *(.rel.text)
 *(.rel.text.*)
 *(.rel.gnu.linkonce.t*)

.rela.text
 *(.rela.text)
 *(.rela.text.*)
 *(.rela.gnu.linkonce.t*)

.rel.fini
 *(.rel.fini)

.rela.fini
 *(.rela.fini)

.rel.rodata
 *(.rel.rodata)
 *(.rel.rodata.*)
 *(.rel.gnu.linkonce.r*)

.rela.rodata
 *(.rela.rodata)
 *(.rela.rodata.*)
 *(.rela.gnu.linkonce.r*)

.rel.data
 *(.rel.data)
 *(.rel.data.*)
 *(.rel.gnu.linkonce.d*)

.rela.data
 *(.rela.data)
 *(.rela.data.*)
 *(.rela.gnu.linkonce.d*)

.rel.ctors
 *(.rel.ctors)

.rela.ctors
 *(.rela.ctors)

.rel.dtors
 *(.rel.dtors)

.rela.dtors
 *(.rela.dtors)

.rel.got
 *(.rel.got)

.rela.got
 *(.rela.got)

.rel.bss
 *(.rel.bss)

.rela.bss
 *(.rela.bss)

.rel.plt
 *(.rel.plt)

.rela.plt
 *(.rela.plt)

.text           0x0000000000000000     0x44a4
 *(.vectors)
 .vectors       0x0000000000000000       0x94 /usr/lib/gcc/avr/4.9.2/../../../avr/lib/avr51/crtat90can128.o
                0x0000000000000000                __vectors
                0x0000000000000000                __vector_default
 *(.vectors)
 *(.progmem.gcc*)
                0x0000000000000094                . = ALIGN (0x2)
                0x0000000000000094                __trampolines_start = .
 *(.trampolines)
 .trampolines   0x0000000000000094        0x0 linker stubs
 *(.trampolines*)
                0x0000000000000094                __trampolines_end = .
 *(.progmem*)
                0x0000000000000094                . = ALIGN (0x2)
 *(.jumptables)
 *(.jumptables*)
 *(.lowtext)
 *(.lowtext*)
                0x0000000000000094                __ctors_start = .
 *(.ctors)
                0x0000000000000094                __ctors_end = .
                0x0000000000000094                __dtors_start = .
 *(.dtors)
                0x0000000000000094                __dtors_end = .
 SORT(*)(.ctors)
 SORT(*)(.dtors)
 *(.init0)
 .init0         0x0000000000000094        0x0 /usr/lib/gcc/avr/4.9.2/../../../avr/lib/avr51/crtat90can128.o
                0x0000000000000094                __init
 *(.init0)
 *(.init1)
 *(.init1)
 *(.init2)
 .init2         0x0000000000000094        0xc /usr/lib/gcc/avr/4.9.2/../../../avr/lib/avr51/crtat90can128.o
 *(.init2)
 *(.init3)
 *(.init3)
 *(.init4)
 .init4         0x00000000000000a0       0x1a /usr/lib/gcc/avr/4.9.2/avr51/libgcc.a(_copy_data.o)
                0x00000000000000a0                __do_copy_data
 .init4         0x00000000000000ba       0x10 /usr/lib/gcc/avr/4.9.2/avr51/libgcc.a(_clear_bss.o)
                0x00000000000000ba                __do_clear_bss
 *(.init4)
 *(.init5)
 *(.init5)
 *(.init6)
 *(.init6)
 *(.init7)
 *(.init7)
 *(.init8)
 *(.init8)
 *(.init9)
 .init9         0x00000000000000ca        0x8 /usr/lib/gcc/avr/4.9.2/../../../avr/lib/avr51/crtat90can128.o
 *(.init9)
 *(.text)
 .text          0x00000000000000d2        0x4 /usr/lib/gcc/avr/4.9.2/../../../avr/lib/avr51/crtat90can128.o
                0x00000000000000d2                __vector_22
                0x00000000000000d2                __vector_28
                0x00000000000000d2                __vector_1
                0x00000000000000d2                __vector_24
                0x00000000000000d2                __bad_interrupt
                0x00000000000000d2                __vector_6
                0x00000000000000d2                __vector_31
                0x00000000000000d2                __vector_35
                0x00000000000000d2                __vector_3
                0x00000000000000d2                __vector_30
                0x00000000000000d2                __vector_25
                0x00000000000000d2                __vector_11
                0x00000000000000d2                __vector_13
                0x00000000000000d2                __vector_17
                0x00000000000000d2                __vector_19
                0x00000000000000d2                __vector_7
                0x00000000000000d2                __vector_27
                0x00000000000000d2                __vector_5
                0x00000000000000d2                __vector_33
                0x00000000000000d2                __vector_4
                0x00000000000000d2                __vector_9
                0x00000000000000d2                __vector_2
                0x00000000000000d2                __vector_15
                0x00000000000000d2                __vector_36
                0x00000000000000d2                __vector_29
                0x00000000000000d2                __vector_26
                0x00000000000000d2                __vector_14
                0x00000000000000d2                __vector_10
                0x00000000000000d2                __vector_16
                0x00000000000000d2                __vector_20
 .text          0x00000000000000d6        0x0 ./src/actuator.o
 .text          0x00000000000000d6        0x0 ./src/can.o
 .text          0x00000000000000d6        0x0 ./src/gpio.o
 .text          0x00000000000000d6        0x0 ./src/odometry.o
 .text          0x00000000000000d6        0x0 ./src/sensors.o
 .text          0x00000000000000d6        0x0 ./src/system.o
 .text          0x00000000000000d6        0x0 ./src/usart.o
 .text          0x00000000000000d6        0x0 ./darkside.o
 .text          0x00000000000000d6        0x0 ./main.o
 .text          0x00000000000000d6        0x0 /usr/lib/gcc/avr/4.9.2/avr51/libgcc.a(_udivmodsi4.o)
 .text          0x00000000000000d6        0x0 /usr/lib/gcc/avr/4.9.2/avr51/libgcc.a(_exit.o)
 .text          0x00000000000000d6        0x0 /usr/lib/gcc/avr/4.9.2/avr51/libgcc.a(_copy_data.o)
 .text          0x00000000000000d6        0x0 /usr/lib/gcc/avr/4.9.2/avr51/libgcc.a(_clear_bss.o)
 .text          0x00000000000000d6        0x0 /usr/lib/gcc/avr/4.9.2/../../../avr/lib/avr51/libm.a(addsf3.o)
 .text          0x00000000000000d6        0x0 /usr/lib/gcc/avr/4.9.2/../../../avr/lib/avr51/libm.a(addsf3x.o)
 .text          0x00000000000000d6        0x0 /usr/lib/gcc/avr/4.9.2/../../../avr/lib/avr51/libm.a(cmpsf2.o)
 .text          0x00000000000000d6        0x0 /usr/lib/gcc/avr/4.9.2/../../../avr/lib/avr51/libm.a(divsf3.o)
 .text          0x00000000000000d6        0x0 /usr/lib/gcc/avr/4.9.2/../../../avr/lib/avr51/libm.a(divsf3x.o)
 .text          0x00000000000000d6        0x0 /usr/lib/gcc/avr/4.9.2/../../../avr/lib/avr51/libm.a(fixsfsi.o)
 .text          0x00000000000000d6        0x0 /usr/lib/gcc/avr/4.9.2/../../../avr/lib/avr51/libm.a(fixunssfsi.o)
 .text          0x00000000000000d6        0x0 /usr/lib/gcc/avr/4.9.2/../../../avr/lib/avr51/libm.a(floatsisf.o)
 .text          0x00000000000000d6        0x0 /usr/lib/gcc/avr/4.9.2/../../../avr/lib/avr51/libm.a(fp_cmp.o)
 .text          0x00000000000000d6        0x0 /usr/lib/gcc/avr/4.9.2/../../../avr/lib/avr51/libm.a(fp_inf.o)
 .text          0x00000000000000d6        0x0 /usr/lib/gcc/avr/4.9.2/../../../avr/lib/avr51/libm.a(fp_nan.o)
 .text          0x00000000000000d6        0x0 /usr/lib/gcc/avr/4.9.2/../../../avr/lib/avr51/libm.a(fp_pscA.o)
 .text          0x00000000000000d6        0x0 /usr/lib/gcc/avr/4.9.2/../../../avr/lib/avr51/libm.a(fp_pscB.o)
 .text          0x00000000000000d6        0x0 /usr/lib/gcc/avr/4.9.2/../../../avr/lib/avr51/libm.a(fp_round.o)
 .text          0x00000000000000d6        0x0 /usr/lib/gcc/avr/4.9.2/../../../avr/lib/avr51/libm.a(fp_split3.o)
 .text          0x00000000000000d6        0x0 /usr/lib/gcc/avr/4.9.2/../../../avr/lib/avr51/libm.a(fp_zero.o)
 .text          0x00000000000000d6        0x0 /usr/lib/gcc/avr/4.9.2/../../../avr/lib/avr51/libm.a(gesf2.o)
 .text          0x00000000000000d6        0x0 /usr/lib/gcc/avr/4.9.2/../../../avr/lib/avr51/libm.a(mulsf3.o)
 .text          0x00000000000000d6        0x0 /usr/lib/gcc/avr/4.9.2/../../../avr/lib/avr51/libm.a(mulsf3x.o)
 .text          0x00000000000000d6        0x0 /usr/lib/gcc/avr/4.9.2/../../../avr/lib/avr51/libc.a(calloc.o)
 .text          0x00000000000000d6        0x0 /usr/lib/gcc/avr/4.9.2/../../../avr/lib/avr51/libc.a(malloc.o)
 .text          0x00000000000000d6        0x0 /usr/lib/gcc/avr/4.9.2/../../../avr/lib/avr51/libc.a(memset.o)
                0x00000000000000d6                . = ALIGN (0x2)
 *(.text.*)
 .text.servo_init
                0x00000000000000d6       0xfa ./src/actuator.o
                0x00000000000000d6                servo_init
 .text.servo_set_duty_cycle_one
                0x00000000000001d0       0xc8 ./src/actuator.o
 .text.servo_set_duty_cycle_two
                0x0000000000000298       0xc8 ./src/actuator.o
 .text.servo_set_duty_cycle_three
                0x0000000000000360       0xc8 ./src/actuator.o
 .text.range_conv
                0x0000000000000428       0x6e ./src/actuator.o
 .text.check_servo_range
                0x0000000000000496       0x56 ./src/actuator.o
 .text.servo_set_angle_one
                0x00000000000004ec       0x4a ./src/actuator.o
                0x00000000000004ec                servo_set_angle_one
 .text.servo_set_angle_two
                0x0000000000000536       0x4a ./src/actuator.o
                0x0000000000000536                servo_set_angle_two
 .text.servo_set_angle_three
                0x0000000000000580       0x4a ./src/actuator.o
                0x0000000000000580                servo_set_angle_three
 .text.servo_set_angle_four
                0x00000000000005ca       0x7e ./src/actuator.o
                0x00000000000005ca                servo_set_angle_four
 .text._actuator
                0x0000000000000648      0x12e ./src/actuator.o
 .text.buffer_load
                0x0000000000000776       0x4e ./src/actuator.o
 .text._actuator_ping
                0x00000000000007c4       0x36 ./src/actuator.o
                0x00000000000007c4                _actuator_ping
 .text.ax_set_angle
                0x00000000000007fa       0x44 ./src/actuator.o
                0x00000000000007fa                ax_set_angle
 .text.ax_set_speed
                0x000000000000083e       0x44 ./src/actuator.o
                0x000000000000083e                ax_set_speed
 .text.ax_get_status
                0x0000000000000882       0x40 ./src/actuator.o
                0x0000000000000882                ax_get_status
 .text.mosfet_set
                0x00000000000008c2       0x48 ./src/actuator.o
                0x00000000000008c2                mosfet_set
 .text.mosfet_status
                0x000000000000090a       0x32 ./src/actuator.o
                0x000000000000090a                mosfet_status
 .text.relay_set
                0x000000000000093c       0x48 ./src/actuator.o
                0x000000000000093c                relay_set
 .text.relay_status
                0x0000000000000984       0x32 ./src/actuator.o
                0x0000000000000984                relay_status
 .text.module_init
                0x00000000000009b6       0x44 ./src/actuator.o
                0x00000000000009b6                module_init
 .text.module_set_relay_status
                0x00000000000009fa       0x22 ./src/actuator.o
                0x00000000000009fa                module_set_relay_status
 .text.module_read_relay_status
                0x0000000000000a1c       0x1a ./src/actuator.o
                0x0000000000000a1c                module_read_relay_status
 .text.module_set_mosfet_status
                0x0000000000000a36       0x5c ./src/actuator.o
                0x0000000000000a36                module_set_mosfet_status
 .text.module_read_mosfet_status
                0x0000000000000a92       0x3a ./src/actuator.o
                0x0000000000000a92                module_read_mosfet_status
 .text.__vector_18
                0x0000000000000acc      0x1c4 ./src/can.o
                0x0000000000000acc                __vector_18
 .text.CAN_InitModule
                0x0000000000000c90       0xf6 ./src/can.o
 .text.CAN_InitRxMob
                0x0000000000000d86      0x106 ./src/can.o
 .text.CAN_Init
                0x0000000000000e8c       0x8e ./src/can.o
                0x0000000000000e8c                CAN_Init
 .text.CAN_CheckRX
                0x0000000000000f1a       0x24 ./src/can.o
                0x0000000000000f1a                CAN_CheckRX
 .text.CAN_Read
                0x0000000000000f3e       0xe0 ./src/can.o
                0x0000000000000f3e                CAN_Read
 .text.CAN_Write
                0x000000000000101e      0x114 ./src/can.o
                0x000000000000101e                CAN_Write
 .text.__list_add
                0x0000000000001132       0x64 ./src/gpio.o
 .text.list_add
                0x0000000000001196       0x3a ./src/gpio.o
 .text.gpio_register_pin
                0x00000000000011d0      0x1ce ./src/gpio.o
                0x00000000000011d0                gpio_register_pin
 .text.gpio_write_pin
                0x000000000000139e       0xf6 ./src/gpio.o
                0x000000000000139e                gpio_write_pin
 .text.__gpio_read_pin
                0x0000000000001494       0x62 ./src/gpio.o
 .text.gpio_read_pin
                0x00000000000014f6       0xfa ./src/gpio.o
                0x00000000000014f6                gpio_read_pin
 .text.gpio_debouncer
                0x00000000000015f0       0xa6 ./src/gpio.o
                0x00000000000015f0                gpio_debouncer
 .text.odometry_set_speed
                0x0000000000001696      0x138 ./src/odometry.o
                0x0000000000001696                odometry_set_speed
 .text.odometry_query_position
                0x00000000000017ce      0x184 ./src/odometry.o
                0x00000000000017ce                odometry_query_position
 .text.odometry_wait_until_done
                0x0000000000001952       0x6e ./src/odometry.o
 .text.odometry_stop
                0x00000000000019c0      0x13a ./src/odometry.o
                0x00000000000019c0                odometry_stop
 .text.odometry_move_straight
                0x0000000000001afa      0x148 ./src/odometry.o
                0x0000000000001afa                odometry_move_straight
 .text.odometry_move_to_position
                0x0000000000001c42      0x17c ./src/odometry.o
                0x0000000000001c42                odometry_move_to_position
 .text.odometry_set_position
                0x0000000000001dbe      0x1b4 ./src/odometry.o
                0x0000000000001dbe                odometry_set_position
 .text.odometry_rotate_for
                0x0000000000001f72      0x146 ./src/odometry.o
                0x0000000000001f72                odometry_rotate_for
 .text.odometry_set_angle
                0x00000000000020b8      0x146 ./src/odometry.o
                0x00000000000020b8                odometry_set_angle
 .text.odometry_kurva
                0x00000000000021fe      0x180 ./src/odometry.o
                0x00000000000021fe                odometry_kurva
 .text.odometry_match_end
                0x000000000000237e      0x120 ./src/odometry.o
                0x000000000000237e                odometry_match_end
 .text.getState
                0x000000000000249e       0x16 ./src/odometry.o
                0x000000000000249e                getState
 .text.odometry_get_x
                0x00000000000024b4       0x1a ./src/odometry.o
                0x00000000000024b4                odometry_get_x
 .text.odometry_get_y
                0x00000000000024ce       0x1a ./src/odometry.o
                0x00000000000024ce                odometry_get_y
 .text.odometry_get_angle
                0x00000000000024e8       0x1a ./src/odometry.o
                0x00000000000024e8                odometry_get_angle
 .text.sensor_fr
                0x0000000000002502       0x24 ./src/sensors.o
                0x0000000000002502                sensor_fr
 .text.sensor_fl
                0x0000000000002526       0x24 ./src/sensors.o
                0x0000000000002526                sensor_fl
 .text.sensor_fc
                0x000000000000254a       0x24 ./src/sensors.o
                0x000000000000254a                sensor_fc
 .text.sensor_br
                0x000000000000256e       0x24 ./src/sensors.o
                0x000000000000256e                sensor_br
 .text.sensor_bl
                0x0000000000002592       0x24 ./src/sensors.o
                0x0000000000002592                sensor_bl
 .text.sensor_bc
                0x00000000000025b6       0x24 ./src/sensors.o
                0x00000000000025b6                sensor_bc
 .text.sensor_all_front
                0x00000000000025da       0x2c ./src/sensors.o
                0x00000000000025da                sensor_all_front
 .text.sensor_all_back
                0x0000000000002606       0x2c ./src/sensors.o
                0x0000000000002606                sensor_all_back
 .text.timer_register_callback
                0x0000000000002632       0x24 ./src/system.o
                0x0000000000002632                timer_register_callback
 .text.timer_init
                0x0000000000002656       0xa2 ./src/system.o
                0x0000000000002656                timer_init
 .text.__vector_12
                0x00000000000026f8      0x1fc ./src/system.o
                0x00000000000026f8                __vector_12
 .text.system_reset_system_time
                0x00000000000028f4       0x1e ./src/system.o
                0x00000000000028f4                system_reset_system_time
 .text.system_set_match_started
                0x0000000000002912       0x14 ./src/system.o
                0x0000000000002912                system_set_match_started
 .text.system_get_system_time
                0x0000000000002926       0x22 ./src/system.o
                0x0000000000002926                system_get_system_time
 .text.system_get_match_started
                0x0000000000002948       0x12 ./src/system.o
                0x0000000000002948                system_get_match_started
 .text.__vector_8
                0x000000000000295a       0x2e ./src/system.o
                0x000000000000295a                __vector_8
 .text.system_setup_jumper
                0x0000000000002988      0x14c ./src/system.o
 .text.system_wait_for_jumper
                0x0000000000002ad4      0x116 ./src/system.o
 .text.flip_debug_led
                0x0000000000002bea       0x22 ./src/system.o
                0x0000000000002bea                flip_debug_led
 .text.system_init
                0x0000000000002c0c      0x370 ./src/system.o
                0x0000000000002c0c                system_init
 .text.UART0_Init
                0x0000000000002f7c      0x100 ./src/usart.o
                0x0000000000002f7c                UART0_Init
 .text.__vector_23
                0x000000000000307c       0x84 ./src/usart.o
                0x000000000000307c                __vector_23
 .text.UART0_Write
                0x0000000000003100       0x9c ./src/usart.o
                0x0000000000003100                UART0_Write
 .text.__vector_21
                0x000000000000319c       0x98 ./src/usart.o
                0x000000000000319c                __vector_21
 .text.UART0_Read
                0x0000000000003234       0x8e ./src/usart.o
                0x0000000000003234                UART0_Read
 .text.UART1_Init
                0x00000000000032c2      0x100 ./src/usart.o
                0x00000000000032c2                UART1_Init
 .text.__vector_34
                0x00000000000033c2       0x84 ./src/usart.o
                0x00000000000033c2                __vector_34
 .text.__vector_32
                0x0000000000003446       0x98 ./src/usart.o
                0x0000000000003446                __vector_32
 .text.altUart0Write
                0x00000000000034de       0x34 ./src/usart.o
                0x00000000000034de                altUart0Write
 .text.altUart1Write
                0x0000000000003512       0x34 ./src/usart.o
                0x0000000000003512                altUart1Write
 .text.UART1_Write
                0x0000000000003546       0x9c ./src/usart.o
                0x0000000000003546                UART1_Write
 .text.UART1_Read
                0x00000000000035e2       0x8e ./src/usart.o
                0x00000000000035e2                UART1_Read
 .text.UART1_Buffer
                0x0000000000003670       0x3c ./src/usart.o
                0x0000000000003670                UART1_Buffer
 .text.wait_while_detection_options
                0x00000000000036ac      0x27a ./darkside.o
 .text.wait_while_detection
                0x0000000000003926       0x14 ./darkside.o
 .text.wait_while_detection_withjump
                0x000000000000393a       0x14 ./darkside.o
 .text.darkside
                0x000000000000394e      0x2e0 ./darkside.o
                0x000000000000394e                darkside
 .text.main     0x0000000000003c2e      0x112 ./main.o
                0x0000000000003c2e                main
 .text.libgcc.mul
                0x0000000000003d40        0x0 /usr/lib/gcc/avr/4.9.2/avr51/libgcc.a(_udivmodsi4.o)
 .text.libgcc.div
                0x0000000000003d40       0x44 /usr/lib/gcc/avr/4.9.2/avr51/libgcc.a(_udivmodsi4.o)
                0x0000000000003d40                __udivmodsi4
 .text.libgcc   0x0000000000003d84        0x0 /usr/lib/gcc/avr/4.9.2/avr51/libgcc.a(_udivmodsi4.o)
 .text.libgcc.prologue
                0x0000000000003d84        0x0 /usr/lib/gcc/avr/4.9.2/avr51/libgcc.a(_udivmodsi4.o)
 .text.libgcc.builtins
                0x0000000000003d84        0x0 /usr/lib/gcc/avr/4.9.2/avr51/libgcc.a(_udivmodsi4.o)
 .text.libgcc.fmul
                0x0000000000003d84        0x0 /usr/lib/gcc/avr/4.9.2/avr51/libgcc.a(_udivmodsi4.o)
 .text.libgcc.fixed
                0x0000000000003d84        0x0 /usr/lib/gcc/avr/4.9.2/avr51/libgcc.a(_udivmodsi4.o)
 .text.libgcc.mul
                0x0000000000003d84        0x0 /usr/lib/gcc/avr/4.9.2/avr51/libgcc.a(_exit.o)
 .text.libgcc.div
                0x0000000000003d84        0x0 /usr/lib/gcc/avr/4.9.2/avr51/libgcc.a(_exit.o)
 .text.libgcc   0x0000000000003d84        0x0 /usr/lib/gcc/avr/4.9.2/avr51/libgcc.a(_exit.o)
 .text.libgcc.prologue
                0x0000000000003d84        0x0 /usr/lib/gcc/avr/4.9.2/avr51/libgcc.a(_exit.o)
 .text.libgcc.builtins
                0x0000000000003d84        0x0 /usr/lib/gcc/avr/4.9.2/avr51/libgcc.a(_exit.o)
 .text.libgcc.fmul
                0x0000000000003d84        0x0 /usr/lib/gcc/avr/4.9.2/avr51/libgcc.a(_exit.o)
 .text.libgcc.fixed
                0x0000000000003d84        0x0 /usr/lib/gcc/avr/4.9.2/avr51/libgcc.a(_exit.o)
 .text.libgcc.mul
                0x0000000000003d84        0x0 /usr/lib/gcc/avr/4.9.2/avr51/libgcc.a(_copy_data.o)
 .text.libgcc.div
                0x0000000000003d84        0x0 /usr/lib/gcc/avr/4.9.2/avr51/libgcc.a(_copy_data.o)
 .text.libgcc   0x0000000000003d84        0x0 /usr/lib/gcc/avr/4.9.2/avr51/libgcc.a(_copy_data.o)
 .text.libgcc.prologue
                0x0000000000003d84        0x0 /usr/lib/gcc/avr/4.9.2/avr51/libgcc.a(_copy_data.o)
 .text.libgcc.builtins
                0x0000000000003d84        0x0 /usr/lib/gcc/avr/4.9.2/avr51/libgcc.a(_copy_data.o)
 .text.libgcc.fmul
                0x0000000000003d84        0x0 /usr/lib/gcc/avr/4.9.2/avr51/libgcc.a(_copy_data.o)
 .text.libgcc.fixed
                0x0000000000003d84        0x0 /usr/lib/gcc/avr/4.9.2/avr51/libgcc.a(_copy_data.o)
 .text.libgcc.mul
                0x0000000000003d84        0x0 /usr/lib/gcc/avr/4.9.2/avr51/libgcc.a(_clear_bss.o)
 .text.libgcc.div
                0x0000000000003d84        0x0 /usr/lib/gcc/avr/4.9.2/avr51/libgcc.a(_clear_bss.o)
 .text.libgcc   0x0000000000003d84        0x0 /usr/lib/gcc/avr/4.9.2/avr51/libgcc.a(_clear_bss.o)
 .text.libgcc.prologue
                0x0000000000003d84        0x0 /usr/lib/gcc/avr/4.9.2/avr51/libgcc.a(_clear_bss.o)
 .text.libgcc.builtins
                0x0000000000003d84        0x0 /usr/lib/gcc/avr/4.9.2/avr51/libgcc.a(_clear_bss.o)
 .text.libgcc.fmul
                0x0000000000003d84        0x0 /usr/lib/gcc/avr/4.9.2/avr51/libgcc.a(_clear_bss.o)
 .text.libgcc.fixed
                0x0000000000003d84        0x0 /usr/lib/gcc/avr/4.9.2/avr51/libgcc.a(_clear_bss.o)
 .text.avr-libc.fplib
                0x0000000000003d84        0xe /usr/lib/gcc/avr/4.9.2/../../../avr/lib/avr51/libm.a(addsf3.o)
                0x0000000000003d84                __subsf3
                0x0000000000003d86                __addsf3
 .text.avr-libc.fplib
                0x0000000000003d92       0xcc /usr/lib/gcc/avr/4.9.2/../../../avr/lib/avr51/libm.a(addsf3x.o)
                0x0000000000003db4                __addsf3x
 .text.avr-libc.fplib
                0x0000000000003e5e        0xa /usr/lib/gcc/avr/4.9.2/../../../avr/lib/avr51/libm.a(cmpsf2.o)
                0x0000000000003e5e                __lesf2
                0x0000000000003e5e                __nesf2
                0x0000000000003e5e                __eqsf2
                0x0000000000003e5e                __cmpsf2
                0x0000000000003e5e                __ltsf2
 .text.avr-libc.fplib
                0x0000000000003e68        0x8 /usr/lib/gcc/avr/4.9.2/../../../avr/lib/avr51/libm.a(divsf3.o)
                0x0000000000003e68                __divsf3
 .text.avr-libc.fplib
                0x0000000000003e70       0xdc /usr/lib/gcc/avr/4.9.2/../../../avr/lib/avr51/libm.a(divsf3x.o)
                0x0000000000003e90                __divsf3x
                0x0000000000003e96                __divsf3_pse
 .text.avr-libc.fplib
                0x0000000000003f4c        0xe /usr/lib/gcc/avr/4.9.2/../../../avr/lib/avr51/libm.a(fixsfsi.o)
                0x0000000000003f4c                __fixsfsi
 .text.avr-libc.fplib
                0x0000000000003f5a       0x5e /usr/lib/gcc/avr/4.9.2/../../../avr/lib/avr51/libm.a(fixunssfsi.o)
                0x0000000000003f5a                __fixunssfsi
 .text.avr-libc.fplib
                0x0000000000003fb8       0x7a /usr/lib/gcc/avr/4.9.2/../../../avr/lib/avr51/libm.a(floatsisf.o)
                0x0000000000003fb8                __floatunsisf
                0x0000000000003fbc                __floatsisf
 .text.avr-libc.fplib
                0x0000000000004032       0x48 /usr/lib/gcc/avr/4.9.2/../../../avr/lib/avr51/libm.a(fp_cmp.o)
                0x0000000000004032                __fp_cmp
 .text.avr-libc.fplib
                0x000000000000407a        0xc /usr/lib/gcc/avr/4.9.2/../../../avr/lib/avr51/libm.a(fp_inf.o)
                0x000000000000407a                __fp_inf
 .text.avr-libc.fplib
                0x0000000000004086        0x6 /usr/lib/gcc/avr/4.9.2/../../../avr/lib/avr51/libm.a(fp_nan.o)
                0x0000000000004086                __fp_nan
 .text.avr-libc.fplib
                0x000000000000408c        0xe /usr/lib/gcc/avr/4.9.2/../../../avr/lib/avr51/libm.a(fp_pscA.o)
                0x000000000000408c                __fp_pscA
 .text.avr-libc.fplib
                0x000000000000409a        0xe /usr/lib/gcc/avr/4.9.2/../../../avr/lib/avr51/libm.a(fp_pscB.o)
                0x000000000000409a                __fp_pscB
 .text.avr-libc.fplib
                0x00000000000040a8       0x22 /usr/lib/gcc/avr/4.9.2/../../../avr/lib/avr51/libm.a(fp_round.o)
                0x00000000000040a8                __fp_round
 .text.avr-libc.fplib
                0x00000000000040ca       0x44 /usr/lib/gcc/avr/4.9.2/../../../avr/lib/avr51/libm.a(fp_split3.o)
                0x00000000000040ca                __fp_split3
                0x00000000000040da                __fp_splitA
 .text.avr-libc.fplib
                0x000000000000410e        0xe /usr/lib/gcc/avr/4.9.2/../../../avr/lib/avr51/libm.a(fp_zero.o)
                0x000000000000410e                __fp_zero
                0x0000000000004110                __fp_szero
 .text.avr-libc.fplib
                0x000000000000411c        0xa /usr/lib/gcc/avr/4.9.2/../../../avr/lib/avr51/libm.a(gesf2.o)
                0x000000000000411c                __gtsf2
                0x000000000000411c                __gesf2
 .text.avr-libc.fplib
                0x0000000000004126        0x8 /usr/lib/gcc/avr/4.9.2/../../../avr/lib/avr51/libm.a(mulsf3.o)
                0x0000000000004126                __mulsf3
 .text.avr-libc.fplib
                0x000000000000412e       0xd2 /usr/lib/gcc/avr/4.9.2/../../../avr/lib/avr51/libm.a(mulsf3x.o)
                0x000000000000414c                __mulsf3x
                0x0000000000004152                __mulsf3_pse
 .text.avr-libc
                0x0000000000004200       0x38 /usr/lib/gcc/avr/4.9.2/../../../avr/lib/avr51/libc.a(calloc.o)
                0x0000000000004200                calloc
 .text.avr-libc
                0x0000000000004238      0x25a /usr/lib/gcc/avr/4.9.2/../../../avr/lib/avr51/libc.a(malloc.o)
                0x0000000000004238                malloc
                0x0000000000004362                free
 .text.avr-libc
                0x0000000000004492        0xe /usr/lib/gcc/avr/4.9.2/../../../avr/lib/avr51/libc.a(memset.o)
                0x0000000000004492                memset
                0x00000000000044a0                . = ALIGN (0x2)
 *(.fini9)
 .fini9         0x00000000000044a0        0x0 /usr/lib/gcc/avr/4.9.2/avr51/libgcc.a(_exit.o)
                0x00000000000044a0                exit
                0x00000000000044a0                _exit
 *(.fini9)
 *(.fini8)
 *(.fini8)
 *(.fini7)
 *(.fini7)
 *(.fini6)
 *(.fini6)
 *(.fini5)
 *(.fini5)
 *(.fini4)
 *(.fini4)
 *(.fini3)
 *(.fini3)
 *(.fini2)
 *(.fini2)
 *(.fini1)
 *(.fini1)
 *(.fini0)
 .fini0         0x00000000000044a0        0x4 /usr/lib/gcc/avr/4.9.2/avr51/libgcc.a(_exit.o)
 *(.fini0)
                0x00000000000044a4                _etext = .

.data           0x0000000000800100       0x32 load address 0x00000000000044a4
                0x0000000000800100                PROVIDE (__data_start, .)
 *(.data)
 .data          0x0000000000800100        0x0 /usr/lib/gcc/avr/4.9.2/../../../avr/lib/avr51/crtat90can128.o
 .data          0x0000000000800100        0x0 ./src/actuator.o
 .data          0x0000000000800100        0x0 ./src/can.o
 .data          0x0000000000800100        0x0 ./src/gpio.o
 .data          0x0000000000800100        0x0 ./src/odometry.o
 .data          0x0000000000800100        0x0 ./src/sensors.o
 .data          0x0000000000800100        0x0 ./src/system.o
 .data          0x0000000000800100        0x0 ./src/usart.o
 .data          0x0000000000800100        0x0 ./darkside.o
 .data          0x0000000000800100        0x0 ./main.o
 .data          0x0000000000800100        0x0 /usr/lib/gcc/avr/4.9.2/avr51/libgcc.a(_udivmodsi4.o)
 .data          0x0000000000800100        0x0 /usr/lib/gcc/avr/4.9.2/avr51/libgcc.a(_exit.o)
 .data          0x0000000000800100        0x0 /usr/lib/gcc/avr/4.9.2/avr51/libgcc.a(_copy_data.o)
 .data          0x0000000000800100        0x0 /usr/lib/gcc/avr/4.9.2/avr51/libgcc.a(_clear_bss.o)
 .data          0x0000000000800100        0x0 /usr/lib/gcc/avr/4.9.2/../../../avr/lib/avr51/libm.a(addsf3.o)
 .data          0x0000000000800100        0x0 /usr/lib/gcc/avr/4.9.2/../../../avr/lib/avr51/libm.a(addsf3x.o)
 .data          0x0000000000800100        0x0 /usr/lib/gcc/avr/4.9.2/../../../avr/lib/avr51/libm.a(cmpsf2.o)
 .data          0x0000000000800100        0x0 /usr/lib/gcc/avr/4.9.2/../../../avr/lib/avr51/libm.a(divsf3.o)
 .data          0x0000000000800100        0x0 /usr/lib/gcc/avr/4.9.2/../../../avr/lib/avr51/libm.a(divsf3x.o)
 .data          0x0000000000800100        0x0 /usr/lib/gcc/avr/4.9.2/../../../avr/lib/avr51/libm.a(fixsfsi.o)
 .data          0x0000000000800100        0x0 /usr/lib/gcc/avr/4.9.2/../../../avr/lib/avr51/libm.a(fixunssfsi.o)
 .data          0x0000000000800100        0x0 /usr/lib/gcc/avr/4.9.2/../../../avr/lib/avr51/libm.a(floatsisf.o)
 .data          0x0000000000800100        0x0 /usr/lib/gcc/avr/4.9.2/../../../avr/lib/avr51/libm.a(fp_cmp.o)
 .data          0x0000000000800100        0x0 /usr/lib/gcc/avr/4.9.2/../../../avr/lib/avr51/libm.a(fp_inf.o)
 .data          0x0000000000800100        0x0 /usr/lib/gcc/avr/4.9.2/../../../avr/lib/avr51/libm.a(fp_nan.o)
 .data          0x0000000000800100        0x0 /usr/lib/gcc/avr/4.9.2/../../../avr/lib/avr51/libm.a(fp_pscA.o)
 .data          0x0000000000800100        0x0 /usr/lib/gcc/avr/4.9.2/../../../avr/lib/avr51/libm.a(fp_pscB.o)
 .data          0x0000000000800100        0x0 /usr/lib/gcc/avr/4.9.2/../../../avr/lib/avr51/libm.a(fp_round.o)
 .data          0x0000000000800100        0x0 /usr/lib/gcc/avr/4.9.2/../../../avr/lib/avr51/libm.a(fp_split3.o)
 .data          0x0000000000800100        0x0 /usr/lib/gcc/avr/4.9.2/../../../avr/lib/avr51/libm.a(fp_zero.o)
 .data          0x0000000000800100        0x0 /usr/lib/gcc/avr/4.9.2/../../../avr/lib/avr51/libm.a(gesf2.o)
 .data          0x0000000000800100        0x0 /usr/lib/gcc/avr/4.9.2/../../../avr/lib/avr51/libm.a(mulsf3.o)
 .data          0x0000000000800100        0x0 /usr/lib/gcc/avr/4.9.2/../../../avr/lib/avr51/libm.a(mulsf3x.o)
 .data          0x0000000000800100        0x0 /usr/lib/gcc/avr/4.9.2/../../../avr/lib/avr51/libc.a(calloc.o)
 .data          0x0000000000800100        0x6 /usr/lib/gcc/avr/4.9.2/../../../avr/lib/avr51/libc.a(malloc.o)
                0x0000000000800100                __malloc_heap_end
                0x0000000000800102                __malloc_heap_start
                0x0000000000800104                __malloc_margin
 .data          0x0000000000800106        0x0 /usr/lib/gcc/avr/4.9.2/../../../avr/lib/avr51/libc.a(memset.o)
 *(.data*)
 .data.module_mosfet_status
                0x0000000000800106        0x9 ./src/actuator.o
                0x0000000000800106                module_mosfet_status
 .data.gpio_inputs
                0x000000000080010f        0x4 ./src/gpio.o
                0x000000000080010f                gpio_inputs
 .data.position
                0x0000000000800113        0x7 ./src/odometry.o
                0x0000000000800113                position
 .data.active_state
                0x000000000080011a        0x1 ./darkside.o
                0x000000000080011a                active_state
 .data.TACTIC_ONE_POSITION
                0x000000000080011b       0x16 ./darkside.o
                0x000000000080011b                TACTIC_ONE_POSITION
 *(.rodata)
 *(.rodata*)
 *(.gnu.linkonce.d*)
                0x0000000000800132                . = ALIGN (0x2)
 *fill*         0x0000000000800131        0x1 
                0x0000000000800132                _edata = .
                0x0000000000800132                PROVIDE (__data_end, .)

.bss            0x0000000000800132      0x165
                0x0000000000800132                PROVIDE (__bss_start, .)
 *(.bss)
 .bss           0x0000000000800132        0x0 /usr/lib/gcc/avr/4.9.2/../../../avr/lib/avr51/crtat90can128.o
 .bss           0x0000000000800132        0x0 ./src/actuator.o
 .bss           0x0000000000800132        0x0 ./src/can.o
 .bss           0x0000000000800132        0x0 ./src/gpio.o
 .bss           0x0000000000800132        0x0 ./src/odometry.o
 .bss           0x0000000000800132        0x0 ./src/sensors.o
 .bss           0x0000000000800132        0x0 ./src/system.o
 .bss           0x0000000000800132        0x0 ./src/usart.o
 .bss           0x0000000000800132        0x0 ./darkside.o
 .bss           0x0000000000800132        0x0 ./main.o
 .bss           0x0000000000800132        0x0 /usr/lib/gcc/avr/4.9.2/avr51/libgcc.a(_udivmodsi4.o)
 .bss           0x0000000000800132        0x0 /usr/lib/gcc/avr/4.9.2/avr51/libgcc.a(_exit.o)
 .bss           0x0000000000800132        0x0 /usr/lib/gcc/avr/4.9.2/avr51/libgcc.a(_copy_data.o)
 .bss           0x0000000000800132        0x0 /usr/lib/gcc/avr/4.9.2/avr51/libgcc.a(_clear_bss.o)
 .bss           0x0000000000800132        0x0 /usr/lib/gcc/avr/4.9.2/../../../avr/lib/avr51/libm.a(addsf3.o)
 .bss           0x0000000000800132        0x0 /usr/lib/gcc/avr/4.9.2/../../../avr/lib/avr51/libm.a(addsf3x.o)
 .bss           0x0000000000800132        0x0 /usr/lib/gcc/avr/4.9.2/../../../avr/lib/avr51/libm.a(cmpsf2.o)
 .bss           0x0000000000800132        0x0 /usr/lib/gcc/avr/4.9.2/../../../avr/lib/avr51/libm.a(divsf3.o)
 .bss           0x0000000000800132        0x0 /usr/lib/gcc/avr/4.9.2/../../../avr/lib/avr51/libm.a(divsf3x.o)
 .bss           0x0000000000800132        0x0 /usr/lib/gcc/avr/4.9.2/../../../avr/lib/avr51/libm.a(fixsfsi.o)
 .bss           0x0000000000800132        0x0 /usr/lib/gcc/avr/4.9.2/../../../avr/lib/avr51/libm.a(fixunssfsi.o)
 .bss           0x0000000000800132        0x0 /usr/lib/gcc/avr/4.9.2/../../../avr/lib/avr51/libm.a(floatsisf.o)
 .bss           0x0000000000800132        0x0 /usr/lib/gcc/avr/4.9.2/../../../avr/lib/avr51/libm.a(fp_cmp.o)
 .bss           0x0000000000800132        0x0 /usr/lib/gcc/avr/4.9.2/../../../avr/lib/avr51/libm.a(fp_inf.o)
 .bss           0x0000000000800132        0x0 /usr/lib/gcc/avr/4.9.2/../../../avr/lib/avr51/libm.a(fp_nan.o)
 .bss           0x0000000000800132        0x0 /usr/lib/gcc/avr/4.9.2/../../../avr/lib/avr51/libm.a(fp_pscA.o)
 .bss           0x0000000000800132        0x0 /usr/lib/gcc/avr/4.9.2/../../../avr/lib/avr51/libm.a(fp_pscB.o)
 .bss           0x0000000000800132        0x0 /usr/lib/gcc/avr/4.9.2/../../../avr/lib/avr51/libm.a(fp_round.o)
 .bss           0x0000000000800132        0x0 /usr/lib/gcc/avr/4.9.2/../../../avr/lib/avr51/libm.a(fp_split3.o)
 .bss           0x0000000000800132        0x0 /usr/lib/gcc/avr/4.9.2/../../../avr/lib/avr51/libm.a(fp_zero.o)
 .bss           0x0000000000800132        0x0 /usr/lib/gcc/avr/4.9.2/../../../avr/lib/avr51/libm.a(gesf2.o)
 .bss           0x0000000000800132        0x0 /usr/lib/gcc/avr/4.9.2/../../../avr/lib/avr51/libm.a(mulsf3.o)
 .bss           0x0000000000800132        0x0 /usr/lib/gcc/avr/4.9.2/../../../avr/lib/avr51/libm.a(mulsf3x.o)
 .bss           0x0000000000800132        0x0 /usr/lib/gcc/avr/4.9.2/../../../avr/lib/avr51/libc.a(calloc.o)
 .bss           0x0000000000800132        0x0 /usr/lib/gcc/avr/4.9.2/../../../avr/lib/avr51/libc.a(malloc.o)
 .bss           0x0000000000800132        0x0 /usr/lib/gcc/avr/4.9.2/../../../avr/lib/avr51/libc.a(memset.o)
 *(.bss*)
 .bss.module_relay_status
                0x0000000000800132        0x1 ./src/actuator.o
                0x0000000000800132                module_relay_status
 .bss.rxBuffers
                0x0000000000800133       0x14 ./src/can.o
 .bss.rxWrIndex
                0x0000000000800147        0xa ./src/can.o
 .bss.rxRdIndex
                0x0000000000800151        0xa ./src/can.o
 .bss.rxCounter
                0x000000000080015b        0xa ./src/can.o
 .bss.count.1761
                0x0000000000800165        0x2 ./src/gpio.o
 .bss.current_speed
                0x0000000000800167        0x1 ./src/odometry.o
 .bss.sys_time  0x0000000000800168        0x4 ./src/system.o
 .bss.match_started
                0x000000000080016c        0x1 ./src/system.o
 .bss.timer_callback
                0x000000000080016d        0x2 ./src/system.o
 .bss.received  0x000000000080016f        0x2 ./src/system.o
                0x000000000080016f                received
 .bss.jumper_pulled
                0x0000000000800171        0x1 ./src/system.o
 .bss.setup_complete
                0x0000000000800172        0x1 ./src/system.o
 .bss.tx0_buffer
                0x0000000000800173       0x40 ./src/usart.o
 .bss.tx0_wr_index
                0x00000000008001b3        0x1 ./src/usart.o
 .bss.tx0_counter
                0x00000000008001b4        0x1 ./src/usart.o
 .bss.tx0_rd_index
                0x00000000008001b5        0x1 ./src/usart.o
 .bss.rx0_buffer
                0x00000000008001b6       0x40 ./src/usart.o
 .bss.rx0_wr_index
                0x00000000008001f6        0x1 ./src/usart.o
 .bss.rx0_counter
                0x00000000008001f7        0x1 ./src/usart.o
 .bss.rx0_rd_index
                0x00000000008001f8        0x1 ./src/usart.o
 .bss.tx1_buffer
                0x00000000008001f9       0x40 ./src/usart.o
 .bss.tx1_wr_index
                0x0000000000800239        0x1 ./src/usart.o
 .bss.tx1_counter
                0x000000000080023a        0x1 ./src/usart.o
 .bss.tx1_rd_index
                0x000000000080023b        0x1 ./src/usart.o
 .bss.rx1_buffer
                0x000000000080023c       0x40 ./src/usart.o
 .bss.rx1_wr_index
                0x000000000080027c        0x1 ./src/usart.o
 .bss.rx1_counter
                0x000000000080027d        0x1 ./src/usart.o
 .bss.rx1_rd_index
                0x000000000080027e        0x1 ./src/usart.o
 .bss.current_position
                0x000000000080027f        0x1 ./darkside.o
                0x000000000080027f                current_position
 .bss.next_position
                0x0000000000800280        0x1 ./darkside.o
                0x0000000000800280                next_position
 .bss.backjump_status
                0x0000000000800281        0x1 ./darkside.o
                0x0000000000800281                backjump_status
 *(COMMON)
 COMMON         0x0000000000800282       0x10 ./src/actuator.o
                0x0000000000800282                return_buffer
                0x000000000080028a                buffer
 COMMON         0x0000000000800292        0x1 ./darkside.o
                0x0000000000800292                odometry_status
 COMMON         0x0000000000800293        0x4 /usr/lib/gcc/avr/4.9.2/../../../avr/lib/avr51/libc.a(malloc.o)
                0x0000000000800293                __brkval
                0x0000000000800295                __flp
                0x0000000000800297                PROVIDE (__bss_end, .)
                0x00000000000044a4                __data_load_start = LOADADDR (.data)
                0x00000000000044d6                __data_load_end = (__data_load_start + SIZEOF (.data))

.noinit         0x0000000000800297        0x0
                0x0000000000800297                PROVIDE (__noinit_start, .)
 *(.noinit*)
                0x0000000000800297                PROVIDE (__noinit_end, .)
                0x0000000000800297                _end = .
                0x0000000000800297                PROVIDE (__heap_start, .)

.eeprom         0x0000000000810000        0x0
 *(.eeprom*)
                0x0000000000810000                __eeprom_end = .

.fuse
 *(.fuse)
 *(.lfuse)
 *(.hfuse)
 *(.efuse)

.lock
 *(.lock*)

.signature
 *(.signature*)

.user_signatures
 *(.user_signatures*)

.stab           0x0000000000000000     0x5f7c
 *(.stab)
 .stab          0x0000000000000000      0xfc0 ./src/actuator.o
 .stab          0x0000000000000fc0      0xab0 ./src/can.o
                                        0xd08 (size before relaxing)
 .stab          0x0000000000001a70      0x984 ./src/gpio.o
                                        0xba0 (size before relaxing)
 .stab          0x00000000000023f4     0x1374 ./src/odometry.o
                                       0x156c (size before relaxing)
 .stab          0x0000000000003768      0x5ac ./src/sensors.o
                                        0x828 (size before relaxing)
 .stab          0x0000000000003d14      0xb58 ./src/system.o
                                        0xdd4 (size before relaxing)
 .stab          0x000000000000486c      0xb04 ./src/usart.o
                                        0xccc (size before relaxing)
 .stab          0x0000000000005370      0x828 ./darkside.o
                                        0xab0 (size before relaxing)
 .stab          0x0000000000005b98      0x3e4 ./main.o
                                        0x684 (size before relaxing)

.stabstr        0x0000000000000000     0x2391
 *(.stabstr)
 .stabstr       0x0000000000000000     0x2391 ./src/actuator.o

.stab.excl
 *(.stab.excl)

.stab.exclstr
 *(.stab.exclstr)

.stab.index
 *(.stab.index)

.stab.indexstr
 *(.stab.indexstr)

.comment        0x0000000000000000       0x11
 *(.comment)
 .comment       0x0000000000000000       0x11 ./src/actuator.o
                                         0x12 (size before relaxing)
 .comment       0x0000000000000011       0x12 ./src/can.o
 .comment       0x0000000000000011       0x12 ./src/gpio.o
 .comment       0x0000000000000011       0x12 ./src/odometry.o
 .comment       0x0000000000000011       0x12 ./src/sensors.o
 .comment       0x0000000000000011       0x12 ./src/system.o
 .comment       0x0000000000000011       0x12 ./src/usart.o
 .comment       0x0000000000000011       0x12 ./darkside.o
 .comment       0x0000000000000011       0x12 ./main.o
 .comment       0x0000000000000011       0x12 /usr/lib/gcc/avr/4.9.2/../../../avr/lib/avr51/libc.a(calloc.o)
 .comment       0x0000000000000011       0x12 /usr/lib/gcc/avr/4.9.2/../../../avr/lib/avr51/libc.a(malloc.o)

.note.gnu.avr.deviceinfo
                0x0000000000000000       0x40
 .note.gnu.avr.deviceinfo
                0x0000000000000000       0x40 /usr/lib/gcc/avr/4.9.2/../../../avr/lib/avr51/crtat90can128.o

.note.gnu.build-id
 *(.note.gnu.build-id)

.debug
 *(.debug)

.line
 *(.line)

.debug_srcinfo
 *(.debug_srcinfo)

.debug_sfnames
 *(.debug_sfnames)

.debug_aranges
 *(.debug_aranges)

.debug_pubnames
 *(.debug_pubnames)

.debug_info
 *(.debug_info .gnu.linkonce.wi.*)

.debug_abbrev
 *(.debug_abbrev)

.debug_line
 *(.debug_line .debug_line.* .debug_line_end)

.debug_frame
 *(.debug_frame)

.debug_str
 *(.debug_str)

.debug_loc
 *(.debug_loc)

.debug_macinfo
 *(.debug_macinfo)

.debug_weaknames
 *(.debug_weaknames)

.debug_funcnames
 *(.debug_funcnames)

.debug_typenames
 *(.debug_typenames)

.debug_varnames
 *(.debug_varnames)

.debug_pubtypes
 *(.debug_pubtypes)

.debug_ranges
 *(.debug_ranges)

.debug_macro
 *(.debug_macro)
OUTPUT(EP_Framework_Atmel.elf elf32-avr)
LOAD linker stubs
