Archive member included to satisfy reference by file (symbol)

/usr/lib/gcc/avr/4.9.2/avr51/libgcc.a(_exit.o)
                              /usr/lib/gcc/avr/4.9.2/../../../avr/lib/avr51/crtat90can128.o (exit)
/usr/lib/gcc/avr/4.9.2/avr51/libgcc.a(_copy_data.o)
                              ./src/debug.o (__do_copy_data)
/usr/lib/gcc/avr/4.9.2/avr51/libgcc.a(_clear_bss.o)
                              ./src/actuator.o (__do_clear_bss)
/usr/lib/gcc/avr/4.9.2/../../../avr/lib/avr51/libm.a(addsf3.o)
                              ./src/usart.o (__subsf3)
/usr/lib/gcc/avr/4.9.2/../../../avr/lib/avr51/libm.a(addsf3x.o)
                              /usr/lib/gcc/avr/4.9.2/../../../avr/lib/avr51/libm.a(addsf3.o) (__addsf3x)
/usr/lib/gcc/avr/4.9.2/../../../avr/lib/avr51/libm.a(cmpsf2.o)
                              ./src/actuator.o (__ltsf2)
/usr/lib/gcc/avr/4.9.2/../../../avr/lib/avr51/libm.a(divsf3.o)
                              ./src/ax.o (__divsf3)
/usr/lib/gcc/avr/4.9.2/../../../avr/lib/avr51/libm.a(divsf3x.o)
                              /usr/lib/gcc/avr/4.9.2/../../../avr/lib/avr51/libm.a(divsf3.o) (__divsf3x)
/usr/lib/gcc/avr/4.9.2/../../../avr/lib/avr51/libm.a(fixunssfsi.o)
                              ./src/actuator.o (__fixunssfsi)
/usr/lib/gcc/avr/4.9.2/../../../avr/lib/avr51/libm.a(floatsisf.o)
                              ./src/ax.o (__floatunsisf)
/usr/lib/gcc/avr/4.9.2/../../../avr/lib/avr51/libm.a(fp_cmp.o)
                              /usr/lib/gcc/avr/4.9.2/../../../avr/lib/avr51/libm.a(cmpsf2.o) (__fp_cmp)
/usr/lib/gcc/avr/4.9.2/../../../avr/lib/avr51/libm.a(fp_inf.o)
                              /usr/lib/gcc/avr/4.9.2/../../../avr/lib/avr51/libm.a(addsf3x.o) (__fp_inf)
/usr/lib/gcc/avr/4.9.2/../../../avr/lib/avr51/libm.a(fp_nan.o)
                              /usr/lib/gcc/avr/4.9.2/../../../avr/lib/avr51/libm.a(addsf3x.o) (__fp_nan)
/usr/lib/gcc/avr/4.9.2/../../../avr/lib/avr51/libm.a(fp_pscA.o)
                              /usr/lib/gcc/avr/4.9.2/../../../avr/lib/avr51/libm.a(addsf3x.o) (__fp_pscA)
/usr/lib/gcc/avr/4.9.2/../../../avr/lib/avr51/libm.a(fp_pscB.o)
                              /usr/lib/gcc/avr/4.9.2/../../../avr/lib/avr51/libm.a(addsf3x.o) (__fp_pscB)
/usr/lib/gcc/avr/4.9.2/../../../avr/lib/avr51/libm.a(fp_round.o)
                              /usr/lib/gcc/avr/4.9.2/../../../avr/lib/avr51/libm.a(addsf3.o) (__fp_round)
/usr/lib/gcc/avr/4.9.2/../../../avr/lib/avr51/libm.a(fp_split3.o)
                              /usr/lib/gcc/avr/4.9.2/../../../avr/lib/avr51/libm.a(addsf3x.o) (__fp_split3)
/usr/lib/gcc/avr/4.9.2/../../../avr/lib/avr51/libm.a(fp_zero.o)
                              /usr/lib/gcc/avr/4.9.2/../../../avr/lib/avr51/libm.a(addsf3x.o) (__fp_zero)
/usr/lib/gcc/avr/4.9.2/../../../avr/lib/avr51/libm.a(gesf2.o)
                              ./src/actuator.o (__gtsf2)
/usr/lib/gcc/avr/4.9.2/../../../avr/lib/avr51/libm.a(mulsf3.o)
                              ./src/actuator.o (__mulsf3)
/usr/lib/gcc/avr/4.9.2/../../../avr/lib/avr51/libm.a(mulsf3x.o)
                              /usr/lib/gcc/avr/4.9.2/../../../avr/lib/avr51/libm.a(mulsf3.o) (__mulsf3x)
/usr/lib/gcc/avr/4.9.2/../../../avr/lib/avr51/libc.a(calloc.o)
                              ./src/can.o (calloc)
/usr/lib/gcc/avr/4.9.2/../../../avr/lib/avr51/libc.a(malloc.o)
                              ./src/gpio.o (malloc)
/usr/lib/gcc/avr/4.9.2/../../../avr/lib/avr51/libc.a(memset.o)
                              /usr/lib/gcc/avr/4.9.2/../../../avr/lib/avr51/libc.a(calloc.o) (memset)

Allocating common symbols
Common symbol       size              file

__brkval            0x2               /usr/lib/gcc/avr/4.9.2/../../../avr/lib/avr51/libc.a(malloc.o)
odometry_status     0x1               ./darkside.o
test                0x1               ./src/debug.o
servo1              0x3               ./src/actuator.o
__flp               0x2               /usr/lib/gcc/avr/4.9.2/../../../avr/lib/avr51/libc.a(malloc.o)

Memory Configuration

Name             Origin             Length             Attributes
text             0x0000000000000000 0x0000000000020000 xr
data             0x0000000000800100 0x000000000000ff00 rw !x
eeprom           0x0000000000810000 0x0000000000010000 rw !x
fuse             0x0000000000820000 0x0000000000000400 rw !x
lock             0x0000000000830000 0x0000000000000400 rw !x
signature        0x0000000000840000 0x0000000000000400 rw !x
user_signatures  0x0000000000850000 0x0000000000000400 rw !x
*default*        0x0000000000000000 0xffffffffffffffff

Linker script and memory map

Address of section .data set to 0x800100
LOAD /usr/lib/gcc/avr/4.9.2/../../../avr/lib/avr51/crtat90can128.o
LOAD ./src/actuator.o
LOAD ./src/ax.o
LOAD ./src/can.o
LOAD ./src/debug.o
LOAD ./src/gpio.o
LOAD ./src/odometry.o
LOAD ./src/sensors.o
LOAD ./src/system.o
LOAD ./src/usart.o
LOAD ./darkside.o
LOAD ./main.o
START GROUP
LOAD /usr/lib/gcc/avr/4.9.2/avr51/libgcc.a
LOAD /usr/lib/gcc/avr/4.9.2/../../../avr/lib/avr51/libm.a
LOAD /usr/lib/gcc/avr/4.9.2/../../../avr/lib/avr51/libc.a
LOAD /usr/lib/gcc/avr/4.9.2/../../../avr/lib/avr51/libat90can128.a
END GROUP

.hash
 *(.hash)

.dynsym
 *(.dynsym)

.dynstr
 *(.dynstr)

.gnu.version
 *(.gnu.version)

.gnu.version_d
 *(.gnu.version_d)

.gnu.version_r
 *(.gnu.version_r)

.rel.init
 *(.rel.init)

.rela.init
 *(.rela.init)

.rel.text
 *(.rel.text)
 *(.rel.text.*)
 *(.rel.gnu.linkonce.t*)

.rela.text
 *(.rela.text)
 *(.rela.text.*)
 *(.rela.gnu.linkonce.t*)

.rel.fini
 *(.rel.fini)

.rela.fini
 *(.rela.fini)

.rel.rodata
 *(.rel.rodata)
 *(.rel.rodata.*)
 *(.rel.gnu.linkonce.r*)

.rela.rodata
 *(.rela.rodata)
 *(.rela.rodata.*)
 *(.rela.gnu.linkonce.r*)

.rel.data
 *(.rel.data)
 *(.rel.data.*)
 *(.rel.gnu.linkonce.d*)

.rela.data
 *(.rela.data)
 *(.rela.data.*)
 *(.rela.gnu.linkonce.d*)

.rel.ctors
 *(.rel.ctors)

.rela.ctors
 *(.rela.ctors)

.rel.dtors
 *(.rel.dtors)

.rela.dtors
 *(.rela.dtors)

.rel.got
 *(.rel.got)

.rela.got
 *(.rela.got)

.rel.bss
 *(.rel.bss)

.rela.bss
 *(.rela.bss)

.rel.plt
 *(.rel.plt)

.rela.plt
 *(.rela.plt)

.text           0x0000000000000000     0x3aba
 *(.vectors)
 .vectors       0x0000000000000000       0x94 /usr/lib/gcc/avr/4.9.2/../../../avr/lib/avr51/crtat90can128.o
                0x0000000000000000                __vectors
                0x0000000000000000                __vector_default
 *(.vectors)
 *(.progmem.gcc*)
                0x0000000000000094                . = ALIGN (0x2)
                0x0000000000000094                __trampolines_start = .
 *(.trampolines)
 .trampolines   0x0000000000000094        0x0 linker stubs
 *(.trampolines*)
                0x0000000000000094                __trampolines_end = .
 *(.progmem*)
                0x0000000000000094                . = ALIGN (0x2)
 *(.jumptables)
 *(.jumptables*)
 *(.lowtext)
 *(.lowtext*)
                0x0000000000000094                __ctors_start = .
 *(.ctors)
                0x0000000000000094                __ctors_end = .
                0x0000000000000094                __dtors_start = .
 *(.dtors)
                0x0000000000000094                __dtors_end = .
 SORT(*)(.ctors)
 SORT(*)(.dtors)
 *(.init0)
 .init0         0x0000000000000094        0x0 /usr/lib/gcc/avr/4.9.2/../../../avr/lib/avr51/crtat90can128.o
                0x0000000000000094                __init
 *(.init0)
 *(.init1)
 *(.init1)
 *(.init2)
 .init2         0x0000000000000094        0xc /usr/lib/gcc/avr/4.9.2/../../../avr/lib/avr51/crtat90can128.o
 *(.init2)
 *(.init3)
 *(.init3)
 *(.init4)
 .init4         0x00000000000000a0       0x1a /usr/lib/gcc/avr/4.9.2/avr51/libgcc.a(_copy_data.o)
                0x00000000000000a0                __do_copy_data
 .init4         0x00000000000000ba       0x10 /usr/lib/gcc/avr/4.9.2/avr51/libgcc.a(_clear_bss.o)
                0x00000000000000ba                __do_clear_bss
 *(.init4)
 *(.init5)
 *(.init5)
 *(.init6)
 *(.init6)
 *(.init7)
 *(.init7)
 *(.init8)
 *(.init8)
 *(.init9)
 .init9         0x00000000000000ca        0x8 /usr/lib/gcc/avr/4.9.2/../../../avr/lib/avr51/crtat90can128.o
 *(.init9)
 *(.text)
 .text          0x00000000000000d2        0x4 /usr/lib/gcc/avr/4.9.2/../../../avr/lib/avr51/crtat90can128.o
                0x00000000000000d2                __vector_22
                0x00000000000000d2                __vector_28
                0x00000000000000d2                __vector_1
                0x00000000000000d2                __vector_24
                0x00000000000000d2                __bad_interrupt
                0x00000000000000d2                __vector_6
                0x00000000000000d2                __vector_31
                0x00000000000000d2                __vector_35
                0x00000000000000d2                __vector_3
                0x00000000000000d2                __vector_30
                0x00000000000000d2                __vector_25
                0x00000000000000d2                __vector_11
                0x00000000000000d2                __vector_13
                0x00000000000000d2                __vector_17
                0x00000000000000d2                __vector_19
                0x00000000000000d2                __vector_7
                0x00000000000000d2                __vector_27
                0x00000000000000d2                __vector_5
                0x00000000000000d2                __vector_33
                0x00000000000000d2                __vector_4
                0x00000000000000d2                __vector_9
                0x00000000000000d2                __vector_2
                0x00000000000000d2                __vector_15
                0x00000000000000d2                __vector_36
                0x00000000000000d2                __vector_29
                0x00000000000000d2                __vector_8
                0x00000000000000d2                __vector_26
                0x00000000000000d2                __vector_14
                0x00000000000000d2                __vector_10
                0x00000000000000d2                __vector_16
                0x00000000000000d2                __vector_20
 .text          0x00000000000000d6        0x0 ./src/actuator.o
 .text          0x00000000000000d6        0x0 ./src/ax.o
 .text          0x00000000000000d6        0x0 ./src/can.o
 .text          0x00000000000000d6        0x0 ./src/debug.o
 .text          0x00000000000000d6        0x0 ./src/gpio.o
 .text          0x00000000000000d6        0x0 ./src/odometry.o
 .text          0x00000000000000d6        0x0 ./src/sensors.o
 .text          0x00000000000000d6        0x0 ./src/system.o
 .text          0x00000000000000d6        0x0 ./src/usart.o
 .text          0x00000000000000d6        0x0 ./darkside.o
 .text          0x00000000000000d6        0x0 ./main.o
 .text          0x00000000000000d6        0x0 /usr/lib/gcc/avr/4.9.2/avr51/libgcc.a(_exit.o)
 .text          0x00000000000000d6        0x0 /usr/lib/gcc/avr/4.9.2/avr51/libgcc.a(_copy_data.o)
 .text          0x00000000000000d6        0x0 /usr/lib/gcc/avr/4.9.2/avr51/libgcc.a(_clear_bss.o)
 .text          0x00000000000000d6        0x0 /usr/lib/gcc/avr/4.9.2/../../../avr/lib/avr51/libm.a(addsf3.o)
 .text          0x00000000000000d6        0x0 /usr/lib/gcc/avr/4.9.2/../../../avr/lib/avr51/libm.a(addsf3x.o)
 .text          0x00000000000000d6        0x0 /usr/lib/gcc/avr/4.9.2/../../../avr/lib/avr51/libm.a(cmpsf2.o)
 .text          0x00000000000000d6        0x0 /usr/lib/gcc/avr/4.9.2/../../../avr/lib/avr51/libm.a(divsf3.o)
 .text          0x00000000000000d6        0x0 /usr/lib/gcc/avr/4.9.2/../../../avr/lib/avr51/libm.a(divsf3x.o)
 .text          0x00000000000000d6        0x0 /usr/lib/gcc/avr/4.9.2/../../../avr/lib/avr51/libm.a(fixunssfsi.o)
 .text          0x00000000000000d6        0x0 /usr/lib/gcc/avr/4.9.2/../../../avr/lib/avr51/libm.a(floatsisf.o)
 .text          0x00000000000000d6        0x0 /usr/lib/gcc/avr/4.9.2/../../../avr/lib/avr51/libm.a(fp_cmp.o)
 .text          0x00000000000000d6        0x0 /usr/lib/gcc/avr/4.9.2/../../../avr/lib/avr51/libm.a(fp_inf.o)
 .text          0x00000000000000d6        0x0 /usr/lib/gcc/avr/4.9.2/../../../avr/lib/avr51/libm.a(fp_nan.o)
 .text          0x00000000000000d6        0x0 /usr/lib/gcc/avr/4.9.2/../../../avr/lib/avr51/libm.a(fp_pscA.o)
 .text          0x00000000000000d6        0x0 /usr/lib/gcc/avr/4.9.2/../../../avr/lib/avr51/libm.a(fp_pscB.o)
 .text          0x00000000000000d6        0x0 /usr/lib/gcc/avr/4.9.2/../../../avr/lib/avr51/libm.a(fp_round.o)
 .text          0x00000000000000d6        0x0 /usr/lib/gcc/avr/4.9.2/../../../avr/lib/avr51/libm.a(fp_split3.o)
 .text          0x00000000000000d6        0x0 /usr/lib/gcc/avr/4.9.2/../../../avr/lib/avr51/libm.a(fp_zero.o)
 .text          0x00000000000000d6        0x0 /usr/lib/gcc/avr/4.9.2/../../../avr/lib/avr51/libm.a(gesf2.o)
 .text          0x00000000000000d6        0x0 /usr/lib/gcc/avr/4.9.2/../../../avr/lib/avr51/libm.a(mulsf3.o)
 .text          0x00000000000000d6        0x0 /usr/lib/gcc/avr/4.9.2/../../../avr/lib/avr51/libm.a(mulsf3x.o)
 .text          0x00000000000000d6        0x0 /usr/lib/gcc/avr/4.9.2/../../../avr/lib/avr51/libc.a(calloc.o)
 .text          0x00000000000000d6        0x0 /usr/lib/gcc/avr/4.9.2/../../../avr/lib/avr51/libc.a(malloc.o)
 .text          0x00000000000000d6        0x0 /usr/lib/gcc/avr/4.9.2/../../../avr/lib/avr51/libc.a(memset.o)
                0x00000000000000d6                . = ALIGN (0x2)
 *(.text.*)
 .text.act_servo
                0x00000000000000d6      0x156 ./src/actuator.o
                0x00000000000000d6                act_servo
 .text.setup_servo
                0x000000000000022c       0x64 ./src/actuator.o
                0x000000000000022c                setup_servo
 .text.attach_servo
                0x0000000000000290      0x140 ./src/actuator.o
                0x0000000000000290                attach_servo
 .text.detach_servo
                0x00000000000003d0      0x13e ./src/actuator.o
                0x00000000000003d0                detach_servo
 .text.act_relay
                0x000000000000050e      0x138 ./src/actuator.o
                0x000000000000050e                act_relay
 .text.act_mosfet
                0x0000000000000646      0x138 ./src/actuator.o
                0x0000000000000646                act_mosfet
 .text.AX_UART_Init
                0x000000000000077e      0x14a ./src/ax.o
                0x000000000000077e                AX_UART_Init
 .text.AX_SendChar
                0x00000000000008c8       0x34 ./src/ax.o
                0x00000000000008c8                AX_SendChar
 .text.AX_ReadChar
                0x00000000000008fc       0x24 ./src/ax.o
                0x00000000000008fc                AX_ReadChar
 .text.AX_ReadStatus
                0x0000000000000920       0x5a ./src/ax.o
                0x0000000000000920                AX_ReadStatus
 .text.AX_StopTransmitter
                0x000000000000097a       0x48 ./src/ax.o
                0x000000000000097a                AX_StopTransmitter
 .text.AX_ReleaseTransmitter
                0x00000000000009c2       0x20 ./src/ax.o
                0x00000000000009c2                AX_ReleaseTransmitter
 .text.AX_StopReceiver
                0x00000000000009e2       0x20 ./src/ax.o
                0x00000000000009e2                AX_StopReceiver
 .text.AX_ReleaseReceiver
                0x0000000000000a02       0x20 ./src/ax.o
                0x0000000000000a02                AX_ReleaseReceiver
 .text.AX_SetAngle
                0x0000000000000a22      0x22a ./src/ax.o
                0x0000000000000a22                AX_SetAngle
 .text.AX_EndlessTurn
                0x0000000000000c4c      0x164 ./src/ax.o
                0x0000000000000c4c                AX_EndlessTurn
 .text.AX_SetSpeed
                0x0000000000000db0       0xb4 ./src/ax.o
                0x0000000000000db0                AX_SetSpeed
 .text.__vector_18
                0x0000000000000e64      0x1c4 ./src/can.o
                0x0000000000000e64                __vector_18
 .text.CAN_InitModule
                0x0000000000001028       0xf6 ./src/can.o
 .text.CAN_InitRxMob
                0x000000000000111e      0x106 ./src/can.o
 .text.CAN_Init
                0x0000000000001224       0x8e ./src/can.o
                0x0000000000001224                CAN_Init
 .text.CAN_CheckRX
                0x00000000000012b2       0x24 ./src/can.o
                0x00000000000012b2                CAN_CheckRX
 .text.CAN_Read
                0x00000000000012d6       0xea ./src/can.o
                0x00000000000012d6                CAN_Read
 .text.CAN_Write
                0x00000000000013c0      0x114 ./src/can.o
                0x00000000000013c0                CAN_Write
 .text.debug_init
                0x00000000000014d4        0xe ./src/debug.o
                0x00000000000014d4                debug_init
 .text.GPIO_PinRegister
                0x00000000000014e2      0x152 ./src/gpio.o
                0x00000000000014e2                GPIO_PinRegister
 .text.GPIO_PinRead
                0x0000000000001634       0x60 ./src/gpio.o
                0x0000000000001634                GPIO_PinRead
 .text.GPIO_ReadFromRegister
                0x0000000000001694       0x68 ./src/gpio.o
                0x0000000000001694                GPIO_ReadFromRegister
 .text.fillDebaunsingData
                0x00000000000016fc       0x7c ./src/gpio.o
                0x00000000000016fc                fillDebaunsingData
 .text.odometry_set_speed
                0x0000000000001778      0x138 ./src/odometry.o
                0x0000000000001778                odometry_set_speed
 .text.odometry_query_position
                0x00000000000018b0      0x184 ./src/odometry.o
                0x00000000000018b0                odometry_query_position
 .text.odometry_wait_until_done
                0x0000000000001a34       0x6e ./src/odometry.o
 .text.odometry_stop
                0x0000000000001aa2      0x13a ./src/odometry.o
                0x0000000000001aa2                odometry_stop
 .text.odometry_move_straight
                0x0000000000001bdc      0x148 ./src/odometry.o
                0x0000000000001bdc                odometry_move_straight
 .text.odometry_move_to_position
                0x0000000000001d24      0x17c ./src/odometry.o
                0x0000000000001d24                odometry_move_to_position
 .text.odometry_set_position
                0x0000000000001ea0      0x1b4 ./src/odometry.o
                0x0000000000001ea0                odometry_set_position
 .text.odometry_rotate_for
                0x0000000000002054      0x146 ./src/odometry.o
                0x0000000000002054                odometry_rotate_for
 .text.odometry_set_angle
                0x000000000000219a      0x146 ./src/odometry.o
                0x000000000000219a                odometry_set_angle
 .text.odometry_kurva
                0x00000000000022e0      0x180 ./src/odometry.o
                0x00000000000022e0                odometry_kurva
 .text.odometry_match_end
                0x0000000000002460      0x120 ./src/odometry.o
                0x0000000000002460                odometry_match_end
 .text.getState
                0x0000000000002580       0x16 ./src/odometry.o
                0x0000000000002580                getState
 .text.odometry_get_x
                0x0000000000002596       0x1a ./src/odometry.o
                0x0000000000002596                odometry_get_x
 .text.odometry_get_y
                0x00000000000025b0       0x1a ./src/odometry.o
                0x00000000000025b0                odometry_get_y
 .text.odometry_get_angle
                0x00000000000025ca       0x1a ./src/odometry.o
                0x00000000000025ca                odometry_get_angle
 .text.detection_setup
                0x00000000000025e4        0xe ./src/sensors.o
                0x00000000000025e4                detection_setup
 .text.detection_get
                0x00000000000025f2       0x16 ./src/sensors.o
                0x00000000000025f2                detection_get
 .text.timer_register_callback
                0x0000000000002608       0x24 ./src/system.o
                0x0000000000002608                timer_register_callback
 .text.timer_init
                0x000000000000262c       0xa2 ./src/system.o
                0x000000000000262c                timer_init
 .text.__vector_12
                0x00000000000026ce       0xc2 ./src/system.o
                0x00000000000026ce                __vector_12
 .text.system_reset_system_time
                0x0000000000002790       0x1e ./src/system.o
                0x0000000000002790                system_reset_system_time
 .text.system_set_match_started
                0x00000000000027ae       0x14 ./src/system.o
                0x00000000000027ae                system_set_match_started
 .text.system_get_system_time
                0x00000000000027c2       0x22 ./src/system.o
                0x00000000000027c2                system_get_system_time
 .text.system_get_match_started
                0x00000000000027e4       0x12 ./src/system.o
                0x00000000000027e4                system_get_match_started
 .text.check_jumper
                0x00000000000027f6       0x14 ./src/system.o
                0x00000000000027f6                check_jumper
 .text.system_init
                0x000000000000280a      0x124 ./src/system.o
                0x000000000000280a                system_init
 .text.UART0_Init
                0x000000000000292e      0x100 ./src/usart.o
                0x000000000000292e                UART0_Init
 .text.__vector_23
                0x0000000000002a2e       0x84 ./src/usart.o
                0x0000000000002a2e                __vector_23
 .text.UART0_Write
                0x0000000000002ab2       0x9c ./src/usart.o
                0x0000000000002ab2                UART0_Write
 .text.__vector_21
                0x0000000000002b4e       0x98 ./src/usart.o
                0x0000000000002b4e                __vector_21
 .text.UART0_Read
                0x0000000000002be6       0x8e ./src/usart.o
                0x0000000000002be6                UART0_Read
 .text.UART1_Init
                0x0000000000002c74      0x100 ./src/usart.o
                0x0000000000002c74                UART1_Init
 .text.__vector_34
                0x0000000000002d74       0x84 ./src/usart.o
                0x0000000000002d74                __vector_34
 .text.__vector_32
                0x0000000000002df8       0x98 ./src/usart.o
                0x0000000000002df8                __vector_32
 .text.altUart0Write
                0x0000000000002e90       0x34 ./src/usart.o
                0x0000000000002e90                altUart0Write
 .text.altUart1Write
                0x0000000000002ec4       0x34 ./src/usart.o
                0x0000000000002ec4                altUart1Write
 .text.UART1_Write
                0x0000000000002ef8       0x9c ./src/usart.o
                0x0000000000002ef8                UART1_Write
 .text.UART1_Read
                0x0000000000002f94       0x8e ./src/usart.o
                0x0000000000002f94                UART1_Read
 .text.UART1_Buffer
                0x0000000000003022       0x3c ./src/usart.o
                0x0000000000003022                UART1_Buffer
 .text.wait_while_detection_tactic_one
                0x000000000000305e      0x12e ./darkside.o
 .text.darkside
                0x000000000000318c      0x1d6 ./darkside.o
                0x000000000000318c                darkside
 .text.main     0x0000000000003362       0x46 ./main.o
                0x0000000000003362                main
 .text.libgcc.mul
                0x00000000000033a8        0x0 /usr/lib/gcc/avr/4.9.2/avr51/libgcc.a(_exit.o)
 .text.libgcc.div
                0x00000000000033a8        0x0 /usr/lib/gcc/avr/4.9.2/avr51/libgcc.a(_exit.o)
 .text.libgcc   0x00000000000033a8        0x0 /usr/lib/gcc/avr/4.9.2/avr51/libgcc.a(_exit.o)
 .text.libgcc.prologue
                0x00000000000033a8        0x0 /usr/lib/gcc/avr/4.9.2/avr51/libgcc.a(_exit.o)
 .text.libgcc.builtins
                0x00000000000033a8        0x0 /usr/lib/gcc/avr/4.9.2/avr51/libgcc.a(_exit.o)
 .text.libgcc.fmul
                0x00000000000033a8        0x0 /usr/lib/gcc/avr/4.9.2/avr51/libgcc.a(_exit.o)
 .text.libgcc.fixed
                0x00000000000033a8        0x0 /usr/lib/gcc/avr/4.9.2/avr51/libgcc.a(_exit.o)
 .text.libgcc.mul
                0x00000000000033a8        0x0 /usr/lib/gcc/avr/4.9.2/avr51/libgcc.a(_copy_data.o)
 .text.libgcc.div
                0x00000000000033a8        0x0 /usr/lib/gcc/avr/4.9.2/avr51/libgcc.a(_copy_data.o)
 .text.libgcc   0x00000000000033a8        0x0 /usr/lib/gcc/avr/4.9.2/avr51/libgcc.a(_copy_data.o)
 .text.libgcc.prologue
                0x00000000000033a8        0x0 /usr/lib/gcc/avr/4.9.2/avr51/libgcc.a(_copy_data.o)
 .text.libgcc.builtins
                0x00000000000033a8        0x0 /usr/lib/gcc/avr/4.9.2/avr51/libgcc.a(_copy_data.o)
 .text.libgcc.fmul
                0x00000000000033a8        0x0 /usr/lib/gcc/avr/4.9.2/avr51/libgcc.a(_copy_data.o)
 .text.libgcc.fixed
                0x00000000000033a8        0x0 /usr/lib/gcc/avr/4.9.2/avr51/libgcc.a(_copy_data.o)
 .text.libgcc.mul
                0x00000000000033a8        0x0 /usr/lib/gcc/avr/4.9.2/avr51/libgcc.a(_clear_bss.o)
 .text.libgcc.div
                0x00000000000033a8        0x0 /usr/lib/gcc/avr/4.9.2/avr51/libgcc.a(_clear_bss.o)
 .text.libgcc   0x00000000000033a8        0x0 /usr/lib/gcc/avr/4.9.2/avr51/libgcc.a(_clear_bss.o)
 .text.libgcc.prologue
                0x00000000000033a8        0x0 /usr/lib/gcc/avr/4.9.2/avr51/libgcc.a(_clear_bss.o)
 .text.libgcc.builtins
                0x00000000000033a8        0x0 /usr/lib/gcc/avr/4.9.2/avr51/libgcc.a(_clear_bss.o)
 .text.libgcc.fmul
                0x00000000000033a8        0x0 /usr/lib/gcc/avr/4.9.2/avr51/libgcc.a(_clear_bss.o)
 .text.libgcc.fixed
                0x00000000000033a8        0x0 /usr/lib/gcc/avr/4.9.2/avr51/libgcc.a(_clear_bss.o)
 .text.avr-libc.fplib
                0x00000000000033a8        0xe /usr/lib/gcc/avr/4.9.2/../../../avr/lib/avr51/libm.a(addsf3.o)
                0x00000000000033a8                __subsf3
                0x00000000000033aa                __addsf3
 .text.avr-libc.fplib
                0x00000000000033b6       0xcc /usr/lib/gcc/avr/4.9.2/../../../avr/lib/avr51/libm.a(addsf3x.o)
                0x00000000000033d8                __addsf3x
 .text.avr-libc.fplib
                0x0000000000003482        0xa /usr/lib/gcc/avr/4.9.2/../../../avr/lib/avr51/libm.a(cmpsf2.o)
                0x0000000000003482                __lesf2
                0x0000000000003482                __nesf2
                0x0000000000003482                __eqsf2
                0x0000000000003482                __cmpsf2
                0x0000000000003482                __ltsf2
 .text.avr-libc.fplib
                0x000000000000348c        0x8 /usr/lib/gcc/avr/4.9.2/../../../avr/lib/avr51/libm.a(divsf3.o)
                0x000000000000348c                __divsf3
 .text.avr-libc.fplib
                0x0000000000003494       0xdc /usr/lib/gcc/avr/4.9.2/../../../avr/lib/avr51/libm.a(divsf3x.o)
                0x00000000000034b4                __divsf3x
                0x00000000000034ba                __divsf3_pse
 .text.avr-libc.fplib
                0x0000000000003570       0x5e /usr/lib/gcc/avr/4.9.2/../../../avr/lib/avr51/libm.a(fixunssfsi.o)
                0x0000000000003570                __fixunssfsi
 .text.avr-libc.fplib
                0x00000000000035ce       0x7a /usr/lib/gcc/avr/4.9.2/../../../avr/lib/avr51/libm.a(floatsisf.o)
                0x00000000000035ce                __floatunsisf
                0x00000000000035d2                __floatsisf
 .text.avr-libc.fplib
                0x0000000000003648       0x48 /usr/lib/gcc/avr/4.9.2/../../../avr/lib/avr51/libm.a(fp_cmp.o)
                0x0000000000003648                __fp_cmp
 .text.avr-libc.fplib
                0x0000000000003690        0xc /usr/lib/gcc/avr/4.9.2/../../../avr/lib/avr51/libm.a(fp_inf.o)
                0x0000000000003690                __fp_inf
 .text.avr-libc.fplib
                0x000000000000369c        0x6 /usr/lib/gcc/avr/4.9.2/../../../avr/lib/avr51/libm.a(fp_nan.o)
                0x000000000000369c                __fp_nan
 .text.avr-libc.fplib
                0x00000000000036a2        0xe /usr/lib/gcc/avr/4.9.2/../../../avr/lib/avr51/libm.a(fp_pscA.o)
                0x00000000000036a2                __fp_pscA
 .text.avr-libc.fplib
                0x00000000000036b0        0xe /usr/lib/gcc/avr/4.9.2/../../../avr/lib/avr51/libm.a(fp_pscB.o)
                0x00000000000036b0                __fp_pscB
 .text.avr-libc.fplib
                0x00000000000036be       0x22 /usr/lib/gcc/avr/4.9.2/../../../avr/lib/avr51/libm.a(fp_round.o)
                0x00000000000036be                __fp_round
 .text.avr-libc.fplib
                0x00000000000036e0       0x44 /usr/lib/gcc/avr/4.9.2/../../../avr/lib/avr51/libm.a(fp_split3.o)
                0x00000000000036e0                __fp_split3
                0x00000000000036f0                __fp_splitA
 .text.avr-libc.fplib
                0x0000000000003724        0xe /usr/lib/gcc/avr/4.9.2/../../../avr/lib/avr51/libm.a(fp_zero.o)
                0x0000000000003724                __fp_zero
                0x0000000000003726                __fp_szero
 .text.avr-libc.fplib
                0x0000000000003732        0xa /usr/lib/gcc/avr/4.9.2/../../../avr/lib/avr51/libm.a(gesf2.o)
                0x0000000000003732                __gtsf2
                0x0000000000003732                __gesf2
 .text.avr-libc.fplib
                0x000000000000373c        0x8 /usr/lib/gcc/avr/4.9.2/../../../avr/lib/avr51/libm.a(mulsf3.o)
                0x000000000000373c                __mulsf3
 .text.avr-libc.fplib
                0x0000000000003744       0xd2 /usr/lib/gcc/avr/4.9.2/../../../avr/lib/avr51/libm.a(mulsf3x.o)
                0x0000000000003762                __mulsf3x
                0x0000000000003768                __mulsf3_pse
 .text.avr-libc
                0x0000000000003816       0x38 /usr/lib/gcc/avr/4.9.2/../../../avr/lib/avr51/libc.a(calloc.o)
                0x0000000000003816                calloc
 .text.avr-libc
                0x000000000000384e      0x25a /usr/lib/gcc/avr/4.9.2/../../../avr/lib/avr51/libc.a(malloc.o)
                0x000000000000384e                malloc
                0x0000000000003978                free
 .text.avr-libc
                0x0000000000003aa8        0xe /usr/lib/gcc/avr/4.9.2/../../../avr/lib/avr51/libc.a(memset.o)
                0x0000000000003aa8                memset
                0x0000000000003ab6                . = ALIGN (0x2)
 *(.fini9)
 .fini9         0x0000000000003ab6        0x0 /usr/lib/gcc/avr/4.9.2/avr51/libgcc.a(_exit.o)
                0x0000000000003ab6                exit
                0x0000000000003ab6                _exit
 *(.fini9)
 *(.fini8)
 *(.fini8)
 *(.fini7)
 *(.fini7)
 *(.fini6)
 *(.fini6)
 *(.fini5)
 *(.fini5)
 *(.fini4)
 *(.fini4)
 *(.fini3)
 *(.fini3)
 *(.fini2)
 *(.fini2)
 *(.fini1)
 *(.fini1)
 *(.fini0)
 .fini0         0x0000000000003ab6        0x4 /usr/lib/gcc/avr/4.9.2/avr51/libgcc.a(_exit.o)
 *(.fini0)
                0x0000000000003aba                _etext = .

.data           0x0000000000800100       0x2a load address 0x0000000000003aba
                0x0000000000800100                PROVIDE (__data_start, .)
 *(.data)
 .data          0x0000000000800100        0x0 /usr/lib/gcc/avr/4.9.2/../../../avr/lib/avr51/crtat90can128.o
 .data          0x0000000000800100        0x0 ./src/actuator.o
 .data          0x0000000000800100        0x0 ./src/ax.o
 .data          0x0000000000800100        0x0 ./src/can.o
 .data          0x0000000000800100        0x0 ./src/debug.o
 .data          0x0000000000800100        0x0 ./src/gpio.o
 .data          0x0000000000800100        0x0 ./src/odometry.o
 .data          0x0000000000800100        0x0 ./src/sensors.o
 .data          0x0000000000800100        0x0 ./src/system.o
 .data          0x0000000000800100        0x0 ./src/usart.o
 .data          0x0000000000800100        0x0 ./darkside.o
 .data          0x0000000000800100        0x0 ./main.o
 .data          0x0000000000800100        0x0 /usr/lib/gcc/avr/4.9.2/avr51/libgcc.a(_exit.o)
 .data          0x0000000000800100        0x0 /usr/lib/gcc/avr/4.9.2/avr51/libgcc.a(_copy_data.o)
 .data          0x0000000000800100        0x0 /usr/lib/gcc/avr/4.9.2/avr51/libgcc.a(_clear_bss.o)
 .data          0x0000000000800100        0x0 /usr/lib/gcc/avr/4.9.2/../../../avr/lib/avr51/libm.a(addsf3.o)
 .data          0x0000000000800100        0x0 /usr/lib/gcc/avr/4.9.2/../../../avr/lib/avr51/libm.a(addsf3x.o)
 .data          0x0000000000800100        0x0 /usr/lib/gcc/avr/4.9.2/../../../avr/lib/avr51/libm.a(cmpsf2.o)
 .data          0x0000000000800100        0x0 /usr/lib/gcc/avr/4.9.2/../../../avr/lib/avr51/libm.a(divsf3.o)
 .data          0x0000000000800100        0x0 /usr/lib/gcc/avr/4.9.2/../../../avr/lib/avr51/libm.a(divsf3x.o)
 .data          0x0000000000800100        0x0 /usr/lib/gcc/avr/4.9.2/../../../avr/lib/avr51/libm.a(fixunssfsi.o)
 .data          0x0000000000800100        0x0 /usr/lib/gcc/avr/4.9.2/../../../avr/lib/avr51/libm.a(floatsisf.o)
 .data          0x0000000000800100        0x0 /usr/lib/gcc/avr/4.9.2/../../../avr/lib/avr51/libm.a(fp_cmp.o)
 .data          0x0000000000800100        0x0 /usr/lib/gcc/avr/4.9.2/../../../avr/lib/avr51/libm.a(fp_inf.o)
 .data          0x0000000000800100        0x0 /usr/lib/gcc/avr/4.9.2/../../../avr/lib/avr51/libm.a(fp_nan.o)
 .data          0x0000000000800100        0x0 /usr/lib/gcc/avr/4.9.2/../../../avr/lib/avr51/libm.a(fp_pscA.o)
 .data          0x0000000000800100        0x0 /usr/lib/gcc/avr/4.9.2/../../../avr/lib/avr51/libm.a(fp_pscB.o)
 .data          0x0000000000800100        0x0 /usr/lib/gcc/avr/4.9.2/../../../avr/lib/avr51/libm.a(fp_round.o)
 .data          0x0000000000800100        0x0 /usr/lib/gcc/avr/4.9.2/../../../avr/lib/avr51/libm.a(fp_split3.o)
 .data          0x0000000000800100        0x0 /usr/lib/gcc/avr/4.9.2/../../../avr/lib/avr51/libm.a(fp_zero.o)
 .data          0x0000000000800100        0x0 /usr/lib/gcc/avr/4.9.2/../../../avr/lib/avr51/libm.a(gesf2.o)
 .data          0x0000000000800100        0x0 /usr/lib/gcc/avr/4.9.2/../../../avr/lib/avr51/libm.a(mulsf3.o)
 .data          0x0000000000800100        0x0 /usr/lib/gcc/avr/4.9.2/../../../avr/lib/avr51/libm.a(mulsf3x.o)
 .data          0x0000000000800100        0x0 /usr/lib/gcc/avr/4.9.2/../../../avr/lib/avr51/libc.a(calloc.o)
 .data          0x0000000000800100        0x6 /usr/lib/gcc/avr/4.9.2/../../../avr/lib/avr51/libc.a(malloc.o)
                0x0000000000800100                __malloc_heap_end
                0x0000000000800102                __malloc_heap_start
                0x0000000000800104                __malloc_margin
 .data          0x0000000000800106        0x0 /usr/lib/gcc/avr/4.9.2/../../../avr/lib/avr51/libc.a(memset.o)
 *(.data*)
 .data.debug_pins
                0x0000000000800106        0x5 ./src/debug.o
                0x0000000000800106                debug_pins
 .data.position
                0x000000000080010b        0x7 ./src/odometry.o
                0x000000000080010b                position
 .data.detection_pins
                0x0000000000800112        0xc ./src/sensors.o
                0x0000000000800112                detection_pins
 .data.active_state
                0x000000000080011e        0x1 ./darkside.o
                0x000000000080011e                active_state
 *(.rodata)
 *(.rodata*)
 .rodata.TACTIC_ONE_POSITION
                0x000000000080011f        0xb ./darkside.o
                0x000000000080011f                TACTIC_ONE_POSITION
 *(.gnu.linkonce.d*)
                0x000000000080012a                . = ALIGN (0x2)
                0x000000000080012a                _edata = .
                0x000000000080012a                PROVIDE (__data_end, .)

.bss            0x000000000080012a      0x182
                0x000000000080012a                PROVIDE (__bss_start, .)
 *(.bss)
 .bss           0x000000000080012a        0x0 /usr/lib/gcc/avr/4.9.2/../../../avr/lib/avr51/crtat90can128.o
 .bss           0x000000000080012a        0x0 ./src/actuator.o
 .bss           0x000000000080012a        0x0 ./src/ax.o
 .bss           0x000000000080012a        0x0 ./src/can.o
 .bss           0x000000000080012a        0x0 ./src/debug.o
 .bss           0x000000000080012a        0x0 ./src/gpio.o
 .bss           0x000000000080012a        0x0 ./src/odometry.o
 .bss           0x000000000080012a        0x0 ./src/sensors.o
 .bss           0x000000000080012a        0x0 ./src/system.o
 .bss           0x000000000080012a        0x0 ./src/usart.o
 .bss           0x000000000080012a        0x0 ./darkside.o
 .bss           0x000000000080012a        0x0 ./main.o
 .bss           0x000000000080012a        0x0 /usr/lib/gcc/avr/4.9.2/avr51/libgcc.a(_exit.o)
 .bss           0x000000000080012a        0x0 /usr/lib/gcc/avr/4.9.2/avr51/libgcc.a(_copy_data.o)
 .bss           0x000000000080012a        0x0 /usr/lib/gcc/avr/4.9.2/avr51/libgcc.a(_clear_bss.o)
 .bss           0x000000000080012a        0x0 /usr/lib/gcc/avr/4.9.2/../../../avr/lib/avr51/libm.a(addsf3.o)
 .bss           0x000000000080012a        0x0 /usr/lib/gcc/avr/4.9.2/../../../avr/lib/avr51/libm.a(addsf3x.o)
 .bss           0x000000000080012a        0x0 /usr/lib/gcc/avr/4.9.2/../../../avr/lib/avr51/libm.a(cmpsf2.o)
 .bss           0x000000000080012a        0x0 /usr/lib/gcc/avr/4.9.2/../../../avr/lib/avr51/libm.a(divsf3.o)
 .bss           0x000000000080012a        0x0 /usr/lib/gcc/avr/4.9.2/../../../avr/lib/avr51/libm.a(divsf3x.o)
 .bss           0x000000000080012a        0x0 /usr/lib/gcc/avr/4.9.2/../../../avr/lib/avr51/libm.a(fixunssfsi.o)
 .bss           0x000000000080012a        0x0 /usr/lib/gcc/avr/4.9.2/../../../avr/lib/avr51/libm.a(floatsisf.o)
 .bss           0x000000000080012a        0x0 /usr/lib/gcc/avr/4.9.2/../../../avr/lib/avr51/libm.a(fp_cmp.o)
 .bss           0x000000000080012a        0x0 /usr/lib/gcc/avr/4.9.2/../../../avr/lib/avr51/libm.a(fp_inf.o)
 .bss           0x000000000080012a        0x0 /usr/lib/gcc/avr/4.9.2/../../../avr/lib/avr51/libm.a(fp_nan.o)
 .bss           0x000000000080012a        0x0 /usr/lib/gcc/avr/4.9.2/../../../avr/lib/avr51/libm.a(fp_pscA.o)
 .bss           0x000000000080012a        0x0 /usr/lib/gcc/avr/4.9.2/../../../avr/lib/avr51/libm.a(fp_pscB.o)
 .bss           0x000000000080012a        0x0 /usr/lib/gcc/avr/4.9.2/../../../avr/lib/avr51/libm.a(fp_round.o)
 .bss           0x000000000080012a        0x0 /usr/lib/gcc/avr/4.9.2/../../../avr/lib/avr51/libm.a(fp_split3.o)
 .bss           0x000000000080012a        0x0 /usr/lib/gcc/avr/4.9.2/../../../avr/lib/avr51/libm.a(fp_zero.o)
 .bss           0x000000000080012a        0x0 /usr/lib/gcc/avr/4.9.2/../../../avr/lib/avr51/libm.a(gesf2.o)
 .bss           0x000000000080012a        0x0 /usr/lib/gcc/avr/4.9.2/../../../avr/lib/avr51/libm.a(mulsf3.o)
 .bss           0x000000000080012a        0x0 /usr/lib/gcc/avr/4.9.2/../../../avr/lib/avr51/libm.a(mulsf3x.o)
 .bss           0x000000000080012a        0x0 /usr/lib/gcc/avr/4.9.2/../../../avr/lib/avr51/libc.a(calloc.o)
 .bss           0x000000000080012a        0x0 /usr/lib/gcc/avr/4.9.2/../../../avr/lib/avr51/libc.a(malloc.o)
 .bss           0x000000000080012a        0x0 /usr/lib/gcc/avr/4.9.2/../../../avr/lib/avr51/libc.a(memset.o)
 *(.bss*)
 .bss.rxBuffers
                0x000000000080012a       0x14 ./src/can.o
 .bss.rxWrIndex
                0x000000000080013e        0xa ./src/can.o
 .bss.rxRdIndex
                0x0000000000800148        0xa ./src/can.o
 .bss.rxCounter
                0x0000000000800152        0xa ./src/can.o
 .bss.gpios     0x000000000080015c       0x28 ./src/gpio.o
 .bss.inputsNumber
                0x0000000000800184        0x1 ./src/gpio.o
 .bss.systemTime
                0x0000000000800185        0x4 ./src/gpio.o
 .bss.matchStarted
                0x0000000000800189        0x1 ./src/gpio.o
 .bss.j.1736    0x000000000080018a        0x1 ./src/gpio.o
 .bss.current_speed
                0x000000000080018b        0x1 ./src/odometry.o
 .bss.sys_time  0x000000000080018c        0x4 ./src/system.o
 .bss.match_started
                0x0000000000800190        0x1 ./src/system.o
 .bss.timer_callback
                0x0000000000800191        0x2 ./src/system.o
 .bss.received  0x0000000000800193        0x2 ./src/system.o
                0x0000000000800193                received
 .bss.tx0_buffer
                0x0000000000800195       0x40 ./src/usart.o
 .bss.tx0_wr_index
                0x00000000008001d5        0x1 ./src/usart.o
 .bss.tx0_counter
                0x00000000008001d6        0x1 ./src/usart.o
 .bss.tx0_rd_index
                0x00000000008001d7        0x1 ./src/usart.o
 .bss.rx0_buffer
                0x00000000008001d8       0x40 ./src/usart.o
 .bss.rx0_wr_index
                0x0000000000800218        0x1 ./src/usart.o
 .bss.rx0_counter
                0x0000000000800219        0x1 ./src/usart.o
 .bss.rx0_rd_index
                0x000000000080021a        0x1 ./src/usart.o
 .bss.tx1_buffer
                0x000000000080021b       0x40 ./src/usart.o
 .bss.tx1_wr_index
                0x000000000080025b        0x1 ./src/usart.o
 .bss.tx1_counter
                0x000000000080025c        0x1 ./src/usart.o
 .bss.tx1_rd_index
                0x000000000080025d        0x1 ./src/usart.o
 .bss.rx1_buffer
                0x000000000080025e       0x40 ./src/usart.o
 .bss.rx1_wr_index
                0x000000000080029e        0x1 ./src/usart.o
 .bss.rx1_counter
                0x000000000080029f        0x1 ./src/usart.o
 .bss.rx1_rd_index
                0x00000000008002a0        0x1 ./src/usart.o
 .bss.current_position
                0x00000000008002a1        0x1 ./darkside.o
                0x00000000008002a1                current_position
 .bss.next_position
                0x00000000008002a2        0x1 ./darkside.o
                0x00000000008002a2                next_position
 *(COMMON)
 COMMON         0x00000000008002a3        0x3 ./src/actuator.o
                0x00000000008002a3                servo1
 COMMON         0x00000000008002a6        0x1 ./src/debug.o
                0x00000000008002a6                test
 COMMON         0x00000000008002a7        0x1 ./darkside.o
                0x00000000008002a7                odometry_status
 COMMON         0x00000000008002a8        0x4 /usr/lib/gcc/avr/4.9.2/../../../avr/lib/avr51/libc.a(malloc.o)
                0x00000000008002a8                __brkval
                0x00000000008002aa                __flp
                0x00000000008002ac                PROVIDE (__bss_end, .)
                0x0000000000003aba                __data_load_start = LOADADDR (.data)
                0x0000000000003ae4                __data_load_end = (__data_load_start + SIZEOF (.data))

.noinit         0x00000000008002ac        0x0
                0x00000000008002ac                PROVIDE (__noinit_start, .)
 *(.noinit*)
                0x00000000008002ac                PROVIDE (__noinit_end, .)
                0x00000000008002ac                _end = .
                0x00000000008002ac                PROVIDE (__heap_start, .)

.eeprom         0x0000000000810000        0x0
 *(.eeprom*)
                0x0000000000810000                __eeprom_end = .

.fuse
 *(.fuse)
 *(.lfuse)
 *(.hfuse)
 *(.efuse)

.lock
 *(.lock*)

.signature
 *(.signature*)

.user_signatures
 *(.user_signatures*)

.stab           0x0000000000000000     0x5d3c
 *(.stab)
 .stab          0x0000000000000000      0xcf0 ./src/actuator.o
 .stab          0x0000000000000cf0      0xb4c ./src/ax.o
                                        0xd14 (size before relaxing)
 .stab          0x000000000000183c      0xae0 ./src/can.o
                                        0xd14 (size before relaxing)
 .stab          0x000000000000231c      0x318 ./src/debug.o
                                        0x57c (size before relaxing)
 .stab          0x0000000000002634      0x5dc ./src/gpio.o
                                        0x7f8 (size before relaxing)
 .stab          0x0000000000002c10     0x1350 ./src/odometry.o
                                       0x156c (size before relaxing)
 .stab          0x0000000000003f60      0x33c ./src/sensors.o
                                        0x558 (size before relaxing)
 .stab          0x000000000000429c      0x630 ./src/system.o
                                        0x8ac (size before relaxing)
 .stab          0x00000000000048cc      0xb04 ./src/usart.o
                                        0xccc (size before relaxing)
 .stab          0x00000000000053d0      0x60c ./darkside.o
                                        0x8a0 (size before relaxing)
 .stab          0x00000000000059dc      0x360 ./main.o
                                        0x60c (size before relaxing)

.stabstr        0x0000000000000000     0x21c2
 *(.stabstr)
 .stabstr       0x0000000000000000     0x21c2 ./src/actuator.o

.stab.excl
 *(.stab.excl)

.stab.exclstr
 *(.stab.exclstr)

.stab.index
 *(.stab.index)

.stab.indexstr
 *(.stab.indexstr)

.comment        0x0000000000000000       0x11
 *(.comment)
 .comment       0x0000000000000000       0x11 ./src/actuator.o
                                         0x12 (size before relaxing)
 .comment       0x0000000000000011       0x12 ./src/ax.o
 .comment       0x0000000000000011       0x12 ./src/can.o
 .comment       0x0000000000000011       0x12 ./src/debug.o
 .comment       0x0000000000000011       0x12 ./src/gpio.o
 .comment       0x0000000000000011       0x12 ./src/odometry.o
 .comment       0x0000000000000011       0x12 ./src/sensors.o
 .comment       0x0000000000000011       0x12 ./src/system.o
 .comment       0x0000000000000011       0x12 ./src/usart.o
 .comment       0x0000000000000011       0x12 ./darkside.o
 .comment       0x0000000000000011       0x12 ./main.o
 .comment       0x0000000000000011       0x12 /usr/lib/gcc/avr/4.9.2/../../../avr/lib/avr51/libc.a(calloc.o)
 .comment       0x0000000000000011       0x12 /usr/lib/gcc/avr/4.9.2/../../../avr/lib/avr51/libc.a(malloc.o)

.note.gnu.avr.deviceinfo
                0x0000000000000000       0x40
 .note.gnu.avr.deviceinfo
                0x0000000000000000       0x40 /usr/lib/gcc/avr/4.9.2/../../../avr/lib/avr51/crtat90can128.o

.note.gnu.build-id
 *(.note.gnu.build-id)

.debug
 *(.debug)

.line
 *(.line)

.debug_srcinfo
 *(.debug_srcinfo)

.debug_sfnames
 *(.debug_sfnames)

.debug_aranges
 *(.debug_aranges)

.debug_pubnames
 *(.debug_pubnames)

.debug_info
 *(.debug_info .gnu.linkonce.wi.*)

.debug_abbrev
 *(.debug_abbrev)

.debug_line
 *(.debug_line .debug_line.* .debug_line_end)

.debug_frame
 *(.debug_frame)

.debug_str
 *(.debug_str)

.debug_loc
 *(.debug_loc)

.debug_macinfo
 *(.debug_macinfo)

.debug_weaknames
 *(.debug_weaknames)

.debug_funcnames
 *(.debug_funcnames)

.debug_typenames
 *(.debug_typenames)

.debug_varnames
 *(.debug_varnames)

.debug_pubtypes
 *(.debug_pubtypes)

.debug_ranges
 *(.debug_ranges)

.debug_macro
 *(.debug_macro)
OUTPUT(EP_Framework_Atmel.elf elf32-avr)
LOAD linker stubs
