Archive member included to satisfy reference by file (symbol)

/usr/lib/gcc/avr/4.9.2/avr51/libgcc.a(_udivmodsi4.o)
                              ./src/system.o (__udivmodsi4)
/usr/lib/gcc/avr/4.9.2/avr51/libgcc.a(_exit.o)
                              /usr/lib/gcc/avr/4.9.2/../../../avr/lib/avr51/crtat90can128.o (exit)
/usr/lib/gcc/avr/4.9.2/avr51/libgcc.a(_copy_data.o)
                              ./src/gpio.o (__do_copy_data)
/usr/lib/gcc/avr/4.9.2/avr51/libgcc.a(_clear_bss.o)
                              ./src/actuator.o (__do_clear_bss)
/usr/lib/gcc/avr/4.9.2/../../../avr/lib/avr51/libm.a(addsf3.o)
                              ./src/actuator.o (__subsf3)
/usr/lib/gcc/avr/4.9.2/../../../avr/lib/avr51/libm.a(addsf3x.o)
                              /usr/lib/gcc/avr/4.9.2/../../../avr/lib/avr51/libm.a(addsf3.o) (__addsf3x)
/usr/lib/gcc/avr/4.9.2/../../../avr/lib/avr51/libm.a(cmpsf2.o)
                              ./src/actuator.o (__ltsf2)
/usr/lib/gcc/avr/4.9.2/../../../avr/lib/avr51/libm.a(divsf3.o)
                              ./src/actuator.o (__divsf3)
/usr/lib/gcc/avr/4.9.2/../../../avr/lib/avr51/libm.a(divsf3x.o)
                              /usr/lib/gcc/avr/4.9.2/../../../avr/lib/avr51/libm.a(divsf3.o) (__divsf3x)
/usr/lib/gcc/avr/4.9.2/../../../avr/lib/avr51/libm.a(fixsfsi.o)
                              ./src/actuator.o (__fixsfsi)
/usr/lib/gcc/avr/4.9.2/../../../avr/lib/avr51/libm.a(fixunssfsi.o)
                              ./src/actuator.o (__fixunssfsi)
/usr/lib/gcc/avr/4.9.2/../../../avr/lib/avr51/libm.a(floatsisf.o)
                              ./src/actuator.o (__floatunsisf)
/usr/lib/gcc/avr/4.9.2/../../../avr/lib/avr51/libm.a(fp_cmp.o)
                              /usr/lib/gcc/avr/4.9.2/../../../avr/lib/avr51/libm.a(cmpsf2.o) (__fp_cmp)
/usr/lib/gcc/avr/4.9.2/../../../avr/lib/avr51/libm.a(fp_inf.o)
                              /usr/lib/gcc/avr/4.9.2/../../../avr/lib/avr51/libm.a(addsf3x.o) (__fp_inf)
/usr/lib/gcc/avr/4.9.2/../../../avr/lib/avr51/libm.a(fp_nan.o)
                              /usr/lib/gcc/avr/4.9.2/../../../avr/lib/avr51/libm.a(addsf3x.o) (__fp_nan)
/usr/lib/gcc/avr/4.9.2/../../../avr/lib/avr51/libm.a(fp_pscA.o)
                              /usr/lib/gcc/avr/4.9.2/../../../avr/lib/avr51/libm.a(addsf3x.o) (__fp_pscA)
/usr/lib/gcc/avr/4.9.2/../../../avr/lib/avr51/libm.a(fp_pscB.o)
                              /usr/lib/gcc/avr/4.9.2/../../../avr/lib/avr51/libm.a(addsf3x.o) (__fp_pscB)
/usr/lib/gcc/avr/4.9.2/../../../avr/lib/avr51/libm.a(fp_round.o)
                              /usr/lib/gcc/avr/4.9.2/../../../avr/lib/avr51/libm.a(addsf3.o) (__fp_round)
/usr/lib/gcc/avr/4.9.2/../../../avr/lib/avr51/libm.a(fp_split3.o)
                              /usr/lib/gcc/avr/4.9.2/../../../avr/lib/avr51/libm.a(addsf3x.o) (__fp_split3)
/usr/lib/gcc/avr/4.9.2/../../../avr/lib/avr51/libm.a(fp_zero.o)
                              /usr/lib/gcc/avr/4.9.2/../../../avr/lib/avr51/libm.a(addsf3x.o) (__fp_zero)
/usr/lib/gcc/avr/4.9.2/../../../avr/lib/avr51/libm.a(gesf2.o)
                              ./src/actuator.o (__gesf2)
/usr/lib/gcc/avr/4.9.2/../../../avr/lib/avr51/libm.a(mulsf3.o)
                              ./src/actuator.o (__mulsf3)
/usr/lib/gcc/avr/4.9.2/../../../avr/lib/avr51/libm.a(mulsf3x.o)
                              /usr/lib/gcc/avr/4.9.2/../../../avr/lib/avr51/libm.a(mulsf3.o) (__mulsf3x)
/usr/lib/gcc/avr/4.9.2/../../../avr/lib/avr51/libc.a(calloc.o)
                              ./src/can.o (calloc)
/usr/lib/gcc/avr/4.9.2/../../../avr/lib/avr51/libc.a(malloc.o)
                              ./src/gpio.o (malloc)
/usr/lib/gcc/avr/4.9.2/../../../avr/lib/avr51/libc.a(memset.o)
                              /usr/lib/gcc/avr/4.9.2/../../../avr/lib/avr51/libc.a(calloc.o) (memset)

Allocating common symbols
Common symbol       size              file

__brkval            0x2               /usr/lib/gcc/avr/4.9.2/../../../avr/lib/avr51/libc.a(malloc.o)
odometry_status     0x1               ./darkside.o
return_buffer       0x8               ./src/actuator.o
buffer              0x8               ./src/actuator.o
__flp               0x2               /usr/lib/gcc/avr/4.9.2/../../../avr/lib/avr51/libc.a(malloc.o)

Memory Configuration

Name             Origin             Length             Attributes
text             0x0000000000000000 0x0000000000020000 xr
data             0x0000000000800100 0x000000000000ff00 rw !x
eeprom           0x0000000000810000 0x0000000000010000 rw !x
fuse             0x0000000000820000 0x0000000000000400 rw !x
lock             0x0000000000830000 0x0000000000000400 rw !x
signature        0x0000000000840000 0x0000000000000400 rw !x
user_signatures  0x0000000000850000 0x0000000000000400 rw !x
*default*        0x0000000000000000 0xffffffffffffffff

Linker script and memory map

Address of section .data set to 0x800100
LOAD /usr/lib/gcc/avr/4.9.2/../../../avr/lib/avr51/crtat90can128.o
LOAD ./src/actuator.o
LOAD ./src/can.o
LOAD ./src/gpio.o
LOAD ./src/odometry.o
LOAD ./src/sensors.o
LOAD ./src/system.o
LOAD ./src/usart.o
LOAD ./darkside.o
LOAD ./main.o
START GROUP
LOAD /usr/lib/gcc/avr/4.9.2/avr51/libgcc.a
LOAD /usr/lib/gcc/avr/4.9.2/../../../avr/lib/avr51/libm.a
LOAD /usr/lib/gcc/avr/4.9.2/../../../avr/lib/avr51/libc.a
LOAD /usr/lib/gcc/avr/4.9.2/../../../avr/lib/avr51/libat90can128.a
END GROUP

.hash
 *(.hash)

.dynsym
 *(.dynsym)

.dynstr
 *(.dynstr)

.gnu.version
 *(.gnu.version)

.gnu.version_d
 *(.gnu.version_d)

.gnu.version_r
 *(.gnu.version_r)

.rel.init
 *(.rel.init)

.rela.init
 *(.rela.init)

.rel.text
 *(.rel.text)
 *(.rel.text.*)
 *(.rel.gnu.linkonce.t*)

.rela.text
 *(.rela.text)
 *(.rela.text.*)
 *(.rela.gnu.linkonce.t*)

.rel.fini
 *(.rel.fini)

.rela.fini
 *(.rela.fini)

.rel.rodata
 *(.rel.rodata)
 *(.rel.rodata.*)
 *(.rel.gnu.linkonce.r*)

.rela.rodata
 *(.rela.rodata)
 *(.rela.rodata.*)
 *(.rela.gnu.linkonce.r*)

.rel.data
 *(.rel.data)
 *(.rel.data.*)
 *(.rel.gnu.linkonce.d*)

.rela.data
 *(.rela.data)
 *(.rela.data.*)
 *(.rela.gnu.linkonce.d*)

.rel.ctors
 *(.rel.ctors)

.rela.ctors
 *(.rela.ctors)

.rel.dtors
 *(.rel.dtors)

.rela.dtors
 *(.rela.dtors)

.rel.got
 *(.rel.got)

.rela.got
 *(.rela.got)

.rel.bss
 *(.rel.bss)

.rela.bss
 *(.rela.bss)

.rel.plt
 *(.rel.plt)

.rela.plt
 *(.rela.plt)

.text           0x0000000000000000     0x4256
 *(.vectors)
 .vectors       0x0000000000000000       0x94 /usr/lib/gcc/avr/4.9.2/../../../avr/lib/avr51/crtat90can128.o
                0x0000000000000000                __vectors
                0x0000000000000000                __vector_default
 *(.vectors)
 *(.progmem.gcc*)
                0x0000000000000094                . = ALIGN (0x2)
                0x0000000000000094                __trampolines_start = .
 *(.trampolines)
 .trampolines   0x0000000000000094        0x0 linker stubs
 *(.trampolines*)
                0x0000000000000094                __trampolines_end = .
 *(.progmem*)
                0x0000000000000094                . = ALIGN (0x2)
 *(.jumptables)
 *(.jumptables*)
 *(.lowtext)
 *(.lowtext*)
                0x0000000000000094                __ctors_start = .
 *(.ctors)
                0x0000000000000094                __ctors_end = .
                0x0000000000000094                __dtors_start = .
 *(.dtors)
                0x0000000000000094                __dtors_end = .
 SORT(*)(.ctors)
 SORT(*)(.dtors)
 *(.init0)
 .init0         0x0000000000000094        0x0 /usr/lib/gcc/avr/4.9.2/../../../avr/lib/avr51/crtat90can128.o
                0x0000000000000094                __init
 *(.init0)
 *(.init1)
 *(.init1)
 *(.init2)
 .init2         0x0000000000000094        0xc /usr/lib/gcc/avr/4.9.2/../../../avr/lib/avr51/crtat90can128.o
 *(.init2)
 *(.init3)
 *(.init3)
 *(.init4)
 .init4         0x00000000000000a0       0x1a /usr/lib/gcc/avr/4.9.2/avr51/libgcc.a(_copy_data.o)
                0x00000000000000a0                __do_copy_data
 .init4         0x00000000000000ba       0x10 /usr/lib/gcc/avr/4.9.2/avr51/libgcc.a(_clear_bss.o)
                0x00000000000000ba                __do_clear_bss
 *(.init4)
 *(.init5)
 *(.init5)
 *(.init6)
 *(.init6)
 *(.init7)
 *(.init7)
 *(.init8)
 *(.init8)
 *(.init9)
 .init9         0x00000000000000ca        0x8 /usr/lib/gcc/avr/4.9.2/../../../avr/lib/avr51/crtat90can128.o
 *(.init9)
 *(.text)
 .text          0x00000000000000d2        0x4 /usr/lib/gcc/avr/4.9.2/../../../avr/lib/avr51/crtat90can128.o
                0x00000000000000d2                __vector_22
                0x00000000000000d2                __vector_28
                0x00000000000000d2                __vector_1
                0x00000000000000d2                __vector_24
                0x00000000000000d2                __bad_interrupt
                0x00000000000000d2                __vector_6
                0x00000000000000d2                __vector_31
                0x00000000000000d2                __vector_35
                0x00000000000000d2                __vector_3
                0x00000000000000d2                __vector_30
                0x00000000000000d2                __vector_25
                0x00000000000000d2                __vector_11
                0x00000000000000d2                __vector_13
                0x00000000000000d2                __vector_17
                0x00000000000000d2                __vector_19
                0x00000000000000d2                __vector_7
                0x00000000000000d2                __vector_27
                0x00000000000000d2                __vector_5
                0x00000000000000d2                __vector_33
                0x00000000000000d2                __vector_4
                0x00000000000000d2                __vector_9
                0x00000000000000d2                __vector_2
                0x00000000000000d2                __vector_15
                0x00000000000000d2                __vector_36
                0x00000000000000d2                __vector_29
                0x00000000000000d2                __vector_26
                0x00000000000000d2                __vector_14
                0x00000000000000d2                __vector_10
                0x00000000000000d2                __vector_16
                0x00000000000000d2                __vector_20
 .text          0x00000000000000d6        0x0 ./src/actuator.o
 .text          0x00000000000000d6        0x0 ./src/can.o
 .text          0x00000000000000d6        0x0 ./src/gpio.o
 .text          0x00000000000000d6        0x0 ./src/odometry.o
 .text          0x00000000000000d6        0x0 ./src/sensors.o
 .text          0x00000000000000d6        0x0 ./src/system.o
 .text          0x00000000000000d6        0x0 ./src/usart.o
 .text          0x00000000000000d6        0x0 ./darkside.o
 .text          0x00000000000000d6        0x0 ./main.o
 .text          0x00000000000000d6        0x0 /usr/lib/gcc/avr/4.9.2/avr51/libgcc.a(_udivmodsi4.o)
 .text          0x00000000000000d6        0x0 /usr/lib/gcc/avr/4.9.2/avr51/libgcc.a(_exit.o)
 .text          0x00000000000000d6        0x0 /usr/lib/gcc/avr/4.9.2/avr51/libgcc.a(_copy_data.o)
 .text          0x00000000000000d6        0x0 /usr/lib/gcc/avr/4.9.2/avr51/libgcc.a(_clear_bss.o)
 .text          0x00000000000000d6        0x0 /usr/lib/gcc/avr/4.9.2/../../../avr/lib/avr51/libm.a(addsf3.o)
 .text          0x00000000000000d6        0x0 /usr/lib/gcc/avr/4.9.2/../../../avr/lib/avr51/libm.a(addsf3x.o)
 .text          0x00000000000000d6        0x0 /usr/lib/gcc/avr/4.9.2/../../../avr/lib/avr51/libm.a(cmpsf2.o)
 .text          0x00000000000000d6        0x0 /usr/lib/gcc/avr/4.9.2/../../../avr/lib/avr51/libm.a(divsf3.o)
 .text          0x00000000000000d6        0x0 /usr/lib/gcc/avr/4.9.2/../../../avr/lib/avr51/libm.a(divsf3x.o)
 .text          0x00000000000000d6        0x0 /usr/lib/gcc/avr/4.9.2/../../../avr/lib/avr51/libm.a(fixsfsi.o)
 .text          0x00000000000000d6        0x0 /usr/lib/gcc/avr/4.9.2/../../../avr/lib/avr51/libm.a(fixunssfsi.o)
 .text          0x00000000000000d6        0x0 /usr/lib/gcc/avr/4.9.2/../../../avr/lib/avr51/libm.a(floatsisf.o)
 .text          0x00000000000000d6        0x0 /usr/lib/gcc/avr/4.9.2/../../../avr/lib/avr51/libm.a(fp_cmp.o)
 .text          0x00000000000000d6        0x0 /usr/lib/gcc/avr/4.9.2/../../../avr/lib/avr51/libm.a(fp_inf.o)
 .text          0x00000000000000d6        0x0 /usr/lib/gcc/avr/4.9.2/../../../avr/lib/avr51/libm.a(fp_nan.o)
 .text          0x00000000000000d6        0x0 /usr/lib/gcc/avr/4.9.2/../../../avr/lib/avr51/libm.a(fp_pscA.o)
 .text          0x00000000000000d6        0x0 /usr/lib/gcc/avr/4.9.2/../../../avr/lib/avr51/libm.a(fp_pscB.o)
 .text          0x00000000000000d6        0x0 /usr/lib/gcc/avr/4.9.2/../../../avr/lib/avr51/libm.a(fp_round.o)
 .text          0x00000000000000d6        0x0 /usr/lib/gcc/avr/4.9.2/../../../avr/lib/avr51/libm.a(fp_split3.o)
 .text          0x00000000000000d6        0x0 /usr/lib/gcc/avr/4.9.2/../../../avr/lib/avr51/libm.a(fp_zero.o)
 .text          0x00000000000000d6        0x0 /usr/lib/gcc/avr/4.9.2/../../../avr/lib/avr51/libm.a(gesf2.o)
 .text          0x00000000000000d6        0x0 /usr/lib/gcc/avr/4.9.2/../../../avr/lib/avr51/libm.a(mulsf3.o)
 .text          0x00000000000000d6        0x0 /usr/lib/gcc/avr/4.9.2/../../../avr/lib/avr51/libm.a(mulsf3x.o)
 .text          0x00000000000000d6        0x0 /usr/lib/gcc/avr/4.9.2/../../../avr/lib/avr51/libc.a(calloc.o)
 .text          0x00000000000000d6        0x0 /usr/lib/gcc/avr/4.9.2/../../../avr/lib/avr51/libc.a(malloc.o)
 .text          0x00000000000000d6        0x0 /usr/lib/gcc/avr/4.9.2/../../../avr/lib/avr51/libc.a(memset.o)
                0x00000000000000d6                . = ALIGN (0x2)
 *(.text.*)
 .text.servo_init
                0x00000000000000d6       0xfa ./src/actuator.o
                0x00000000000000d6                servo_init
 .text.servo_set_duty_cycle_one
                0x00000000000001d0       0xc8 ./src/actuator.o
 .text.servo_set_duty_cycle_two
                0x0000000000000298       0xc8 ./src/actuator.o
 .text.servo_set_duty_cycle_three
                0x0000000000000360       0xc8 ./src/actuator.o
 .text.range_conv
                0x0000000000000428       0x6e ./src/actuator.o
 .text.check_servo_range
                0x0000000000000496       0x56 ./src/actuator.o
 .text.servo_set_angle_one
                0x00000000000004ec       0x4a ./src/actuator.o
                0x00000000000004ec                servo_set_angle_one
 .text.servo_set_angle_two
                0x0000000000000536       0x4a ./src/actuator.o
                0x0000000000000536                servo_set_angle_two
 .text.servo_set_angle_three
                0x0000000000000580       0x4a ./src/actuator.o
                0x0000000000000580                servo_set_angle_three
 .text.servo_set_angle_four
                0x00000000000005ca       0x7e ./src/actuator.o
                0x00000000000005ca                servo_set_angle_four
 .text._actuator
                0x0000000000000648      0x12e ./src/actuator.o
 .text.buffer_load
                0x0000000000000776       0x4e ./src/actuator.o
 .text._actuator_ping
                0x00000000000007c4       0x36 ./src/actuator.o
                0x00000000000007c4                _actuator_ping
 .text.ax_set_angle
                0x00000000000007fa       0x44 ./src/actuator.o
                0x00000000000007fa                ax_set_angle
 .text.ax_get_status
                0x000000000000083e       0x40 ./src/actuator.o
                0x000000000000083e                ax_get_status
 .text.__vector_18
                0x000000000000087e      0x1c4 ./src/can.o
                0x000000000000087e                __vector_18
 .text.CAN_InitModule
                0x0000000000000a42       0xf6 ./src/can.o
 .text.CAN_InitRxMob
                0x0000000000000b38      0x106 ./src/can.o
 .text.CAN_Init
                0x0000000000000c3e       0x8e ./src/can.o
                0x0000000000000c3e                CAN_Init
 .text.CAN_CheckRX
                0x0000000000000ccc       0x24 ./src/can.o
                0x0000000000000ccc                CAN_CheckRX
 .text.CAN_Read
                0x0000000000000cf0       0xe0 ./src/can.o
                0x0000000000000cf0                CAN_Read
 .text.CAN_Write
                0x0000000000000dd0      0x114 ./src/can.o
                0x0000000000000dd0                CAN_Write
 .text.__list_add
                0x0000000000000ee4       0x64 ./src/gpio.o
 .text.list_add
                0x0000000000000f48       0x3a ./src/gpio.o
 .text.gpio_register_pin
                0x0000000000000f82      0x1ce ./src/gpio.o
                0x0000000000000f82                gpio_register_pin
 .text.gpio_write_pin
                0x0000000000001150       0xf6 ./src/gpio.o
                0x0000000000001150                gpio_write_pin
 .text.__gpio_read_pin
                0x0000000000001246       0x62 ./src/gpio.o
 .text.gpio_read_pin
                0x00000000000012a8       0xfa ./src/gpio.o
                0x00000000000012a8                gpio_read_pin
 .text.gpio_debouncer
                0x00000000000013a2       0xa6 ./src/gpio.o
                0x00000000000013a2                gpio_debouncer
 .text.odometry_set_speed
                0x0000000000001448      0x138 ./src/odometry.o
                0x0000000000001448                odometry_set_speed
 .text.odometry_query_position
                0x0000000000001580      0x184 ./src/odometry.o
                0x0000000000001580                odometry_query_position
 .text.odometry_wait_until_done
                0x0000000000001704       0x6e ./src/odometry.o
 .text.odometry_stop
                0x0000000000001772      0x13a ./src/odometry.o
                0x0000000000001772                odometry_stop
 .text.odometry_move_straight
                0x00000000000018ac      0x148 ./src/odometry.o
                0x00000000000018ac                odometry_move_straight
 .text.odometry_move_to_position
                0x00000000000019f4      0x17c ./src/odometry.o
                0x00000000000019f4                odometry_move_to_position
 .text.odometry_set_position
                0x0000000000001b70      0x1b4 ./src/odometry.o
                0x0000000000001b70                odometry_set_position
 .text.odometry_rotate_for
                0x0000000000001d24      0x146 ./src/odometry.o
                0x0000000000001d24                odometry_rotate_for
 .text.odometry_set_angle
                0x0000000000001e6a      0x146 ./src/odometry.o
                0x0000000000001e6a                odometry_set_angle
 .text.odometry_kurva
                0x0000000000001fb0      0x180 ./src/odometry.o
                0x0000000000001fb0                odometry_kurva
 .text.odometry_match_end
                0x0000000000002130      0x120 ./src/odometry.o
                0x0000000000002130                odometry_match_end
 .text.getState
                0x0000000000002250       0x16 ./src/odometry.o
                0x0000000000002250                getState
 .text.odometry_get_x
                0x0000000000002266       0x1a ./src/odometry.o
                0x0000000000002266                odometry_get_x
 .text.odometry_get_y
                0x0000000000002280       0x1a ./src/odometry.o
                0x0000000000002280                odometry_get_y
 .text.odometry_get_angle
                0x000000000000229a       0x1a ./src/odometry.o
                0x000000000000229a                odometry_get_angle
 .text.sensor_fr
                0x00000000000022b4       0x24 ./src/sensors.o
                0x00000000000022b4                sensor_fr
 .text.sensor_fl
                0x00000000000022d8       0x24 ./src/sensors.o
                0x00000000000022d8                sensor_fl
 .text.sensor_fc
                0x00000000000022fc       0x24 ./src/sensors.o
                0x00000000000022fc                sensor_fc
 .text.sensor_br
                0x0000000000002320       0x24 ./src/sensors.o
                0x0000000000002320                sensor_br
 .text.sensor_bl
                0x0000000000002344       0x24 ./src/sensors.o
                0x0000000000002344                sensor_bl
 .text.sensor_bc
                0x0000000000002368       0x24 ./src/sensors.o
                0x0000000000002368                sensor_bc
 .text.sensor_all_front
                0x000000000000238c       0x2c ./src/sensors.o
                0x000000000000238c                sensor_all_front
 .text.sensor_all_back
                0x00000000000023b8       0x2c ./src/sensors.o
                0x00000000000023b8                sensor_all_back
 .text.timer_register_callback
                0x00000000000023e4       0x24 ./src/system.o
                0x00000000000023e4                timer_register_callback
 .text.timer_init
                0x0000000000002408       0xa2 ./src/system.o
                0x0000000000002408                timer_init
 .text.__vector_12
                0x00000000000024aa      0x1fc ./src/system.o
                0x00000000000024aa                __vector_12
 .text.system_reset_system_time
                0x00000000000026a6       0x1e ./src/system.o
                0x00000000000026a6                system_reset_system_time
 .text.system_set_match_started
                0x00000000000026c4       0x14 ./src/system.o
                0x00000000000026c4                system_set_match_started
 .text.system_get_system_time
                0x00000000000026d8       0x22 ./src/system.o
                0x00000000000026d8                system_get_system_time
 .text.system_get_match_started
                0x00000000000026fa       0x12 ./src/system.o
                0x00000000000026fa                system_get_match_started
 .text.__vector_8
                0x000000000000270c       0x2e ./src/system.o
                0x000000000000270c                __vector_8
 .text.system_setup_jumper
                0x000000000000273a      0x14c ./src/system.o
 .text.system_wait_for_jumper
                0x0000000000002886      0x116 ./src/system.o
 .text.flip_debug_led
                0x000000000000299c       0x22 ./src/system.o
                0x000000000000299c                flip_debug_led
 .text.system_init
                0x00000000000029be      0x370 ./src/system.o
                0x00000000000029be                system_init
 .text.UART0_Init
                0x0000000000002d2e      0x100 ./src/usart.o
                0x0000000000002d2e                UART0_Init
 .text.__vector_23
                0x0000000000002e2e       0x84 ./src/usart.o
                0x0000000000002e2e                __vector_23
 .text.UART0_Write
                0x0000000000002eb2       0x9c ./src/usart.o
                0x0000000000002eb2                UART0_Write
 .text.__vector_21
                0x0000000000002f4e       0x98 ./src/usart.o
                0x0000000000002f4e                __vector_21
 .text.UART0_Read
                0x0000000000002fe6       0x8e ./src/usart.o
                0x0000000000002fe6                UART0_Read
 .text.UART1_Init
                0x0000000000003074      0x100 ./src/usart.o
                0x0000000000003074                UART1_Init
 .text.__vector_34
                0x0000000000003174       0x84 ./src/usart.o
                0x0000000000003174                __vector_34
 .text.__vector_32
                0x00000000000031f8       0x98 ./src/usart.o
                0x00000000000031f8                __vector_32
 .text.altUart0Write
                0x0000000000003290       0x34 ./src/usart.o
                0x0000000000003290                altUart0Write
 .text.altUart1Write
                0x00000000000032c4       0x34 ./src/usart.o
                0x00000000000032c4                altUart1Write
 .text.UART1_Write
                0x00000000000032f8       0x9c ./src/usart.o
                0x00000000000032f8                UART1_Write
 .text.UART1_Read
                0x0000000000003394       0x8e ./src/usart.o
                0x0000000000003394                UART1_Read
 .text.UART1_Buffer
                0x0000000000003422       0x3c ./src/usart.o
                0x0000000000003422                UART1_Buffer
 .text.wait_while_detection_options
                0x000000000000345e      0x27a ./darkside.o
 .text.wait_while_detection
                0x00000000000036d8       0x14 ./darkside.o
 .text.wait_while_detection_withjump
                0x00000000000036ec       0x14 ./darkside.o
 .text.darkside
                0x0000000000003700      0x2e0 ./darkside.o
                0x0000000000003700                darkside
 .text.main     0x00000000000039e0      0x112 ./main.o
                0x00000000000039e0                main
 .text.libgcc.mul
                0x0000000000003af2        0x0 /usr/lib/gcc/avr/4.9.2/avr51/libgcc.a(_udivmodsi4.o)
 .text.libgcc.div
                0x0000000000003af2       0x44 /usr/lib/gcc/avr/4.9.2/avr51/libgcc.a(_udivmodsi4.o)
                0x0000000000003af2                __udivmodsi4
 .text.libgcc   0x0000000000003b36        0x0 /usr/lib/gcc/avr/4.9.2/avr51/libgcc.a(_udivmodsi4.o)
 .text.libgcc.prologue
                0x0000000000003b36        0x0 /usr/lib/gcc/avr/4.9.2/avr51/libgcc.a(_udivmodsi4.o)
 .text.libgcc.builtins
                0x0000000000003b36        0x0 /usr/lib/gcc/avr/4.9.2/avr51/libgcc.a(_udivmodsi4.o)
 .text.libgcc.fmul
                0x0000000000003b36        0x0 /usr/lib/gcc/avr/4.9.2/avr51/libgcc.a(_udivmodsi4.o)
 .text.libgcc.fixed
                0x0000000000003b36        0x0 /usr/lib/gcc/avr/4.9.2/avr51/libgcc.a(_udivmodsi4.o)
 .text.libgcc.mul
                0x0000000000003b36        0x0 /usr/lib/gcc/avr/4.9.2/avr51/libgcc.a(_exit.o)
 .text.libgcc.div
                0x0000000000003b36        0x0 /usr/lib/gcc/avr/4.9.2/avr51/libgcc.a(_exit.o)
 .text.libgcc   0x0000000000003b36        0x0 /usr/lib/gcc/avr/4.9.2/avr51/libgcc.a(_exit.o)
 .text.libgcc.prologue
                0x0000000000003b36        0x0 /usr/lib/gcc/avr/4.9.2/avr51/libgcc.a(_exit.o)
 .text.libgcc.builtins
                0x0000000000003b36        0x0 /usr/lib/gcc/avr/4.9.2/avr51/libgcc.a(_exit.o)
 .text.libgcc.fmul
                0x0000000000003b36        0x0 /usr/lib/gcc/avr/4.9.2/avr51/libgcc.a(_exit.o)
 .text.libgcc.fixed
                0x0000000000003b36        0x0 /usr/lib/gcc/avr/4.9.2/avr51/libgcc.a(_exit.o)
 .text.libgcc.mul
                0x0000000000003b36        0x0 /usr/lib/gcc/avr/4.9.2/avr51/libgcc.a(_copy_data.o)
 .text.libgcc.div
                0x0000000000003b36        0x0 /usr/lib/gcc/avr/4.9.2/avr51/libgcc.a(_copy_data.o)
 .text.libgcc   0x0000000000003b36        0x0 /usr/lib/gcc/avr/4.9.2/avr51/libgcc.a(_copy_data.o)
 .text.libgcc.prologue
                0x0000000000003b36        0x0 /usr/lib/gcc/avr/4.9.2/avr51/libgcc.a(_copy_data.o)
 .text.libgcc.builtins
                0x0000000000003b36        0x0 /usr/lib/gcc/avr/4.9.2/avr51/libgcc.a(_copy_data.o)
 .text.libgcc.fmul
                0x0000000000003b36        0x0 /usr/lib/gcc/avr/4.9.2/avr51/libgcc.a(_copy_data.o)
 .text.libgcc.fixed
                0x0000000000003b36        0x0 /usr/lib/gcc/avr/4.9.2/avr51/libgcc.a(_copy_data.o)
 .text.libgcc.mul
                0x0000000000003b36        0x0 /usr/lib/gcc/avr/4.9.2/avr51/libgcc.a(_clear_bss.o)
 .text.libgcc.div
                0x0000000000003b36        0x0 /usr/lib/gcc/avr/4.9.2/avr51/libgcc.a(_clear_bss.o)
 .text.libgcc   0x0000000000003b36        0x0 /usr/lib/gcc/avr/4.9.2/avr51/libgcc.a(_clear_bss.o)
 .text.libgcc.prologue
                0x0000000000003b36        0x0 /usr/lib/gcc/avr/4.9.2/avr51/libgcc.a(_clear_bss.o)
 .text.libgcc.builtins
                0x0000000000003b36        0x0 /usr/lib/gcc/avr/4.9.2/avr51/libgcc.a(_clear_bss.o)
 .text.libgcc.fmul
                0x0000000000003b36        0x0 /usr/lib/gcc/avr/4.9.2/avr51/libgcc.a(_clear_bss.o)
 .text.libgcc.fixed
                0x0000000000003b36        0x0 /usr/lib/gcc/avr/4.9.2/avr51/libgcc.a(_clear_bss.o)
 .text.avr-libc.fplib
                0x0000000000003b36        0xe /usr/lib/gcc/avr/4.9.2/../../../avr/lib/avr51/libm.a(addsf3.o)
                0x0000000000003b36                __subsf3
                0x0000000000003b38                __addsf3
 .text.avr-libc.fplib
                0x0000000000003b44       0xcc /usr/lib/gcc/avr/4.9.2/../../../avr/lib/avr51/libm.a(addsf3x.o)
                0x0000000000003b66                __addsf3x
 .text.avr-libc.fplib
                0x0000000000003c10        0xa /usr/lib/gcc/avr/4.9.2/../../../avr/lib/avr51/libm.a(cmpsf2.o)
                0x0000000000003c10                __lesf2
                0x0000000000003c10                __nesf2
                0x0000000000003c10                __eqsf2
                0x0000000000003c10                __cmpsf2
                0x0000000000003c10                __ltsf2
 .text.avr-libc.fplib
                0x0000000000003c1a        0x8 /usr/lib/gcc/avr/4.9.2/../../../avr/lib/avr51/libm.a(divsf3.o)
                0x0000000000003c1a                __divsf3
 .text.avr-libc.fplib
                0x0000000000003c22       0xdc /usr/lib/gcc/avr/4.9.2/../../../avr/lib/avr51/libm.a(divsf3x.o)
                0x0000000000003c42                __divsf3x
                0x0000000000003c48                __divsf3_pse
 .text.avr-libc.fplib
                0x0000000000003cfe        0xe /usr/lib/gcc/avr/4.9.2/../../../avr/lib/avr51/libm.a(fixsfsi.o)
                0x0000000000003cfe                __fixsfsi
 .text.avr-libc.fplib
                0x0000000000003d0c       0x5e /usr/lib/gcc/avr/4.9.2/../../../avr/lib/avr51/libm.a(fixunssfsi.o)
                0x0000000000003d0c                __fixunssfsi
 .text.avr-libc.fplib
                0x0000000000003d6a       0x7a /usr/lib/gcc/avr/4.9.2/../../../avr/lib/avr51/libm.a(floatsisf.o)
                0x0000000000003d6a                __floatunsisf
                0x0000000000003d6e                __floatsisf
 .text.avr-libc.fplib
                0x0000000000003de4       0x48 /usr/lib/gcc/avr/4.9.2/../../../avr/lib/avr51/libm.a(fp_cmp.o)
                0x0000000000003de4                __fp_cmp
 .text.avr-libc.fplib
                0x0000000000003e2c        0xc /usr/lib/gcc/avr/4.9.2/../../../avr/lib/avr51/libm.a(fp_inf.o)
                0x0000000000003e2c                __fp_inf
 .text.avr-libc.fplib
                0x0000000000003e38        0x6 /usr/lib/gcc/avr/4.9.2/../../../avr/lib/avr51/libm.a(fp_nan.o)
                0x0000000000003e38                __fp_nan
 .text.avr-libc.fplib
                0x0000000000003e3e        0xe /usr/lib/gcc/avr/4.9.2/../../../avr/lib/avr51/libm.a(fp_pscA.o)
                0x0000000000003e3e                __fp_pscA
 .text.avr-libc.fplib
                0x0000000000003e4c        0xe /usr/lib/gcc/avr/4.9.2/../../../avr/lib/avr51/libm.a(fp_pscB.o)
                0x0000000000003e4c                __fp_pscB
 .text.avr-libc.fplib
                0x0000000000003e5a       0x22 /usr/lib/gcc/avr/4.9.2/../../../avr/lib/avr51/libm.a(fp_round.o)
                0x0000000000003e5a                __fp_round
 .text.avr-libc.fplib
                0x0000000000003e7c       0x44 /usr/lib/gcc/avr/4.9.2/../../../avr/lib/avr51/libm.a(fp_split3.o)
                0x0000000000003e7c                __fp_split3
                0x0000000000003e8c                __fp_splitA
 .text.avr-libc.fplib
                0x0000000000003ec0        0xe /usr/lib/gcc/avr/4.9.2/../../../avr/lib/avr51/libm.a(fp_zero.o)
                0x0000000000003ec0                __fp_zero
                0x0000000000003ec2                __fp_szero
 .text.avr-libc.fplib
                0x0000000000003ece        0xa /usr/lib/gcc/avr/4.9.2/../../../avr/lib/avr51/libm.a(gesf2.o)
                0x0000000000003ece                __gtsf2
                0x0000000000003ece                __gesf2
 .text.avr-libc.fplib
                0x0000000000003ed8        0x8 /usr/lib/gcc/avr/4.9.2/../../../avr/lib/avr51/libm.a(mulsf3.o)
                0x0000000000003ed8                __mulsf3
 .text.avr-libc.fplib
                0x0000000000003ee0       0xd2 /usr/lib/gcc/avr/4.9.2/../../../avr/lib/avr51/libm.a(mulsf3x.o)
                0x0000000000003efe                __mulsf3x
                0x0000000000003f04                __mulsf3_pse
 .text.avr-libc
                0x0000000000003fb2       0x38 /usr/lib/gcc/avr/4.9.2/../../../avr/lib/avr51/libc.a(calloc.o)
                0x0000000000003fb2                calloc
 .text.avr-libc
                0x0000000000003fea      0x25a /usr/lib/gcc/avr/4.9.2/../../../avr/lib/avr51/libc.a(malloc.o)
                0x0000000000003fea                malloc
                0x0000000000004114                free
 .text.avr-libc
                0x0000000000004244        0xe /usr/lib/gcc/avr/4.9.2/../../../avr/lib/avr51/libc.a(memset.o)
                0x0000000000004244                memset
                0x0000000000004252                . = ALIGN (0x2)
 *(.fini9)
 .fini9         0x0000000000004252        0x0 /usr/lib/gcc/avr/4.9.2/avr51/libgcc.a(_exit.o)
                0x0000000000004252                exit
                0x0000000000004252                _exit
 *(.fini9)
 *(.fini8)
 *(.fini8)
 *(.fini7)
 *(.fini7)
 *(.fini6)
 *(.fini6)
 *(.fini5)
 *(.fini5)
 *(.fini4)
 *(.fini4)
 *(.fini3)
 *(.fini3)
 *(.fini2)
 *(.fini2)
 *(.fini1)
 *(.fini1)
 *(.fini0)
 .fini0         0x0000000000004252        0x4 /usr/lib/gcc/avr/4.9.2/avr51/libgcc.a(_exit.o)
 *(.fini0)
                0x0000000000004256                _etext = .

.data           0x0000000000800100       0x28 load address 0x0000000000004256
                0x0000000000800100                PROVIDE (__data_start, .)
 *(.data)
 .data          0x0000000000800100        0x0 /usr/lib/gcc/avr/4.9.2/../../../avr/lib/avr51/crtat90can128.o
 .data          0x0000000000800100        0x0 ./src/actuator.o
 .data          0x0000000000800100        0x0 ./src/can.o
 .data          0x0000000000800100        0x0 ./src/gpio.o
 .data          0x0000000000800100        0x0 ./src/odometry.o
 .data          0x0000000000800100        0x0 ./src/sensors.o
 .data          0x0000000000800100        0x0 ./src/system.o
 .data          0x0000000000800100        0x0 ./src/usart.o
 .data          0x0000000000800100        0x0 ./darkside.o
 .data          0x0000000000800100        0x0 ./main.o
 .data          0x0000000000800100        0x0 /usr/lib/gcc/avr/4.9.2/avr51/libgcc.a(_udivmodsi4.o)
 .data          0x0000000000800100        0x0 /usr/lib/gcc/avr/4.9.2/avr51/libgcc.a(_exit.o)
 .data          0x0000000000800100        0x0 /usr/lib/gcc/avr/4.9.2/avr51/libgcc.a(_copy_data.o)
 .data          0x0000000000800100        0x0 /usr/lib/gcc/avr/4.9.2/avr51/libgcc.a(_clear_bss.o)
 .data          0x0000000000800100        0x0 /usr/lib/gcc/avr/4.9.2/../../../avr/lib/avr51/libm.a(addsf3.o)
 .data          0x0000000000800100        0x0 /usr/lib/gcc/avr/4.9.2/../../../avr/lib/avr51/libm.a(addsf3x.o)
 .data          0x0000000000800100        0x0 /usr/lib/gcc/avr/4.9.2/../../../avr/lib/avr51/libm.a(cmpsf2.o)
 .data          0x0000000000800100        0x0 /usr/lib/gcc/avr/4.9.2/../../../avr/lib/avr51/libm.a(divsf3.o)
 .data          0x0000000000800100        0x0 /usr/lib/gcc/avr/4.9.2/../../../avr/lib/avr51/libm.a(divsf3x.o)
 .data          0x0000000000800100        0x0 /usr/lib/gcc/avr/4.9.2/../../../avr/lib/avr51/libm.a(fixsfsi.o)
 .data          0x0000000000800100        0x0 /usr/lib/gcc/avr/4.9.2/../../../avr/lib/avr51/libm.a(fixunssfsi.o)
 .data          0x0000000000800100        0x0 /usr/lib/gcc/avr/4.9.2/../../../avr/lib/avr51/libm.a(floatsisf.o)
 .data          0x0000000000800100        0x0 /usr/lib/gcc/avr/4.9.2/../../../avr/lib/avr51/libm.a(fp_cmp.o)
 .data          0x0000000000800100        0x0 /usr/lib/gcc/avr/4.9.2/../../../avr/lib/avr51/libm.a(fp_inf.o)
 .data          0x0000000000800100        0x0 /usr/lib/gcc/avr/4.9.2/../../../avr/lib/avr51/libm.a(fp_nan.o)
 .data          0x0000000000800100        0x0 /usr/lib/gcc/avr/4.9.2/../../../avr/lib/avr51/libm.a(fp_pscA.o)
 .data          0x0000000000800100        0x0 /usr/lib/gcc/avr/4.9.2/../../../avr/lib/avr51/libm.a(fp_pscB.o)
 .data          0x0000000000800100        0x0 /usr/lib/gcc/avr/4.9.2/../../../avr/lib/avr51/libm.a(fp_round.o)
 .data          0x0000000000800100        0x0 /usr/lib/gcc/avr/4.9.2/../../../avr/lib/avr51/libm.a(fp_split3.o)
 .data          0x0000000000800100        0x0 /usr/lib/gcc/avr/4.9.2/../../../avr/lib/avr51/libm.a(fp_zero.o)
 .data          0x0000000000800100        0x0 /usr/lib/gcc/avr/4.9.2/../../../avr/lib/avr51/libm.a(gesf2.o)
 .data          0x0000000000800100        0x0 /usr/lib/gcc/avr/4.9.2/../../../avr/lib/avr51/libm.a(mulsf3.o)
 .data          0x0000000000800100        0x0 /usr/lib/gcc/avr/4.9.2/../../../avr/lib/avr51/libm.a(mulsf3x.o)
 .data          0x0000000000800100        0x0 /usr/lib/gcc/avr/4.9.2/../../../avr/lib/avr51/libc.a(calloc.o)
 .data          0x0000000000800100        0x6 /usr/lib/gcc/avr/4.9.2/../../../avr/lib/avr51/libc.a(malloc.o)
                0x0000000000800100                __malloc_heap_end
                0x0000000000800102                __malloc_heap_start
                0x0000000000800104                __malloc_margin
 .data          0x0000000000800106        0x0 /usr/lib/gcc/avr/4.9.2/../../../avr/lib/avr51/libc.a(memset.o)
 *(.data*)
 .data.gpio_inputs
                0x0000000000800106        0x4 ./src/gpio.o
                0x0000000000800106                gpio_inputs
 .data.position
                0x000000000080010a        0x7 ./src/odometry.o
                0x000000000080010a                position
 .data.active_state
                0x0000000000800111        0x1 ./darkside.o
                0x0000000000800111                active_state
 .data.TACTIC_ONE_POSITION
                0x0000000000800112       0x16 ./darkside.o
                0x0000000000800112                TACTIC_ONE_POSITION
 *(.rodata)
 *(.rodata*)
 *(.gnu.linkonce.d*)
                0x0000000000800128                . = ALIGN (0x2)
                0x0000000000800128                _edata = .
                0x0000000000800128                PROVIDE (__data_end, .)

.bss            0x0000000000800128      0x164
                0x0000000000800128                PROVIDE (__bss_start, .)
 *(.bss)
 .bss           0x0000000000800128        0x0 /usr/lib/gcc/avr/4.9.2/../../../avr/lib/avr51/crtat90can128.o
 .bss           0x0000000000800128        0x0 ./src/actuator.o
 .bss           0x0000000000800128        0x0 ./src/can.o
 .bss           0x0000000000800128        0x0 ./src/gpio.o
 .bss           0x0000000000800128        0x0 ./src/odometry.o
 .bss           0x0000000000800128        0x0 ./src/sensors.o
 .bss           0x0000000000800128        0x0 ./src/system.o
 .bss           0x0000000000800128        0x0 ./src/usart.o
 .bss           0x0000000000800128        0x0 ./darkside.o
 .bss           0x0000000000800128        0x0 ./main.o
 .bss           0x0000000000800128        0x0 /usr/lib/gcc/avr/4.9.2/avr51/libgcc.a(_udivmodsi4.o)
 .bss           0x0000000000800128        0x0 /usr/lib/gcc/avr/4.9.2/avr51/libgcc.a(_exit.o)
 .bss           0x0000000000800128        0x0 /usr/lib/gcc/avr/4.9.2/avr51/libgcc.a(_copy_data.o)
 .bss           0x0000000000800128        0x0 /usr/lib/gcc/avr/4.9.2/avr51/libgcc.a(_clear_bss.o)
 .bss           0x0000000000800128        0x0 /usr/lib/gcc/avr/4.9.2/../../../avr/lib/avr51/libm.a(addsf3.o)
 .bss           0x0000000000800128        0x0 /usr/lib/gcc/avr/4.9.2/../../../avr/lib/avr51/libm.a(addsf3x.o)
 .bss           0x0000000000800128        0x0 /usr/lib/gcc/avr/4.9.2/../../../avr/lib/avr51/libm.a(cmpsf2.o)
 .bss           0x0000000000800128        0x0 /usr/lib/gcc/avr/4.9.2/../../../avr/lib/avr51/libm.a(divsf3.o)
 .bss           0x0000000000800128        0x0 /usr/lib/gcc/avr/4.9.2/../../../avr/lib/avr51/libm.a(divsf3x.o)
 .bss           0x0000000000800128        0x0 /usr/lib/gcc/avr/4.9.2/../../../avr/lib/avr51/libm.a(fixsfsi.o)
 .bss           0x0000000000800128        0x0 /usr/lib/gcc/avr/4.9.2/../../../avr/lib/avr51/libm.a(fixunssfsi.o)
 .bss           0x0000000000800128        0x0 /usr/lib/gcc/avr/4.9.2/../../../avr/lib/avr51/libm.a(floatsisf.o)
 .bss           0x0000000000800128        0x0 /usr/lib/gcc/avr/4.9.2/../../../avr/lib/avr51/libm.a(fp_cmp.o)
 .bss           0x0000000000800128        0x0 /usr/lib/gcc/avr/4.9.2/../../../avr/lib/avr51/libm.a(fp_inf.o)
 .bss           0x0000000000800128        0x0 /usr/lib/gcc/avr/4.9.2/../../../avr/lib/avr51/libm.a(fp_nan.o)
 .bss           0x0000000000800128        0x0 /usr/lib/gcc/avr/4.9.2/../../../avr/lib/avr51/libm.a(fp_pscA.o)
 .bss           0x0000000000800128        0x0 /usr/lib/gcc/avr/4.9.2/../../../avr/lib/avr51/libm.a(fp_pscB.o)
 .bss           0x0000000000800128        0x0 /usr/lib/gcc/avr/4.9.2/../../../avr/lib/avr51/libm.a(fp_round.o)
 .bss           0x0000000000800128        0x0 /usr/lib/gcc/avr/4.9.2/../../../avr/lib/avr51/libm.a(fp_split3.o)
 .bss           0x0000000000800128        0x0 /usr/lib/gcc/avr/4.9.2/../../../avr/lib/avr51/libm.a(fp_zero.o)
 .bss           0x0000000000800128        0x0 /usr/lib/gcc/avr/4.9.2/../../../avr/lib/avr51/libm.a(gesf2.o)
 .bss           0x0000000000800128        0x0 /usr/lib/gcc/avr/4.9.2/../../../avr/lib/avr51/libm.a(mulsf3.o)
 .bss           0x0000000000800128        0x0 /usr/lib/gcc/avr/4.9.2/../../../avr/lib/avr51/libm.a(mulsf3x.o)
 .bss           0x0000000000800128        0x0 /usr/lib/gcc/avr/4.9.2/../../../avr/lib/avr51/libc.a(calloc.o)
 .bss           0x0000000000800128        0x0 /usr/lib/gcc/avr/4.9.2/../../../avr/lib/avr51/libc.a(malloc.o)
 .bss           0x0000000000800128        0x0 /usr/lib/gcc/avr/4.9.2/../../../avr/lib/avr51/libc.a(memset.o)
 *(.bss*)
 .bss.rxBuffers
                0x0000000000800128       0x14 ./src/can.o
 .bss.rxWrIndex
                0x000000000080013c        0xa ./src/can.o
 .bss.rxRdIndex
                0x0000000000800146        0xa ./src/can.o
 .bss.rxCounter
                0x0000000000800150        0xa ./src/can.o
 .bss.count.1761
                0x000000000080015a        0x2 ./src/gpio.o
 .bss.current_speed
                0x000000000080015c        0x1 ./src/odometry.o
 .bss.sys_time  0x000000000080015d        0x4 ./src/system.o
 .bss.match_started
                0x0000000000800161        0x1 ./src/system.o
 .bss.timer_callback
                0x0000000000800162        0x2 ./src/system.o
 .bss.received  0x0000000000800164        0x2 ./src/system.o
                0x0000000000800164                received
 .bss.jumper_pulled
                0x0000000000800166        0x1 ./src/system.o
 .bss.setup_complete
                0x0000000000800167        0x1 ./src/system.o
 .bss.tx0_buffer
                0x0000000000800168       0x40 ./src/usart.o
 .bss.tx0_wr_index
                0x00000000008001a8        0x1 ./src/usart.o
 .bss.tx0_counter
                0x00000000008001a9        0x1 ./src/usart.o
 .bss.tx0_rd_index
                0x00000000008001aa        0x1 ./src/usart.o
 .bss.rx0_buffer
                0x00000000008001ab       0x40 ./src/usart.o
 .bss.rx0_wr_index
                0x00000000008001eb        0x1 ./src/usart.o
 .bss.rx0_counter
                0x00000000008001ec        0x1 ./src/usart.o
 .bss.rx0_rd_index
                0x00000000008001ed        0x1 ./src/usart.o
 .bss.tx1_buffer
                0x00000000008001ee       0x40 ./src/usart.o
 .bss.tx1_wr_index
                0x000000000080022e        0x1 ./src/usart.o
 .bss.tx1_counter
                0x000000000080022f        0x1 ./src/usart.o
 .bss.tx1_rd_index
                0x0000000000800230        0x1 ./src/usart.o
 .bss.rx1_buffer
                0x0000000000800231       0x40 ./src/usart.o
 .bss.rx1_wr_index
                0x0000000000800271        0x1 ./src/usart.o
 .bss.rx1_counter
                0x0000000000800272        0x1 ./src/usart.o
 .bss.rx1_rd_index
                0x0000000000800273        0x1 ./src/usart.o
 .bss.current_position
                0x0000000000800274        0x1 ./darkside.o
                0x0000000000800274                current_position
 .bss.next_position
                0x0000000000800275        0x1 ./darkside.o
                0x0000000000800275                next_position
 .bss.backjump_status
                0x0000000000800276        0x1 ./darkside.o
                0x0000000000800276                backjump_status
 *(COMMON)
 COMMON         0x0000000000800277       0x10 ./src/actuator.o
                0x0000000000800277                return_buffer
                0x000000000080027f                buffer
 COMMON         0x0000000000800287        0x1 ./darkside.o
                0x0000000000800287                odometry_status
 COMMON         0x0000000000800288        0x4 /usr/lib/gcc/avr/4.9.2/../../../avr/lib/avr51/libc.a(malloc.o)
                0x0000000000800288                __brkval
                0x000000000080028a                __flp
                0x000000000080028c                PROVIDE (__bss_end, .)
                0x0000000000004256                __data_load_start = LOADADDR (.data)
                0x000000000000427e                __data_load_end = (__data_load_start + SIZEOF (.data))

.noinit         0x000000000080028c        0x0
                0x000000000080028c                PROVIDE (__noinit_start, .)
 *(.noinit*)
                0x000000000080028c                PROVIDE (__noinit_end, .)
                0x000000000080028c                _end = .
                0x000000000080028c                PROVIDE (__heap_start, .)

.eeprom         0x0000000000810000        0x0
 *(.eeprom*)
                0x0000000000810000                __eeprom_end = .

.fuse
 *(.fuse)
 *(.lfuse)
 *(.hfuse)
 *(.efuse)

.lock
 *(.lock*)

.signature
 *(.signature*)

.user_signatures
 *(.user_signatures*)

.stab           0x0000000000000000     0x5b80
 *(.stab)
 .stab          0x0000000000000000      0xc0c ./src/actuator.o
 .stab          0x0000000000000c0c      0xad4 ./src/can.o
                                        0xd08 (size before relaxing)
 .stab          0x00000000000016e0      0x984 ./src/gpio.o
                                        0xba0 (size before relaxing)
 .stab          0x0000000000002064     0x1350 ./src/odometry.o
                                       0x156c (size before relaxing)
 .stab          0x00000000000033b4      0x5ac ./src/sensors.o
                                        0x828 (size before relaxing)
 .stab          0x0000000000003960      0xb58 ./src/system.o
                                        0xdd4 (size before relaxing)
 .stab          0x00000000000044b8      0xb04 ./src/usart.o
                                        0xccc (size before relaxing)
 .stab          0x0000000000004fbc      0x804 ./darkside.o
                                        0xa44 (size before relaxing)
 .stab          0x00000000000057c0      0x3c0 ./main.o
                                        0x618 (size before relaxing)

.stabstr        0x0000000000000000     0x2196
 *(.stabstr)
 .stabstr       0x0000000000000000     0x2196 ./src/actuator.o

.stab.excl
 *(.stab.excl)

.stab.exclstr
 *(.stab.exclstr)

.stab.index
 *(.stab.index)

.stab.indexstr
 *(.stab.indexstr)

.comment        0x0000000000000000       0x11
 *(.comment)
 .comment       0x0000000000000000       0x11 ./src/actuator.o
                                         0x12 (size before relaxing)
 .comment       0x0000000000000011       0x12 ./src/can.o
 .comment       0x0000000000000011       0x12 ./src/gpio.o
 .comment       0x0000000000000011       0x12 ./src/odometry.o
 .comment       0x0000000000000011       0x12 ./src/sensors.o
 .comment       0x0000000000000011       0x12 ./src/system.o
 .comment       0x0000000000000011       0x12 ./src/usart.o
 .comment       0x0000000000000011       0x12 ./darkside.o
 .comment       0x0000000000000011       0x12 ./main.o
 .comment       0x0000000000000011       0x12 /usr/lib/gcc/avr/4.9.2/../../../avr/lib/avr51/libc.a(calloc.o)
 .comment       0x0000000000000011       0x12 /usr/lib/gcc/avr/4.9.2/../../../avr/lib/avr51/libc.a(malloc.o)

.note.gnu.avr.deviceinfo
                0x0000000000000000       0x40
 .note.gnu.avr.deviceinfo
                0x0000000000000000       0x40 /usr/lib/gcc/avr/4.9.2/../../../avr/lib/avr51/crtat90can128.o

.note.gnu.build-id
 *(.note.gnu.build-id)

.debug
 *(.debug)

.line
 *(.line)

.debug_srcinfo
 *(.debug_srcinfo)

.debug_sfnames
 *(.debug_sfnames)

.debug_aranges
 *(.debug_aranges)

.debug_pubnames
 *(.debug_pubnames)

.debug_info
 *(.debug_info .gnu.linkonce.wi.*)

.debug_abbrev
 *(.debug_abbrev)

.debug_line
 *(.debug_line .debug_line.* .debug_line_end)

.debug_frame
 *(.debug_frame)

.debug_str
 *(.debug_str)

.debug_loc
 *(.debug_loc)

.debug_macinfo
 *(.debug_macinfo)

.debug_weaknames
 *(.debug_weaknames)

.debug_funcnames
 *(.debug_funcnames)

.debug_typenames
 *(.debug_typenames)

.debug_varnames
 *(.debug_varnames)

.debug_pubtypes
 *(.debug_pubtypes)

.debug_ranges
 *(.debug_ranges)

.debug_macro
 *(.debug_macro)
OUTPUT(EP_Framework_Atmel.elf elf32-avr)
LOAD linker stubs
