Archive member included to satisfy reference by file (symbol)

/usr/lib/gcc/avr/4.9.2/avr51/libgcc.a(_exit.o)
                              /usr/lib/gcc/avr/4.9.2/../../../avr/lib/avr51/crtat90can128.o (exit)
/usr/lib/gcc/avr/4.9.2/avr51/libgcc.a(_copy_data.o)
                              ./src/gpio.o (__do_copy_data)
/usr/lib/gcc/avr/4.9.2/avr51/libgcc.a(_clear_bss.o)
                              ./src/actuator.o (__do_clear_bss)
/usr/lib/gcc/avr/4.9.2/../../../avr/lib/avr51/libm.a(addsf3.o)
                              ./src/usart.o (__subsf3)
/usr/lib/gcc/avr/4.9.2/../../../avr/lib/avr51/libm.a(addsf3x.o)
                              /usr/lib/gcc/avr/4.9.2/../../../avr/lib/avr51/libm.a(addsf3.o) (__addsf3x)
/usr/lib/gcc/avr/4.9.2/../../../avr/lib/avr51/libm.a(cmpsf2.o)
                              ./src/actuator.o (__ltsf2)
/usr/lib/gcc/avr/4.9.2/../../../avr/lib/avr51/libm.a(divsf3.o)
                              ./src/ax.o (__divsf3)
/usr/lib/gcc/avr/4.9.2/../../../avr/lib/avr51/libm.a(divsf3x.o)
                              /usr/lib/gcc/avr/4.9.2/../../../avr/lib/avr51/libm.a(divsf3.o) (__divsf3x)
/usr/lib/gcc/avr/4.9.2/../../../avr/lib/avr51/libm.a(fixunssfsi.o)
                              ./src/actuator.o (__fixunssfsi)
/usr/lib/gcc/avr/4.9.2/../../../avr/lib/avr51/libm.a(floatsisf.o)
                              ./src/ax.o (__floatunsisf)
/usr/lib/gcc/avr/4.9.2/../../../avr/lib/avr51/libm.a(fp_cmp.o)
                              /usr/lib/gcc/avr/4.9.2/../../../avr/lib/avr51/libm.a(cmpsf2.o) (__fp_cmp)
/usr/lib/gcc/avr/4.9.2/../../../avr/lib/avr51/libm.a(fp_inf.o)
                              /usr/lib/gcc/avr/4.9.2/../../../avr/lib/avr51/libm.a(addsf3x.o) (__fp_inf)
/usr/lib/gcc/avr/4.9.2/../../../avr/lib/avr51/libm.a(fp_nan.o)
                              /usr/lib/gcc/avr/4.9.2/../../../avr/lib/avr51/libm.a(addsf3x.o) (__fp_nan)
/usr/lib/gcc/avr/4.9.2/../../../avr/lib/avr51/libm.a(fp_pscA.o)
                              /usr/lib/gcc/avr/4.9.2/../../../avr/lib/avr51/libm.a(addsf3x.o) (__fp_pscA)
/usr/lib/gcc/avr/4.9.2/../../../avr/lib/avr51/libm.a(fp_pscB.o)
                              /usr/lib/gcc/avr/4.9.2/../../../avr/lib/avr51/libm.a(addsf3x.o) (__fp_pscB)
/usr/lib/gcc/avr/4.9.2/../../../avr/lib/avr51/libm.a(fp_round.o)
                              /usr/lib/gcc/avr/4.9.2/../../../avr/lib/avr51/libm.a(addsf3.o) (__fp_round)
/usr/lib/gcc/avr/4.9.2/../../../avr/lib/avr51/libm.a(fp_split3.o)
                              /usr/lib/gcc/avr/4.9.2/../../../avr/lib/avr51/libm.a(addsf3x.o) (__fp_split3)
/usr/lib/gcc/avr/4.9.2/../../../avr/lib/avr51/libm.a(fp_zero.o)
                              /usr/lib/gcc/avr/4.9.2/../../../avr/lib/avr51/libm.a(addsf3x.o) (__fp_zero)
/usr/lib/gcc/avr/4.9.2/../../../avr/lib/avr51/libm.a(gesf2.o)
                              ./src/actuator.o (__gtsf2)
/usr/lib/gcc/avr/4.9.2/../../../avr/lib/avr51/libm.a(mulsf3.o)
                              ./src/actuator.o (__mulsf3)
/usr/lib/gcc/avr/4.9.2/../../../avr/lib/avr51/libm.a(mulsf3x.o)
                              /usr/lib/gcc/avr/4.9.2/../../../avr/lib/avr51/libm.a(mulsf3.o) (__mulsf3x)
/usr/lib/gcc/avr/4.9.2/../../../avr/lib/avr51/libc.a(calloc.o)
                              ./src/can.o (calloc)
/usr/lib/gcc/avr/4.9.2/../../../avr/lib/avr51/libc.a(malloc.o)
                              ./src/gpio.o (malloc)
/usr/lib/gcc/avr/4.9.2/../../../avr/lib/avr51/libc.a(memset.o)
                              /usr/lib/gcc/avr/4.9.2/../../../avr/lib/avr51/libc.a(calloc.o) (memset)

Allocating common symbols
Common symbol       size              file

__brkval            0x2               /usr/lib/gcc/avr/4.9.2/../../../avr/lib/avr51/libc.a(malloc.o)
odometry_status     0x1               ./darkside.o
servo1              0x3               ./src/actuator.o
__flp               0x2               /usr/lib/gcc/avr/4.9.2/../../../avr/lib/avr51/libc.a(malloc.o)

Memory Configuration

Name             Origin             Length             Attributes
text             0x0000000000000000 0x0000000000020000 xr
data             0x0000000000800100 0x000000000000ff00 rw !x
eeprom           0x0000000000810000 0x0000000000010000 rw !x
fuse             0x0000000000820000 0x0000000000000400 rw !x
lock             0x0000000000830000 0x0000000000000400 rw !x
signature        0x0000000000840000 0x0000000000000400 rw !x
user_signatures  0x0000000000850000 0x0000000000000400 rw !x
*default*        0x0000000000000000 0xffffffffffffffff

Linker script and memory map

Address of section .data set to 0x800100
LOAD /usr/lib/gcc/avr/4.9.2/../../../avr/lib/avr51/crtat90can128.o
LOAD ./src/actuator.o
LOAD ./src/ax.o
LOAD ./src/can.o
LOAD ./src/debug.o
LOAD ./src/gpio.o
LOAD ./src/i2c.o
LOAD ./src/odometry.o
LOAD ./src/sensors.o
LOAD ./src/system.o
LOAD ./src/usart.o
LOAD ./darkside.o
LOAD ./main.o
START GROUP
LOAD /usr/lib/gcc/avr/4.9.2/avr51/libgcc.a
LOAD /usr/lib/gcc/avr/4.9.2/../../../avr/lib/avr51/libm.a
LOAD /usr/lib/gcc/avr/4.9.2/../../../avr/lib/avr51/libc.a
LOAD /usr/lib/gcc/avr/4.9.2/../../../avr/lib/avr51/libat90can128.a
END GROUP

.hash
 *(.hash)

.dynsym
 *(.dynsym)

.dynstr
 *(.dynstr)

.gnu.version
 *(.gnu.version)

.gnu.version_d
 *(.gnu.version_d)

.gnu.version_r
 *(.gnu.version_r)

.rel.init
 *(.rel.init)

.rela.init
 *(.rela.init)

.rel.text
 *(.rel.text)
 *(.rel.text.*)
 *(.rel.gnu.linkonce.t*)

.rela.text
 *(.rela.text)
 *(.rela.text.*)
 *(.rela.gnu.linkonce.t*)

.rel.fini
 *(.rel.fini)

.rela.fini
 *(.rela.fini)

.rel.rodata
 *(.rel.rodata)
 *(.rel.rodata.*)
 *(.rel.gnu.linkonce.r*)

.rela.rodata
 *(.rela.rodata)
 *(.rela.rodata.*)
 *(.rela.gnu.linkonce.r*)

.rel.data
 *(.rel.data)
 *(.rel.data.*)
 *(.rel.gnu.linkonce.d*)

.rela.data
 *(.rela.data)
 *(.rela.data.*)
 *(.rela.gnu.linkonce.d*)

.rel.ctors
 *(.rel.ctors)

.rela.ctors
 *(.rela.ctors)

.rel.dtors
 *(.rel.dtors)

.rela.dtors
 *(.rela.dtors)

.rel.got
 *(.rel.got)

.rela.got
 *(.rela.got)

.rel.bss
 *(.rel.bss)

.rela.bss
 *(.rela.bss)

.rel.plt
 *(.rel.plt)

.rela.plt
 *(.rela.plt)

.text           0x0000000000000000     0x411c
 *(.vectors)
 .vectors       0x0000000000000000       0x94 /usr/lib/gcc/avr/4.9.2/../../../avr/lib/avr51/crtat90can128.o
                0x0000000000000000                __vectors
                0x0000000000000000                __vector_default
 *(.vectors)
 *(.progmem.gcc*)
                0x0000000000000094                . = ALIGN (0x2)
                0x0000000000000094                __trampolines_start = .
 *(.trampolines)
 .trampolines   0x0000000000000094        0x0 linker stubs
 *(.trampolines*)
                0x0000000000000094                __trampolines_end = .
 *(.progmem*)
                0x0000000000000094                . = ALIGN (0x2)
 *(.jumptables)
 *(.jumptables*)
 *(.lowtext)
 *(.lowtext*)
                0x0000000000000094                __ctors_start = .
 *(.ctors)
                0x0000000000000094                __ctors_end = .
                0x0000000000000094                __dtors_start = .
 *(.dtors)
                0x0000000000000094                __dtors_end = .
 SORT(*)(.ctors)
 SORT(*)(.dtors)
 *(.init0)
 .init0         0x0000000000000094        0x0 /usr/lib/gcc/avr/4.9.2/../../../avr/lib/avr51/crtat90can128.o
                0x0000000000000094                __init
 *(.init0)
 *(.init1)
 *(.init1)
 *(.init2)
 .init2         0x0000000000000094        0xc /usr/lib/gcc/avr/4.9.2/../../../avr/lib/avr51/crtat90can128.o
 *(.init2)
 *(.init3)
 *(.init3)
 *(.init4)
 .init4         0x00000000000000a0       0x1a /usr/lib/gcc/avr/4.9.2/avr51/libgcc.a(_copy_data.o)
                0x00000000000000a0                __do_copy_data
 .init4         0x00000000000000ba       0x10 /usr/lib/gcc/avr/4.9.2/avr51/libgcc.a(_clear_bss.o)
                0x00000000000000ba                __do_clear_bss
 *(.init4)
 *(.init5)
 *(.init5)
 *(.init6)
 *(.init6)
 *(.init7)
 *(.init7)
 *(.init8)
 *(.init8)
 *(.init9)
 .init9         0x00000000000000ca        0x8 /usr/lib/gcc/avr/4.9.2/../../../avr/lib/avr51/crtat90can128.o
 *(.init9)
 *(.text)
 .text          0x00000000000000d2        0x4 /usr/lib/gcc/avr/4.9.2/../../../avr/lib/avr51/crtat90can128.o
                0x00000000000000d2                __vector_22
                0x00000000000000d2                __vector_28
                0x00000000000000d2                __vector_1
                0x00000000000000d2                __vector_24
                0x00000000000000d2                __bad_interrupt
                0x00000000000000d2                __vector_6
                0x00000000000000d2                __vector_31
                0x00000000000000d2                __vector_35
                0x00000000000000d2                __vector_3
                0x00000000000000d2                __vector_30
                0x00000000000000d2                __vector_25
                0x00000000000000d2                __vector_11
                0x00000000000000d2                __vector_13
                0x00000000000000d2                __vector_17
                0x00000000000000d2                __vector_19
                0x00000000000000d2                __vector_7
                0x00000000000000d2                __vector_27
                0x00000000000000d2                __vector_5
                0x00000000000000d2                __vector_33
                0x00000000000000d2                __vector_4
                0x00000000000000d2                __vector_9
                0x00000000000000d2                __vector_2
                0x00000000000000d2                __vector_15
                0x00000000000000d2                __vector_36
                0x00000000000000d2                __vector_29
                0x00000000000000d2                __vector_8
                0x00000000000000d2                __vector_26
                0x00000000000000d2                __vector_14
                0x00000000000000d2                __vector_10
                0x00000000000000d2                __vector_16
                0x00000000000000d2                __vector_20
 .text          0x00000000000000d6        0x0 ./src/actuator.o
 .text          0x00000000000000d6        0x0 ./src/ax.o
 .text          0x00000000000000d6        0x0 ./src/can.o
 .text          0x00000000000000d6        0x0 ./src/debug.o
 .text          0x00000000000000d6        0x0 ./src/gpio.o
 .text          0x00000000000000d6        0x0 ./src/i2c.o
 .text          0x00000000000000d6        0x0 ./src/odometry.o
 .text          0x00000000000000d6        0x0 ./src/sensors.o
 .text          0x00000000000000d6        0x0 ./src/system.o
 .text          0x00000000000000d6        0x0 ./src/usart.o
 .text          0x00000000000000d6        0x0 ./darkside.o
 .text          0x00000000000000d6        0x0 ./main.o
 .text          0x00000000000000d6        0x0 /usr/lib/gcc/avr/4.9.2/avr51/libgcc.a(_exit.o)
 .text          0x00000000000000d6        0x0 /usr/lib/gcc/avr/4.9.2/avr51/libgcc.a(_copy_data.o)
 .text          0x00000000000000d6        0x0 /usr/lib/gcc/avr/4.9.2/avr51/libgcc.a(_clear_bss.o)
 .text          0x00000000000000d6        0x0 /usr/lib/gcc/avr/4.9.2/../../../avr/lib/avr51/libm.a(addsf3.o)
 .text          0x00000000000000d6        0x0 /usr/lib/gcc/avr/4.9.2/../../../avr/lib/avr51/libm.a(addsf3x.o)
 .text          0x00000000000000d6        0x0 /usr/lib/gcc/avr/4.9.2/../../../avr/lib/avr51/libm.a(cmpsf2.o)
 .text          0x00000000000000d6        0x0 /usr/lib/gcc/avr/4.9.2/../../../avr/lib/avr51/libm.a(divsf3.o)
 .text          0x00000000000000d6        0x0 /usr/lib/gcc/avr/4.9.2/../../../avr/lib/avr51/libm.a(divsf3x.o)
 .text          0x00000000000000d6        0x0 /usr/lib/gcc/avr/4.9.2/../../../avr/lib/avr51/libm.a(fixunssfsi.o)
 .text          0x00000000000000d6        0x0 /usr/lib/gcc/avr/4.9.2/../../../avr/lib/avr51/libm.a(floatsisf.o)
 .text          0x00000000000000d6        0x0 /usr/lib/gcc/avr/4.9.2/../../../avr/lib/avr51/libm.a(fp_cmp.o)
 .text          0x00000000000000d6        0x0 /usr/lib/gcc/avr/4.9.2/../../../avr/lib/avr51/libm.a(fp_inf.o)
 .text          0x00000000000000d6        0x0 /usr/lib/gcc/avr/4.9.2/../../../avr/lib/avr51/libm.a(fp_nan.o)
 .text          0x00000000000000d6        0x0 /usr/lib/gcc/avr/4.9.2/../../../avr/lib/avr51/libm.a(fp_pscA.o)
 .text          0x00000000000000d6        0x0 /usr/lib/gcc/avr/4.9.2/../../../avr/lib/avr51/libm.a(fp_pscB.o)
 .text          0x00000000000000d6        0x0 /usr/lib/gcc/avr/4.9.2/../../../avr/lib/avr51/libm.a(fp_round.o)
 .text          0x00000000000000d6        0x0 /usr/lib/gcc/avr/4.9.2/../../../avr/lib/avr51/libm.a(fp_split3.o)
 .text          0x00000000000000d6        0x0 /usr/lib/gcc/avr/4.9.2/../../../avr/lib/avr51/libm.a(fp_zero.o)
 .text          0x00000000000000d6        0x0 /usr/lib/gcc/avr/4.9.2/../../../avr/lib/avr51/libm.a(gesf2.o)
 .text          0x00000000000000d6        0x0 /usr/lib/gcc/avr/4.9.2/../../../avr/lib/avr51/libm.a(mulsf3.o)
 .text          0x00000000000000d6        0x0 /usr/lib/gcc/avr/4.9.2/../../../avr/lib/avr51/libm.a(mulsf3x.o)
 .text          0x00000000000000d6        0x0 /usr/lib/gcc/avr/4.9.2/../../../avr/lib/avr51/libc.a(calloc.o)
 .text          0x00000000000000d6        0x0 /usr/lib/gcc/avr/4.9.2/../../../avr/lib/avr51/libc.a(malloc.o)
 .text          0x00000000000000d6        0x0 /usr/lib/gcc/avr/4.9.2/../../../avr/lib/avr51/libc.a(memset.o)
                0x00000000000000d6                . = ALIGN (0x2)
 *(.text.*)
 .text.act_servo
                0x00000000000000d6      0x156 ./src/actuator.o
                0x00000000000000d6                act_servo
 .text.setup_servo
                0x000000000000022c       0x64 ./src/actuator.o
                0x000000000000022c                setup_servo
 .text.attach_servo
                0x0000000000000290      0x140 ./src/actuator.o
                0x0000000000000290                attach_servo
 .text.detach_servo
                0x00000000000003d0      0x13e ./src/actuator.o
                0x00000000000003d0                detach_servo
 .text.act_relay
                0x000000000000050e      0x138 ./src/actuator.o
                0x000000000000050e                act_relay
 .text.act_mosfet
                0x0000000000000646      0x138 ./src/actuator.o
                0x0000000000000646                act_mosfet
 .text.AX_UART_Init
                0x000000000000077e      0x14a ./src/ax.o
                0x000000000000077e                AX_UART_Init
 .text.AX_SendChar
                0x00000000000008c8       0x34 ./src/ax.o
                0x00000000000008c8                AX_SendChar
 .text.AX_ReadChar
                0x00000000000008fc       0x24 ./src/ax.o
                0x00000000000008fc                AX_ReadChar
 .text.AX_ReadStatus
                0x0000000000000920       0x5a ./src/ax.o
                0x0000000000000920                AX_ReadStatus
 .text.AX_StopTransmitter
                0x000000000000097a       0x48 ./src/ax.o
                0x000000000000097a                AX_StopTransmitter
 .text.AX_ReleaseTransmitter
                0x00000000000009c2       0x20 ./src/ax.o
                0x00000000000009c2                AX_ReleaseTransmitter
 .text.AX_StopReceiver
                0x00000000000009e2       0x20 ./src/ax.o
                0x00000000000009e2                AX_StopReceiver
 .text.AX_ReleaseReceiver
                0x0000000000000a02       0x20 ./src/ax.o
                0x0000000000000a02                AX_ReleaseReceiver
 .text.AX_SetAngle
                0x0000000000000a22      0x22a ./src/ax.o
                0x0000000000000a22                AX_SetAngle
 .text.AX_EndlessTurn
                0x0000000000000c4c      0x164 ./src/ax.o
                0x0000000000000c4c                AX_EndlessTurn
 .text.AX_SetSpeed
                0x0000000000000db0       0xb4 ./src/ax.o
                0x0000000000000db0                AX_SetSpeed
 .text.__vector_18
                0x0000000000000e64      0x1c4 ./src/can.o
                0x0000000000000e64                __vector_18
 .text.CAN_InitModule
                0x0000000000001028       0xf6 ./src/can.o
 .text.CAN_InitRxMob
                0x000000000000111e      0x106 ./src/can.o
 .text.CAN_Init
                0x0000000000001224       0x8e ./src/can.o
                0x0000000000001224                CAN_Init
 .text.CAN_CheckRX
                0x00000000000012b2       0x24 ./src/can.o
                0x00000000000012b2                CAN_CheckRX
 .text.CAN_Read
                0x00000000000012d6       0xea ./src/can.o
                0x00000000000012d6                CAN_Read
 .text.CAN_Write
                0x00000000000013c0      0x114 ./src/can.o
                0x00000000000013c0                CAN_Write
 .text.__list_add
                0x00000000000014d4       0x64 ./src/gpio.o
 .text.list_add
                0x0000000000001538       0x3a ./src/gpio.o
 .text.gpio_register_pin
                0x0000000000001572      0x220 ./src/gpio.o
                0x0000000000001572                gpio_register_pin
 .text.gpio_write_pin
                0x0000000000001792       0xf6 ./src/gpio.o
                0x0000000000001792                gpio_write_pin
 .text.__gpio_read_pin
                0x0000000000001888       0x62 ./src/gpio.o
 .text.gpio_read_pin
                0x00000000000018ea       0xfa ./src/gpio.o
                0x00000000000018ea                gpio_read_pin
 .text.gpio_debouncer
                0x00000000000019e4       0xa6 ./src/gpio.o
                0x00000000000019e4                gpio_debouncer
 .text.i2c_init
                0x0000000000001a8a       0x18 ./src/i2c.o
                0x0000000000001a8a                i2c_init
 .text.i2c_start
                0x0000000000001aa2       0x8e ./src/i2c.o
                0x0000000000001aa2                i2c_start
 .text.i2c_write
                0x0000000000001b30       0x50 ./src/i2c.o
                0x0000000000001b30                i2c_write
 .text.i2c_read_ack
                0x0000000000001b80       0x2e ./src/i2c.o
                0x0000000000001b80                i2c_read_ack
 .text.i2c_read_nack
                0x0000000000001bae       0x2e ./src/i2c.o
                0x0000000000001bae                i2c_read_nack
 .text.i2c_transmit
                0x0000000000001bdc       0x7e ./src/i2c.o
                0x0000000000001bdc                i2c_transmit
 .text.i2c_receive
                0x0000000000001c5a       0xa0 ./src/i2c.o
                0x0000000000001c5a                i2c_receive
 .text.i2c_writeReg
                0x0000000000001cfa       0x86 ./src/i2c.o
                0x0000000000001cfa                i2c_writeReg
 .text.i2c_readReg
                0x0000000000001d80       0xb6 ./src/i2c.o
                0x0000000000001d80                i2c_readReg
 .text.i2c_stop
                0x0000000000001e36       0x18 ./src/i2c.o
                0x0000000000001e36                i2c_stop
 .text.odometry_set_speed
                0x0000000000001e4e      0x138 ./src/odometry.o
                0x0000000000001e4e                odometry_set_speed
 .text.odometry_query_position
                0x0000000000001f86      0x184 ./src/odometry.o
                0x0000000000001f86                odometry_query_position
 .text.odometry_wait_until_done
                0x000000000000210a       0x6e ./src/odometry.o
 .text.odometry_stop
                0x0000000000002178      0x13a ./src/odometry.o
                0x0000000000002178                odometry_stop
 .text.odometry_move_straight
                0x00000000000022b2      0x148 ./src/odometry.o
                0x00000000000022b2                odometry_move_straight
 .text.odometry_move_to_position
                0x00000000000023fa      0x17c ./src/odometry.o
                0x00000000000023fa                odometry_move_to_position
 .text.odometry_set_position
                0x0000000000002576      0x1b4 ./src/odometry.o
                0x0000000000002576                odometry_set_position
 .text.odometry_rotate_for
                0x000000000000272a      0x146 ./src/odometry.o
                0x000000000000272a                odometry_rotate_for
 .text.odometry_set_angle
                0x0000000000002870      0x146 ./src/odometry.o
                0x0000000000002870                odometry_set_angle
 .text.odometry_kurva
                0x00000000000029b6      0x180 ./src/odometry.o
                0x00000000000029b6                odometry_kurva
 .text.match_end_odometry
                0x0000000000002b36      0x120 ./src/odometry.o
                0x0000000000002b36                match_end_odometry
 .text.getState
                0x0000000000002c56       0x16 ./src/odometry.o
                0x0000000000002c56                getState
 .text.odometry_get_x
                0x0000000000002c6c       0x1a ./src/odometry.o
                0x0000000000002c6c                odometry_get_x
 .text.odometry_get_y
                0x0000000000002c86       0x1a ./src/odometry.o
                0x0000000000002c86                odometry_get_y
 .text.odometry_get_angle
                0x0000000000002ca0       0x1a ./src/odometry.o
                0x0000000000002ca0                odometry_get_angle
 .text.timer_register_callback
                0x0000000000002cba       0x24 ./src/system.o
                0x0000000000002cba                timer_register_callback
 .text.timer_init
                0x0000000000002cde       0xa2 ./src/system.o
                0x0000000000002cde                timer_init
 .text.__vector_12
                0x0000000000002d80       0xc2 ./src/system.o
                0x0000000000002d80                __vector_12
 .text.system_reset_system_time
                0x0000000000002e42       0x1e ./src/system.o
                0x0000000000002e42                system_reset_system_time
 .text.system_set_match_started
                0x0000000000002e60       0x14 ./src/system.o
                0x0000000000002e60                system_set_match_started
 .text.system_get_system_time
                0x0000000000002e74       0x22 ./src/system.o
                0x0000000000002e74                system_get_system_time
 .text.system_get_match_started
                0x0000000000002e96       0x12 ./src/system.o
                0x0000000000002e96                system_get_match_started
 .text.system_init
                0x0000000000002ea8      0x118 ./src/system.o
                0x0000000000002ea8                system_init
 .text.UART0_Init
                0x0000000000002fc0      0x100 ./src/usart.o
                0x0000000000002fc0                UART0_Init
 .text.__vector_23
                0x00000000000030c0       0x84 ./src/usart.o
                0x00000000000030c0                __vector_23
 .text.UART0_Write
                0x0000000000003144       0x9c ./src/usart.o
                0x0000000000003144                UART0_Write
 .text.__vector_21
                0x00000000000031e0       0x98 ./src/usart.o
                0x00000000000031e0                __vector_21
 .text.UART0_Read
                0x0000000000003278       0x8e ./src/usart.o
                0x0000000000003278                UART0_Read
 .text.UART1_Init
                0x0000000000003306      0x100 ./src/usart.o
                0x0000000000003306                UART1_Init
 .text.__vector_34
                0x0000000000003406       0x84 ./src/usart.o
                0x0000000000003406                __vector_34
 .text.__vector_32
                0x000000000000348a       0x98 ./src/usart.o
                0x000000000000348a                __vector_32
 .text.altUart0Write
                0x0000000000003522       0x34 ./src/usart.o
                0x0000000000003522                altUart0Write
 .text.altUart1Write
                0x0000000000003556       0x34 ./src/usart.o
                0x0000000000003556                altUart1Write
 .text.UART1_Write
                0x000000000000358a       0x9c ./src/usart.o
                0x000000000000358a                UART1_Write
 .text.UART1_Read
                0x0000000000003626       0x8e ./src/usart.o
                0x0000000000003626                UART1_Read
 .text.UART1_Buffer
                0x00000000000036b4       0x3c ./src/usart.o
                0x00000000000036b4                UART1_Buffer
 .text.wait_on_detection_tactic_one
                0x00000000000036f0      0x12e ./darkside.o
                0x00000000000036f0                wait_on_detection_tactic_one
 .text.darkside
                0x000000000000381e      0x1d2 ./darkside.o
                0x000000000000381e                darkside
 .text.main     0x00000000000039f0       0x1a ./main.o
                0x00000000000039f0                main
 .text.libgcc.mul
                0x0000000000003a0a        0x0 /usr/lib/gcc/avr/4.9.2/avr51/libgcc.a(_exit.o)
 .text.libgcc.div
                0x0000000000003a0a        0x0 /usr/lib/gcc/avr/4.9.2/avr51/libgcc.a(_exit.o)
 .text.libgcc   0x0000000000003a0a        0x0 /usr/lib/gcc/avr/4.9.2/avr51/libgcc.a(_exit.o)
 .text.libgcc.prologue
                0x0000000000003a0a        0x0 /usr/lib/gcc/avr/4.9.2/avr51/libgcc.a(_exit.o)
 .text.libgcc.builtins
                0x0000000000003a0a        0x0 /usr/lib/gcc/avr/4.9.2/avr51/libgcc.a(_exit.o)
 .text.libgcc.fmul
                0x0000000000003a0a        0x0 /usr/lib/gcc/avr/4.9.2/avr51/libgcc.a(_exit.o)
 .text.libgcc.fixed
                0x0000000000003a0a        0x0 /usr/lib/gcc/avr/4.9.2/avr51/libgcc.a(_exit.o)
 .text.libgcc.mul
                0x0000000000003a0a        0x0 /usr/lib/gcc/avr/4.9.2/avr51/libgcc.a(_copy_data.o)
 .text.libgcc.div
                0x0000000000003a0a        0x0 /usr/lib/gcc/avr/4.9.2/avr51/libgcc.a(_copy_data.o)
 .text.libgcc   0x0000000000003a0a        0x0 /usr/lib/gcc/avr/4.9.2/avr51/libgcc.a(_copy_data.o)
 .text.libgcc.prologue
                0x0000000000003a0a        0x0 /usr/lib/gcc/avr/4.9.2/avr51/libgcc.a(_copy_data.o)
 .text.libgcc.builtins
                0x0000000000003a0a        0x0 /usr/lib/gcc/avr/4.9.2/avr51/libgcc.a(_copy_data.o)
 .text.libgcc.fmul
                0x0000000000003a0a        0x0 /usr/lib/gcc/avr/4.9.2/avr51/libgcc.a(_copy_data.o)
 .text.libgcc.fixed
                0x0000000000003a0a        0x0 /usr/lib/gcc/avr/4.9.2/avr51/libgcc.a(_copy_data.o)
 .text.libgcc.mul
                0x0000000000003a0a        0x0 /usr/lib/gcc/avr/4.9.2/avr51/libgcc.a(_clear_bss.o)
 .text.libgcc.div
                0x0000000000003a0a        0x0 /usr/lib/gcc/avr/4.9.2/avr51/libgcc.a(_clear_bss.o)
 .text.libgcc   0x0000000000003a0a        0x0 /usr/lib/gcc/avr/4.9.2/avr51/libgcc.a(_clear_bss.o)
 .text.libgcc.prologue
                0x0000000000003a0a        0x0 /usr/lib/gcc/avr/4.9.2/avr51/libgcc.a(_clear_bss.o)
 .text.libgcc.builtins
                0x0000000000003a0a        0x0 /usr/lib/gcc/avr/4.9.2/avr51/libgcc.a(_clear_bss.o)
 .text.libgcc.fmul
                0x0000000000003a0a        0x0 /usr/lib/gcc/avr/4.9.2/avr51/libgcc.a(_clear_bss.o)
 .text.libgcc.fixed
                0x0000000000003a0a        0x0 /usr/lib/gcc/avr/4.9.2/avr51/libgcc.a(_clear_bss.o)
 .text.avr-libc.fplib
                0x0000000000003a0a        0xe /usr/lib/gcc/avr/4.9.2/../../../avr/lib/avr51/libm.a(addsf3.o)
                0x0000000000003a0a                __subsf3
                0x0000000000003a0c                __addsf3
 .text.avr-libc.fplib
                0x0000000000003a18       0xcc /usr/lib/gcc/avr/4.9.2/../../../avr/lib/avr51/libm.a(addsf3x.o)
                0x0000000000003a3a                __addsf3x
 .text.avr-libc.fplib
                0x0000000000003ae4        0xa /usr/lib/gcc/avr/4.9.2/../../../avr/lib/avr51/libm.a(cmpsf2.o)
                0x0000000000003ae4                __lesf2
                0x0000000000003ae4                __nesf2
                0x0000000000003ae4                __eqsf2
                0x0000000000003ae4                __cmpsf2
                0x0000000000003ae4                __ltsf2
 .text.avr-libc.fplib
                0x0000000000003aee        0x8 /usr/lib/gcc/avr/4.9.2/../../../avr/lib/avr51/libm.a(divsf3.o)
                0x0000000000003aee                __divsf3
 .text.avr-libc.fplib
                0x0000000000003af6       0xdc /usr/lib/gcc/avr/4.9.2/../../../avr/lib/avr51/libm.a(divsf3x.o)
                0x0000000000003b16                __divsf3x
                0x0000000000003b1c                __divsf3_pse
 .text.avr-libc.fplib
                0x0000000000003bd2       0x5e /usr/lib/gcc/avr/4.9.2/../../../avr/lib/avr51/libm.a(fixunssfsi.o)
                0x0000000000003bd2                __fixunssfsi
 .text.avr-libc.fplib
                0x0000000000003c30       0x7a /usr/lib/gcc/avr/4.9.2/../../../avr/lib/avr51/libm.a(floatsisf.o)
                0x0000000000003c30                __floatunsisf
                0x0000000000003c34                __floatsisf
 .text.avr-libc.fplib
                0x0000000000003caa       0x48 /usr/lib/gcc/avr/4.9.2/../../../avr/lib/avr51/libm.a(fp_cmp.o)
                0x0000000000003caa                __fp_cmp
 .text.avr-libc.fplib
                0x0000000000003cf2        0xc /usr/lib/gcc/avr/4.9.2/../../../avr/lib/avr51/libm.a(fp_inf.o)
                0x0000000000003cf2                __fp_inf
 .text.avr-libc.fplib
                0x0000000000003cfe        0x6 /usr/lib/gcc/avr/4.9.2/../../../avr/lib/avr51/libm.a(fp_nan.o)
                0x0000000000003cfe                __fp_nan
 .text.avr-libc.fplib
                0x0000000000003d04        0xe /usr/lib/gcc/avr/4.9.2/../../../avr/lib/avr51/libm.a(fp_pscA.o)
                0x0000000000003d04                __fp_pscA
 .text.avr-libc.fplib
                0x0000000000003d12        0xe /usr/lib/gcc/avr/4.9.2/../../../avr/lib/avr51/libm.a(fp_pscB.o)
                0x0000000000003d12                __fp_pscB
 .text.avr-libc.fplib
                0x0000000000003d20       0x22 /usr/lib/gcc/avr/4.9.2/../../../avr/lib/avr51/libm.a(fp_round.o)
                0x0000000000003d20                __fp_round
 .text.avr-libc.fplib
                0x0000000000003d42       0x44 /usr/lib/gcc/avr/4.9.2/../../../avr/lib/avr51/libm.a(fp_split3.o)
                0x0000000000003d42                __fp_split3
                0x0000000000003d52                __fp_splitA
 .text.avr-libc.fplib
                0x0000000000003d86        0xe /usr/lib/gcc/avr/4.9.2/../../../avr/lib/avr51/libm.a(fp_zero.o)
                0x0000000000003d86                __fp_zero
                0x0000000000003d88                __fp_szero
 .text.avr-libc.fplib
                0x0000000000003d94        0xa /usr/lib/gcc/avr/4.9.2/../../../avr/lib/avr51/libm.a(gesf2.o)
                0x0000000000003d94                __gtsf2
                0x0000000000003d94                __gesf2
 .text.avr-libc.fplib
                0x0000000000003d9e        0x8 /usr/lib/gcc/avr/4.9.2/../../../avr/lib/avr51/libm.a(mulsf3.o)
                0x0000000000003d9e                __mulsf3
 .text.avr-libc.fplib
                0x0000000000003da6       0xd2 /usr/lib/gcc/avr/4.9.2/../../../avr/lib/avr51/libm.a(mulsf3x.o)
                0x0000000000003dc4                __mulsf3x
                0x0000000000003dca                __mulsf3_pse
 .text.avr-libc
                0x0000000000003e78       0x38 /usr/lib/gcc/avr/4.9.2/../../../avr/lib/avr51/libc.a(calloc.o)
                0x0000000000003e78                calloc
 .text.avr-libc
                0x0000000000003eb0      0x25a /usr/lib/gcc/avr/4.9.2/../../../avr/lib/avr51/libc.a(malloc.o)
                0x0000000000003eb0                malloc
                0x0000000000003fda                free
 .text.avr-libc
                0x000000000000410a        0xe /usr/lib/gcc/avr/4.9.2/../../../avr/lib/avr51/libc.a(memset.o)
                0x000000000000410a                memset
                0x0000000000004118                . = ALIGN (0x2)
 *(.fini9)
 .fini9         0x0000000000004118        0x0 /usr/lib/gcc/avr/4.9.2/avr51/libgcc.a(_exit.o)
                0x0000000000004118                exit
                0x0000000000004118                _exit
 *(.fini9)
 *(.fini8)
 *(.fini8)
 *(.fini7)
 *(.fini7)
 *(.fini6)
 *(.fini6)
 *(.fini5)
 *(.fini5)
 *(.fini4)
 *(.fini4)
 *(.fini3)
 *(.fini3)
 *(.fini2)
 *(.fini2)
 *(.fini1)
 *(.fini1)
 *(.fini0)
 .fini0         0x0000000000004118        0x4 /usr/lib/gcc/avr/4.9.2/avr51/libgcc.a(_exit.o)
 *(.fini0)
                0x000000000000411c                _etext = .

.data           0x0000000000800100       0x1e load address 0x000000000000411c
                0x0000000000800100                PROVIDE (__data_start, .)
 *(.data)
 .data          0x0000000000800100        0x0 /usr/lib/gcc/avr/4.9.2/../../../avr/lib/avr51/crtat90can128.o
 .data          0x0000000000800100        0x0 ./src/actuator.o
 .data          0x0000000000800100        0x0 ./src/ax.o
 .data          0x0000000000800100        0x0 ./src/can.o
 .data          0x0000000000800100        0x0 ./src/debug.o
 .data          0x0000000000800100        0x0 ./src/gpio.o
 .data          0x0000000000800100        0x0 ./src/i2c.o
 .data          0x0000000000800100        0x0 ./src/odometry.o
 .data          0x0000000000800100        0x0 ./src/sensors.o
 .data          0x0000000000800100        0x0 ./src/system.o
 .data          0x0000000000800100        0x0 ./src/usart.o
 .data          0x0000000000800100        0x0 ./darkside.o
 .data          0x0000000000800100        0x0 ./main.o
 .data          0x0000000000800100        0x0 /usr/lib/gcc/avr/4.9.2/avr51/libgcc.a(_exit.o)
 .data          0x0000000000800100        0x0 /usr/lib/gcc/avr/4.9.2/avr51/libgcc.a(_copy_data.o)
 .data          0x0000000000800100        0x0 /usr/lib/gcc/avr/4.9.2/avr51/libgcc.a(_clear_bss.o)
 .data          0x0000000000800100        0x0 /usr/lib/gcc/avr/4.9.2/../../../avr/lib/avr51/libm.a(addsf3.o)
 .data          0x0000000000800100        0x0 /usr/lib/gcc/avr/4.9.2/../../../avr/lib/avr51/libm.a(addsf3x.o)
 .data          0x0000000000800100        0x0 /usr/lib/gcc/avr/4.9.2/../../../avr/lib/avr51/libm.a(cmpsf2.o)
 .data          0x0000000000800100        0x0 /usr/lib/gcc/avr/4.9.2/../../../avr/lib/avr51/libm.a(divsf3.o)
 .data          0x0000000000800100        0x0 /usr/lib/gcc/avr/4.9.2/../../../avr/lib/avr51/libm.a(divsf3x.o)
 .data          0x0000000000800100        0x0 /usr/lib/gcc/avr/4.9.2/../../../avr/lib/avr51/libm.a(fixunssfsi.o)
 .data          0x0000000000800100        0x0 /usr/lib/gcc/avr/4.9.2/../../../avr/lib/avr51/libm.a(floatsisf.o)
 .data          0x0000000000800100        0x0 /usr/lib/gcc/avr/4.9.2/../../../avr/lib/avr51/libm.a(fp_cmp.o)
 .data          0x0000000000800100        0x0 /usr/lib/gcc/avr/4.9.2/../../../avr/lib/avr51/libm.a(fp_inf.o)
 .data          0x0000000000800100        0x0 /usr/lib/gcc/avr/4.9.2/../../../avr/lib/avr51/libm.a(fp_nan.o)
 .data          0x0000000000800100        0x0 /usr/lib/gcc/avr/4.9.2/../../../avr/lib/avr51/libm.a(fp_pscA.o)
 .data          0x0000000000800100        0x0 /usr/lib/gcc/avr/4.9.2/../../../avr/lib/avr51/libm.a(fp_pscB.o)
 .data          0x0000000000800100        0x0 /usr/lib/gcc/avr/4.9.2/../../../avr/lib/avr51/libm.a(fp_round.o)
 .data          0x0000000000800100        0x0 /usr/lib/gcc/avr/4.9.2/../../../avr/lib/avr51/libm.a(fp_split3.o)
 .data          0x0000000000800100        0x0 /usr/lib/gcc/avr/4.9.2/../../../avr/lib/avr51/libm.a(fp_zero.o)
 .data          0x0000000000800100        0x0 /usr/lib/gcc/avr/4.9.2/../../../avr/lib/avr51/libm.a(gesf2.o)
 .data          0x0000000000800100        0x0 /usr/lib/gcc/avr/4.9.2/../../../avr/lib/avr51/libm.a(mulsf3.o)
 .data          0x0000000000800100        0x0 /usr/lib/gcc/avr/4.9.2/../../../avr/lib/avr51/libm.a(mulsf3x.o)
 .data          0x0000000000800100        0x0 /usr/lib/gcc/avr/4.9.2/../../../avr/lib/avr51/libc.a(calloc.o)
 .data          0x0000000000800100        0x6 /usr/lib/gcc/avr/4.9.2/../../../avr/lib/avr51/libc.a(malloc.o)
                0x0000000000800100                __malloc_heap_end
                0x0000000000800102                __malloc_heap_start
                0x0000000000800104                __malloc_margin
 .data          0x0000000000800106        0x0 /usr/lib/gcc/avr/4.9.2/../../../avr/lib/avr51/libc.a(memset.o)
 *(.data*)
 .data.gpio_inputs
                0x0000000000800106        0x4 ./src/gpio.o
                0x0000000000800106                gpio_inputs
 .data.position
                0x000000000080010a        0x7 ./src/odometry.o
                0x000000000080010a                position
 .data.active_state
                0x0000000000800111        0x1 ./darkside.o
                0x0000000000800111                active_state
 *(.rodata)
 *(.rodata*)
 .rodata.TACTIC_ONE_POSITION
                0x0000000000800112        0xb ./darkside.o
                0x0000000000800112                TACTIC_ONE_POSITION
 *(.gnu.linkonce.d*)
                0x000000000080011e                . = ALIGN (0x2)
 *fill*         0x000000000080011d        0x1 
                0x000000000080011e                _edata = .
                0x000000000080011e                PROVIDE (__data_end, .)

.bss            0x000000000080011e      0x156
                0x000000000080011e                PROVIDE (__bss_start, .)
 *(.bss)
 .bss           0x000000000080011e        0x0 /usr/lib/gcc/avr/4.9.2/../../../avr/lib/avr51/crtat90can128.o
 .bss           0x000000000080011e        0x0 ./src/actuator.o
 .bss           0x000000000080011e        0x0 ./src/ax.o
 .bss           0x000000000080011e        0x0 ./src/can.o
 .bss           0x000000000080011e        0x0 ./src/debug.o
 .bss           0x000000000080011e        0x0 ./src/gpio.o
 .bss           0x000000000080011e        0x0 ./src/i2c.o
 .bss           0x000000000080011e        0x0 ./src/odometry.o
 .bss           0x000000000080011e        0x0 ./src/sensors.o
 .bss           0x000000000080011e        0x0 ./src/system.o
 .bss           0x000000000080011e        0x0 ./src/usart.o
 .bss           0x000000000080011e        0x0 ./darkside.o
 .bss           0x000000000080011e        0x0 ./main.o
 .bss           0x000000000080011e        0x0 /usr/lib/gcc/avr/4.9.2/avr51/libgcc.a(_exit.o)
 .bss           0x000000000080011e        0x0 /usr/lib/gcc/avr/4.9.2/avr51/libgcc.a(_copy_data.o)
 .bss           0x000000000080011e        0x0 /usr/lib/gcc/avr/4.9.2/avr51/libgcc.a(_clear_bss.o)
 .bss           0x000000000080011e        0x0 /usr/lib/gcc/avr/4.9.2/../../../avr/lib/avr51/libm.a(addsf3.o)
 .bss           0x000000000080011e        0x0 /usr/lib/gcc/avr/4.9.2/../../../avr/lib/avr51/libm.a(addsf3x.o)
 .bss           0x000000000080011e        0x0 /usr/lib/gcc/avr/4.9.2/../../../avr/lib/avr51/libm.a(cmpsf2.o)
 .bss           0x000000000080011e        0x0 /usr/lib/gcc/avr/4.9.2/../../../avr/lib/avr51/libm.a(divsf3.o)
 .bss           0x000000000080011e        0x0 /usr/lib/gcc/avr/4.9.2/../../../avr/lib/avr51/libm.a(divsf3x.o)
 .bss           0x000000000080011e        0x0 /usr/lib/gcc/avr/4.9.2/../../../avr/lib/avr51/libm.a(fixunssfsi.o)
 .bss           0x000000000080011e        0x0 /usr/lib/gcc/avr/4.9.2/../../../avr/lib/avr51/libm.a(floatsisf.o)
 .bss           0x000000000080011e        0x0 /usr/lib/gcc/avr/4.9.2/../../../avr/lib/avr51/libm.a(fp_cmp.o)
 .bss           0x000000000080011e        0x0 /usr/lib/gcc/avr/4.9.2/../../../avr/lib/avr51/libm.a(fp_inf.o)
 .bss           0x000000000080011e        0x0 /usr/lib/gcc/avr/4.9.2/../../../avr/lib/avr51/libm.a(fp_nan.o)
 .bss           0x000000000080011e        0x0 /usr/lib/gcc/avr/4.9.2/../../../avr/lib/avr51/libm.a(fp_pscA.o)
 .bss           0x000000000080011e        0x0 /usr/lib/gcc/avr/4.9.2/../../../avr/lib/avr51/libm.a(fp_pscB.o)
 .bss           0x000000000080011e        0x0 /usr/lib/gcc/avr/4.9.2/../../../avr/lib/avr51/libm.a(fp_round.o)
 .bss           0x000000000080011e        0x0 /usr/lib/gcc/avr/4.9.2/../../../avr/lib/avr51/libm.a(fp_split3.o)
 .bss           0x000000000080011e        0x0 /usr/lib/gcc/avr/4.9.2/../../../avr/lib/avr51/libm.a(fp_zero.o)
 .bss           0x000000000080011e        0x0 /usr/lib/gcc/avr/4.9.2/../../../avr/lib/avr51/libm.a(gesf2.o)
 .bss           0x000000000080011e        0x0 /usr/lib/gcc/avr/4.9.2/../../../avr/lib/avr51/libm.a(mulsf3.o)
 .bss           0x000000000080011e        0x0 /usr/lib/gcc/avr/4.9.2/../../../avr/lib/avr51/libm.a(mulsf3x.o)
 .bss           0x000000000080011e        0x0 /usr/lib/gcc/avr/4.9.2/../../../avr/lib/avr51/libc.a(calloc.o)
 .bss           0x000000000080011e        0x0 /usr/lib/gcc/avr/4.9.2/../../../avr/lib/avr51/libc.a(malloc.o)
 .bss           0x000000000080011e        0x0 /usr/lib/gcc/avr/4.9.2/../../../avr/lib/avr51/libc.a(memset.o)
 *(.bss*)
 .bss.rxBuffers
                0x000000000080011e       0x14 ./src/can.o
 .bss.rxWrIndex
                0x0000000000800132        0xa ./src/can.o
 .bss.rxRdIndex
                0x000000000080013c        0xa ./src/can.o
 .bss.rxCounter
                0x0000000000800146        0xa ./src/can.o
 .bss.test      0x0000000000800150        0x2 ./src/gpio.o
                0x0000000000800150                test
 .bss.count.1762
                0x0000000000800152        0x2 ./src/gpio.o
 .bss.current_speed
                0x0000000000800154        0x1 ./src/odometry.o
 .bss.sys_time  0x0000000000800155        0x4 ./src/system.o
 .bss.match_started
                0x0000000000800159        0x1 ./src/system.o
 .bss.timer_callback
                0x000000000080015a        0x2 ./src/system.o
 .bss.received  0x000000000080015c        0x2 ./src/system.o
                0x000000000080015c                received
 .bss.tx0_buffer
                0x000000000080015e       0x40 ./src/usart.o
 .bss.tx0_wr_index
                0x000000000080019e        0x1 ./src/usart.o
 .bss.tx0_counter
                0x000000000080019f        0x1 ./src/usart.o
 .bss.tx0_rd_index
                0x00000000008001a0        0x1 ./src/usart.o
 .bss.rx0_buffer
                0x00000000008001a1       0x40 ./src/usart.o
 .bss.rx0_wr_index
                0x00000000008001e1        0x1 ./src/usart.o
 .bss.rx0_counter
                0x00000000008001e2        0x1 ./src/usart.o
 .bss.rx0_rd_index
                0x00000000008001e3        0x1 ./src/usart.o
 .bss.tx1_buffer
                0x00000000008001e4       0x40 ./src/usart.o
 .bss.tx1_wr_index
                0x0000000000800224        0x1 ./src/usart.o
 .bss.tx1_counter
                0x0000000000800225        0x1 ./src/usart.o
 .bss.tx1_rd_index
                0x0000000000800226        0x1 ./src/usart.o
 .bss.rx1_buffer
                0x0000000000800227       0x40 ./src/usart.o
 .bss.rx1_wr_index
                0x0000000000800267        0x1 ./src/usart.o
 .bss.rx1_counter
                0x0000000000800268        0x1 ./src/usart.o
 .bss.rx1_rd_index
                0x0000000000800269        0x1 ./src/usart.o
 .bss.current_position
                0x000000000080026a        0x1 ./darkside.o
                0x000000000080026a                current_position
 .bss.next_position
                0x000000000080026b        0x1 ./darkside.o
                0x000000000080026b                next_position
 *(COMMON)
 COMMON         0x000000000080026c        0x3 ./src/actuator.o
                0x000000000080026c                servo1
 COMMON         0x000000000080026f        0x1 ./darkside.o
                0x000000000080026f                odometry_status
 COMMON         0x0000000000800270        0x4 /usr/lib/gcc/avr/4.9.2/../../../avr/lib/avr51/libc.a(malloc.o)
                0x0000000000800270                __brkval
                0x0000000000800272                __flp
                0x0000000000800274                PROVIDE (__bss_end, .)
                0x000000000000411c                __data_load_start = LOADADDR (.data)
                0x000000000000413a                __data_load_end = (__data_load_start + SIZEOF (.data))

.noinit         0x0000000000800274        0x0
                0x0000000000800274                PROVIDE (__noinit_start, .)
 *(.noinit*)
                0x0000000000800274                PROVIDE (__noinit_end, .)
                0x0000000000800274                _end = .
                0x0000000000800274                PROVIDE (__heap_start, .)

.eeprom         0x0000000000810000        0x0
 *(.eeprom*)
                0x0000000000810000                __eeprom_end = .

.fuse
 *(.fuse)
 *(.lfuse)
 *(.hfuse)
 *(.efuse)

.lock
 *(.lock*)

.signature
 *(.signature*)

.user_signatures
 *(.user_signatures*)

.stab           0x0000000000000000     0x6840
 *(.stab)
 .stab          0x0000000000000000      0xcf0 ./src/actuator.o
 .stab          0x0000000000000cf0      0xb4c ./src/ax.o
                                        0xd14 (size before relaxing)
 .stab          0x000000000000183c      0xae0 ./src/can.o
                                        0xd14 (size before relaxing)
 .stab          0x000000000000231c      0x258 ./src/debug.o
                                        0x264 (size before relaxing)
 .stab          0x0000000000002574      0x99c ./src/gpio.o
                                        0xbb8 (size before relaxing)
 .stab          0x0000000000002f10      0x8dc ./src/i2c.o
                                        0xaa4 (size before relaxing)
 .stab          0x00000000000037ec     0x1368 ./src/odometry.o
                                       0x1584 (size before relaxing)
 .stab          0x0000000000004b54      0x2b8 ./src/sensors.o
                                        0x4c8 (size before relaxing)
 .stab          0x0000000000004e0c      0x600 ./src/system.o
                                        0x894 (size before relaxing)
 .stab          0x000000000000540c      0xb04 ./src/usart.o
                                        0xccc (size before relaxing)
 .stab          0x0000000000005f10      0x5f4 ./darkside.o
                                        0x858 (size before relaxing)
 .stab          0x0000000000006504      0x33c ./main.o
                                        0x60c (size before relaxing)

.stabstr        0x0000000000000000     0x2309
 *(.stabstr)
 .stabstr       0x0000000000000000     0x2309 ./src/actuator.o

.stab.excl
 *(.stab.excl)

.stab.exclstr
 *(.stab.exclstr)

.stab.index
 *(.stab.index)

.stab.indexstr
 *(.stab.indexstr)

.comment        0x0000000000000000       0x11
 *(.comment)
 .comment       0x0000000000000000       0x11 ./src/actuator.o
                                         0x12 (size before relaxing)
 .comment       0x0000000000000011       0x12 ./src/ax.o
 .comment       0x0000000000000011       0x12 ./src/can.o
 .comment       0x0000000000000011       0x12 ./src/debug.o
 .comment       0x0000000000000011       0x12 ./src/gpio.o
 .comment       0x0000000000000011       0x12 ./src/i2c.o
 .comment       0x0000000000000011       0x12 ./src/odometry.o
 .comment       0x0000000000000011       0x12 ./src/sensors.o
 .comment       0x0000000000000011       0x12 ./src/system.o
 .comment       0x0000000000000011       0x12 ./src/usart.o
 .comment       0x0000000000000011       0x12 ./darkside.o
 .comment       0x0000000000000011       0x12 ./main.o
 .comment       0x0000000000000011       0x12 /usr/lib/gcc/avr/4.9.2/../../../avr/lib/avr51/libc.a(calloc.o)
 .comment       0x0000000000000011       0x12 /usr/lib/gcc/avr/4.9.2/../../../avr/lib/avr51/libc.a(malloc.o)

.note.gnu.avr.deviceinfo
                0x0000000000000000       0x40
 .note.gnu.avr.deviceinfo
                0x0000000000000000       0x40 /usr/lib/gcc/avr/4.9.2/../../../avr/lib/avr51/crtat90can128.o

.note.gnu.build-id
 *(.note.gnu.build-id)

.debug
 *(.debug)

.line
 *(.line)

.debug_srcinfo
 *(.debug_srcinfo)

.debug_sfnames
 *(.debug_sfnames)

.debug_aranges
 *(.debug_aranges)

.debug_pubnames
 *(.debug_pubnames)

.debug_info
 *(.debug_info .gnu.linkonce.wi.*)

.debug_abbrev
 *(.debug_abbrev)

.debug_line
 *(.debug_line .debug_line.* .debug_line_end)

.debug_frame
 *(.debug_frame)

.debug_str
 *(.debug_str)

.debug_loc
 *(.debug_loc)

.debug_macinfo
 *(.debug_macinfo)

.debug_weaknames
 *(.debug_weaknames)

.debug_funcnames
 *(.debug_funcnames)

.debug_typenames
 *(.debug_typenames)

.debug_varnames
 *(.debug_varnames)

.debug_pubtypes
 *(.debug_pubtypes)

.debug_ranges
 *(.debug_ranges)

.debug_macro
 *(.debug_macro)
OUTPUT(EP_Framework_Atmel.elf elf32-avr)
LOAD linker stubs
